[DEBUG] 2023-05-06 10:56:29.179 [main] InternalLoggerFactory:76-Using Log4J2 as the default logging framework
[DEBUG] 2023-05-06 10:56:29.188 [main] ResourceLeakDetector:129--Dio.netty.leakDetection.level: simple
[DEBUG] 2023-05-06 10:56:29.188 [main] ResourceLeakDetector:130--Dio.netty.leakDetection.targetRecords: 4
[DEBUG] 2023-05-06 10:56:29.193 [main] ResourceLeakDetectorFactory:196-Loaded default ResourceLeakDetector: io.netty.util.ResourceLeakDetector@dca2615
[DEBUG] 2023-05-06 10:56:29.214 [main] PlatformDependent0:460--Dio.netty.noUnsafe: false
[DEBUG] 2023-05-06 10:56:29.215 [main] PlatformDependent0:954-Java version: 11
[DEBUG] 2023-05-06 10:56:29.216 [main] PlatformDependent0:135-sun.misc.Unsafe.theUnsafe: available
[DEBUG] 2023-05-06 10:56:29.217 [main] PlatformDependent0:159-sun.misc.Unsafe.copyMemory: available
[DEBUG] 2023-05-06 10:56:29.218 [main] PlatformDependent0:202-java.nio.Buffer.address: available
[DEBUG] 2023-05-06 10:56:29.219 [main] PlatformDependent0:285-direct buffer constructor: unavailable: Reflective setAccessible(true) disabled
[DEBUG] 2023-05-06 10:56:29.220 [main] PlatformDependent0:350-java.nio.Bits.unaligned: available, true
[DEBUG] 2023-05-06 10:56:29.221 [main] PlatformDependent0:417-jdk.internal.misc.Unsafe.allocateUninitializedArray(int): unavailable: class io.netty.util.internal.PlatformDependent0$6 cannot access class jdk.internal.misc.Unsafe (in module java.base) because module java.base does not export jdk.internal.misc to unnamed module @cfbc8e8
[DEBUG] 2023-05-06 10:56:29.222 [main] PlatformDependent0:446-java.nio.DirectByteBuffer.<init>(long, int): unavailable
[DEBUG] 2023-05-06 10:56:29.222 [main] PlatformDependent:1103-sun.misc.Unsafe: available
[DEBUG] 2023-05-06 10:56:29.223 [main] PlatformDependent:1205-maxDirectMemory: 2109734912 bytes (maybe)
[DEBUG] 2023-05-06 10:56:29.223 [main] PlatformDependent:1224--Dio.netty.tmpdir: C:\Users\YURAKO~1.000\AppData\Local\Temp (java.io.tmpdir)
[DEBUG] 2023-05-06 10:56:29.223 [main] PlatformDependent:1303--Dio.netty.bitMode: 64 (sun.arch.data.model)
[DEBUG] 2023-05-06 10:56:29.223 [main] PlatformDependent:1063-Platform: Windows
[DEBUG] 2023-05-06 10:56:29.224 [main] PlatformDependent:178--Dio.netty.maxDirectMemory: -1 bytes
[DEBUG] 2023-05-06 10:56:29.224 [main] PlatformDependent:185--Dio.netty.uninitializedArrayAllocationThreshold: -1
[DEBUG] 2023-05-06 10:56:29.225 [main] CleanerJava9:71-java.nio.ByteBuffer.cleaner(): available
[DEBUG] 2023-05-06 10:56:29.225 [main] PlatformDependent:205--Dio.netty.noPreferDirect: false
[DEBUG] 2023-05-06 10:56:29.230 [main] PlatformDependent:967-org.jctools-core.MpscChunkedArrayQueue: available
[DEBUG] 2023-05-06 10:56:29.270 [main] InternalThreadLocalMap:83--Dio.netty.threadLocalMap.stringBuilder.initialSize: 1024
[DEBUG] 2023-05-06 10:56:29.270 [main] InternalThreadLocalMap:86--Dio.netty.threadLocalMap.stringBuilder.maxSize: 4096
[DEBUG] 2023-05-06 10:56:29.284 [main] JdkSslContext:97-Default protocols (JDK): [TLSv1.3, TLSv1.2] 
[DEBUG] 2023-05-06 10:56:29.284 [main] JdkSslContext:98-Default cipher suites (JDK): [TLS_ECDHE_ECDSA_WITH_AES_256_GCM_SHA384, TLS_ECDHE_ECDSA_WITH_AES_128_GCM_SHA256, TLS_ECDHE_RSA_WITH_AES_128_GCM_SHA256, TLS_ECDHE_RSA_WITH_AES_256_GCM_SHA384, TLS_ECDHE_RSA_WITH_AES_128_CBC_SHA, TLS_ECDHE_RSA_WITH_AES_256_CBC_SHA, TLS_RSA_WITH_AES_128_GCM_SHA256, TLS_RSA_WITH_AES_128_CBC_SHA, TLS_RSA_WITH_AES_256_CBC_SHA, TLS_AES_128_GCM_SHA256, TLS_AES_256_GCM_SHA384]
[DEBUG] 2023-05-06 10:56:29.309 [main] MultithreadEventLoopGroup:44--Dio.netty.eventLoopThreads: 16
[DEBUG] 2023-05-06 10:56:29.317 [main] NioEventLoop:106--Dio.netty.noKeySetOptimization: false
[DEBUG] 2023-05-06 10:56:29.318 [main] NioEventLoop:107--Dio.netty.selectorAutoRebuildThreshold: 512
[DEBUG] 2023-05-06 10:56:29.355 [main] PooledByteBufAllocator:155--Dio.netty.allocator.numHeapArenas: 16
[DEBUG] 2023-05-06 10:56:29.355 [main] PooledByteBufAllocator:156--Dio.netty.allocator.numDirectArenas: 16
[DEBUG] 2023-05-06 10:56:29.356 [main] PooledByteBufAllocator:158--Dio.netty.allocator.pageSize: 8192
[DEBUG] 2023-05-06 10:56:29.356 [main] PooledByteBufAllocator:163--Dio.netty.allocator.maxOrder: 11
[DEBUG] 2023-05-06 10:56:29.356 [main] PooledByteBufAllocator:167--Dio.netty.allocator.chunkSize: 16777216
[DEBUG] 2023-05-06 10:56:29.356 [main] PooledByteBufAllocator:168--Dio.netty.allocator.smallCacheSize: 256
[DEBUG] 2023-05-06 10:56:29.356 [main] PooledByteBufAllocator:169--Dio.netty.allocator.normalCacheSize: 64
[DEBUG] 2023-05-06 10:56:29.356 [main] PooledByteBufAllocator:170--Dio.netty.allocator.maxCachedBufferCapacity: 32768
[DEBUG] 2023-05-06 10:56:29.356 [main] PooledByteBufAllocator:171--Dio.netty.allocator.cacheTrimInterval: 8192
[DEBUG] 2023-05-06 10:56:29.356 [main] PooledByteBufAllocator:172--Dio.netty.allocator.cacheTrimIntervalMillis: 0
[DEBUG] 2023-05-06 10:56:29.357 [main] PooledByteBufAllocator:173--Dio.netty.allocator.useCacheForAllThreads: true
[DEBUG] 2023-05-06 10:56:29.357 [main] PooledByteBufAllocator:174--Dio.netty.allocator.maxCachedByteBuffersPerChunk: 1023
[DEBUG] 2023-05-06 10:56:29.365 [main] ByteBufUtil:87--Dio.netty.allocator.type: pooled
[DEBUG] 2023-05-06 10:56:29.365 [main] ByteBufUtil:96--Dio.netty.threadLocalDirectBufferSize: 0
[DEBUG] 2023-05-06 10:56:29.365 [main] ByteBufUtil:99--Dio.netty.maxThreadLocalCharBufferSize: 16384
[DEBUG] 2023-05-06 10:56:30.701 [Forwarding newSession on session null to remote] DefaultChannelId:79--Dio.netty.processId: 15264 (auto-detected)
[DEBUG] 2023-05-06 10:56:30.703 [Forwarding newSession on session null to remote] NetUtil:135--Djava.net.preferIPv4Stack: false
[DEBUG] 2023-05-06 10:56:30.704 [Forwarding newSession on session null to remote] NetUtil:136--Djava.net.preferIPv6Addresses: false
[DEBUG] 2023-05-06 10:56:30.913 [Forwarding newSession on session null to remote] NetUtilInitializations:129-Loopback interface: lo (Software Loopback Interface 1, 127.0.0.1)
[DEBUG] 2023-05-06 10:56:30.914 [Forwarding newSession on session null to remote] NetUtil:187-Failed to get SOMAXCONN from sysctl and file \proc\sys\net\core\somaxconn. Default: 200
[DEBUG] 2023-05-06 10:56:31.145 [Forwarding newSession on session null to remote] DefaultChannelId:101--Dio.netty.machineId: d0:c6:37:ff:fe:f7:a9:b8 (auto-detected)
[DEBUG] 2023-05-06 10:56:31.219 [AsyncHttpClient-1-2] AbstractByteBuf:63--Dio.netty.buffer.checkAccessible: true
[DEBUG] 2023-05-06 10:56:31.220 [AsyncHttpClient-1-2] AbstractByteBuf:64--Dio.netty.buffer.checkBounds: true
[DEBUG] 2023-05-06 10:56:31.220 [AsyncHttpClient-1-2] ResourceLeakDetectorFactory:196-Loaded default ResourceLeakDetector: io.netty.util.ResourceLeakDetector@5ad8aa91
[DEBUG] 2023-05-06 10:56:31.250 [AsyncHttpClient-1-2] Recycler:103--Dio.netty.recycler.maxCapacityPerThread: 4096
[DEBUG] 2023-05-06 10:56:31.251 [AsyncHttpClient-1-2] Recycler:104--Dio.netty.recycler.maxSharedCapacityFactor: 2
[DEBUG] 2023-05-06 10:56:31.251 [AsyncHttpClient-1-2] Recycler:105--Dio.netty.recycler.linkCapacity: 16
[DEBUG] 2023-05-06 10:56:31.251 [AsyncHttpClient-1-2] Recycler:106--Dio.netty.recycler.ratio: 8
[DEBUG] 2023-05-06 10:56:31.251 [AsyncHttpClient-1-2] Recycler:107--Dio.netty.recycler.delayedQueue.ratio: 8
[DEBUG] 2023-05-06 10:56:32.042 [AsyncHttpClient-1-2] Brotli:38-brotli4j not in the classpath; Brotli support will be unavailable.
[DEBUG] 2023-05-06 10:56:32.193 [main] ThreadLocalRandom:214--Dio.netty.initialSeedUniquifier: 0x8f6e762bc9a7fd64
[INFO ] 2023-05-06 10:56:32.736 [main] BaseTest:41-Init page
[DEBUG] 2023-05-06 12:01:12.615 [main] InternalLoggerFactory:76-Using Log4J2 as the default logging framework
[DEBUG] 2023-05-06 12:01:12.623 [main] ResourceLeakDetector:129--Dio.netty.leakDetection.level: simple
[DEBUG] 2023-05-06 12:01:12.624 [main] ResourceLeakDetector:130--Dio.netty.leakDetection.targetRecords: 4
[DEBUG] 2023-05-06 12:01:12.628 [main] ResourceLeakDetectorFactory:196-Loaded default ResourceLeakDetector: io.netty.util.ResourceLeakDetector@3daa82be
[DEBUG] 2023-05-06 12:01:12.644 [main] PlatformDependent0:460--Dio.netty.noUnsafe: false
[DEBUG] 2023-05-06 12:01:12.645 [main] PlatformDependent0:954-Java version: 11
[DEBUG] 2023-05-06 12:01:12.646 [main] PlatformDependent0:135-sun.misc.Unsafe.theUnsafe: available
[DEBUG] 2023-05-06 12:01:12.647 [main] PlatformDependent0:159-sun.misc.Unsafe.copyMemory: available
[DEBUG] 2023-05-06 12:01:12.647 [main] PlatformDependent0:202-java.nio.Buffer.address: available
[DEBUG] 2023-05-06 12:01:12.648 [main] PlatformDependent0:285-direct buffer constructor: unavailable: Reflective setAccessible(true) disabled
[DEBUG] 2023-05-06 12:01:12.649 [main] PlatformDependent0:350-java.nio.Bits.unaligned: available, true
[DEBUG] 2023-05-06 12:01:12.650 [main] PlatformDependent0:417-jdk.internal.misc.Unsafe.allocateUninitializedArray(int): unavailable: class io.netty.util.internal.PlatformDependent0$6 cannot access class jdk.internal.misc.Unsafe (in module java.base) because module java.base does not export jdk.internal.misc to unnamed module @6411d3c8
[DEBUG] 2023-05-06 12:01:12.651 [main] PlatformDependent0:446-java.nio.DirectByteBuffer.<init>(long, int): unavailable
[DEBUG] 2023-05-06 12:01:12.651 [main] PlatformDependent:1103-sun.misc.Unsafe: available
[DEBUG] 2023-05-06 12:01:12.651 [main] PlatformDependent:1205-maxDirectMemory: 2109734912 bytes (maybe)
[DEBUG] 2023-05-06 12:01:12.652 [main] PlatformDependent:1224--Dio.netty.tmpdir: C:\Users\YURAKO~1.000\AppData\Local\Temp (java.io.tmpdir)
[DEBUG] 2023-05-06 12:01:12.652 [main] PlatformDependent:1303--Dio.netty.bitMode: 64 (sun.arch.data.model)
[DEBUG] 2023-05-06 12:01:12.652 [main] PlatformDependent:1063-Platform: Windows
[DEBUG] 2023-05-06 12:01:12.653 [main] PlatformDependent:178--Dio.netty.maxDirectMemory: -1 bytes
[DEBUG] 2023-05-06 12:01:12.653 [main] PlatformDependent:185--Dio.netty.uninitializedArrayAllocationThreshold: -1
[DEBUG] 2023-05-06 12:01:12.654 [main] CleanerJava9:71-java.nio.ByteBuffer.cleaner(): available
[DEBUG] 2023-05-06 12:01:12.654 [main] PlatformDependent:205--Dio.netty.noPreferDirect: false
[DEBUG] 2023-05-06 12:01:12.660 [main] PlatformDependent:967-org.jctools-core.MpscChunkedArrayQueue: available
[DEBUG] 2023-05-06 12:01:12.679 [main] InternalThreadLocalMap:83--Dio.netty.threadLocalMap.stringBuilder.initialSize: 1024
[DEBUG] 2023-05-06 12:01:12.679 [main] InternalThreadLocalMap:86--Dio.netty.threadLocalMap.stringBuilder.maxSize: 4096
[DEBUG] 2023-05-06 12:01:12.693 [main] JdkSslContext:97-Default protocols (JDK): [TLSv1.3, TLSv1.2] 
[DEBUG] 2023-05-06 12:01:12.694 [main] JdkSslContext:98-Default cipher suites (JDK): [TLS_ECDHE_ECDSA_WITH_AES_256_GCM_SHA384, TLS_ECDHE_ECDSA_WITH_AES_128_GCM_SHA256, TLS_ECDHE_RSA_WITH_AES_128_GCM_SHA256, TLS_ECDHE_RSA_WITH_AES_256_GCM_SHA384, TLS_ECDHE_RSA_WITH_AES_128_CBC_SHA, TLS_ECDHE_RSA_WITH_AES_256_CBC_SHA, TLS_RSA_WITH_AES_128_GCM_SHA256, TLS_RSA_WITH_AES_128_CBC_SHA, TLS_RSA_WITH_AES_256_CBC_SHA, TLS_AES_128_GCM_SHA256, TLS_AES_256_GCM_SHA384]
[DEBUG] 2023-05-06 12:01:12.734 [main] MultithreadEventLoopGroup:44--Dio.netty.eventLoopThreads: 16
[DEBUG] 2023-05-06 12:01:12.742 [main] NioEventLoop:106--Dio.netty.noKeySetOptimization: false
[DEBUG] 2023-05-06 12:01:12.743 [main] NioEventLoop:107--Dio.netty.selectorAutoRebuildThreshold: 512
[DEBUG] 2023-05-06 12:01:12.787 [main] PooledByteBufAllocator:155--Dio.netty.allocator.numHeapArenas: 16
[DEBUG] 2023-05-06 12:01:12.787 [main] PooledByteBufAllocator:156--Dio.netty.allocator.numDirectArenas: 16
[DEBUG] 2023-05-06 12:01:12.787 [main] PooledByteBufAllocator:158--Dio.netty.allocator.pageSize: 8192
[DEBUG] 2023-05-06 12:01:12.787 [main] PooledByteBufAllocator:163--Dio.netty.allocator.maxOrder: 11
[DEBUG] 2023-05-06 12:01:12.787 [main] PooledByteBufAllocator:167--Dio.netty.allocator.chunkSize: 16777216
[DEBUG] 2023-05-06 12:01:12.788 [main] PooledByteBufAllocator:168--Dio.netty.allocator.smallCacheSize: 256
[DEBUG] 2023-05-06 12:01:12.788 [main] PooledByteBufAllocator:169--Dio.netty.allocator.normalCacheSize: 64
[DEBUG] 2023-05-06 12:01:12.788 [main] PooledByteBufAllocator:170--Dio.netty.allocator.maxCachedBufferCapacity: 32768
[DEBUG] 2023-05-06 12:01:12.788 [main] PooledByteBufAllocator:171--Dio.netty.allocator.cacheTrimInterval: 8192
[DEBUG] 2023-05-06 12:01:12.788 [main] PooledByteBufAllocator:172--Dio.netty.allocator.cacheTrimIntervalMillis: 0
[DEBUG] 2023-05-06 12:01:12.788 [main] PooledByteBufAllocator:173--Dio.netty.allocator.useCacheForAllThreads: true
[DEBUG] 2023-05-06 12:01:12.789 [main] PooledByteBufAllocator:174--Dio.netty.allocator.maxCachedByteBuffersPerChunk: 1023
[DEBUG] 2023-05-06 12:01:12.799 [main] ByteBufUtil:87--Dio.netty.allocator.type: pooled
[DEBUG] 2023-05-06 12:01:12.799 [main] ByteBufUtil:96--Dio.netty.threadLocalDirectBufferSize: 0
[DEBUG] 2023-05-06 12:01:12.799 [main] ByteBufUtil:99--Dio.netty.maxThreadLocalCharBufferSize: 16384
[DEBUG] 2023-05-06 12:01:13.628 [Forwarding newSession on session null to remote] DefaultChannelId:79--Dio.netty.processId: 16100 (auto-detected)
[DEBUG] 2023-05-06 12:01:13.631 [Forwarding newSession on session null to remote] NetUtil:135--Djava.net.preferIPv4Stack: false
[DEBUG] 2023-05-06 12:01:13.631 [Forwarding newSession on session null to remote] NetUtil:136--Djava.net.preferIPv6Addresses: false
[DEBUG] 2023-05-06 12:01:13.850 [Forwarding newSession on session null to remote] NetUtilInitializations:129-Loopback interface: lo (Software Loopback Interface 1, 127.0.0.1)
[DEBUG] 2023-05-06 12:01:13.858 [Forwarding newSession on session null to remote] NetUtil:187-Failed to get SOMAXCONN from sysctl and file \proc\sys\net\core\somaxconn. Default: 200
[DEBUG] 2023-05-06 12:01:14.103 [Forwarding newSession on session null to remote] DefaultChannelId:101--Dio.netty.machineId: d0:c6:37:ff:fe:f7:a9:b8 (auto-detected)
[DEBUG] 2023-05-06 12:01:14.154 [AsyncHttpClient-1-2] AbstractByteBuf:63--Dio.netty.buffer.checkAccessible: true
[DEBUG] 2023-05-06 12:01:14.154 [AsyncHttpClient-1-2] AbstractByteBuf:64--Dio.netty.buffer.checkBounds: true
[DEBUG] 2023-05-06 12:01:14.155 [AsyncHttpClient-1-2] ResourceLeakDetectorFactory:196-Loaded default ResourceLeakDetector: io.netty.util.ResourceLeakDetector@5fbc2ad4
[DEBUG] 2023-05-06 12:01:14.196 [AsyncHttpClient-1-2] Recycler:103--Dio.netty.recycler.maxCapacityPerThread: 4096
[DEBUG] 2023-05-06 12:01:14.196 [AsyncHttpClient-1-2] Recycler:104--Dio.netty.recycler.maxSharedCapacityFactor: 2
[DEBUG] 2023-05-06 12:01:14.196 [AsyncHttpClient-1-2] Recycler:105--Dio.netty.recycler.linkCapacity: 16
[DEBUG] 2023-05-06 12:01:14.196 [AsyncHttpClient-1-2] Recycler:106--Dio.netty.recycler.ratio: 8
[DEBUG] 2023-05-06 12:01:14.196 [AsyncHttpClient-1-2] Recycler:107--Dio.netty.recycler.delayedQueue.ratio: 8
[DEBUG] 2023-05-06 12:01:14.995 [AsyncHttpClient-1-2] Brotli:38-brotli4j not in the classpath; Brotli support will be unavailable.
[DEBUG] 2023-05-06 12:01:15.228 [main] ThreadLocalRandom:214--Dio.netty.initialSeedUniquifier: 0x89f2395d288fa1cc
[INFO ] 2023-05-06 12:01:15.931 [main] BaseTest:41-Init page
[DEBUG] 2023-05-06 12:01:15.969 [main] BaseTest:20-Debug Message Logged !!!
[INFO ] 2023-05-06 12:01:15.971 [main] BaseTest:21-Info Message Logged !!!
[ERROR] 2023-05-06 12:01:15.972 [main] BaseTest:22-Error Message Logged !!!
java.lang.NullPointerException: NullError
	at tests.ElmirTest.testCaseOne(ElmirTest.java:22) [test-classes/:?]
	at jdk.internal.reflect.NativeMethodAccessorImpl.invoke0(Native Method) ~[?:?]
	at jdk.internal.reflect.NativeMethodAccessorImpl.invoke(NativeMethodAccessorImpl.java:62) ~[?:?]
	at jdk.internal.reflect.DelegatingMethodAccessorImpl.invoke(DelegatingMethodAccessorImpl.java:43) ~[?:?]
	at java.lang.reflect.Method.invoke(Method.java:566) ~[?:?]
	at org.testng.internal.MethodInvocationHelper.invokeMethod(MethodInvocationHelper.java:133) [testng-7.4.0.jar:7.4.0]
	at org.testng.internal.TestInvoker.invokeMethod(TestInvoker.java:598) [testng-7.4.0.jar:7.4.0]
	at org.testng.internal.TestInvoker.invokeTestMethod(TestInvoker.java:173) [testng-7.4.0.jar:7.4.0]
	at org.testng.internal.MethodRunner.runInSequence(MethodRunner.java:46) [testng-7.4.0.jar:7.4.0]
	at org.testng.internal.TestInvoker$MethodInvocationAgent.invoke(TestInvoker.java:824) [testng-7.4.0.jar:7.4.0]
	at org.testng.internal.TestInvoker.invokeTestMethods(TestInvoker.java:146) [testng-7.4.0.jar:7.4.0]
	at org.testng.internal.TestMethodWorker.invokeTestMethods(TestMethodWorker.java:146) [testng-7.4.0.jar:7.4.0]
	at org.testng.internal.TestMethodWorker.run(TestMethodWorker.java:128) [testng-7.4.0.jar:7.4.0]
	at java.util.ArrayList.forEach(ArrayList.java:1541) [?:?]
	at org.testng.TestRunner.privateRun(TestRunner.java:794) [testng-7.4.0.jar:7.4.0]
	at org.testng.TestRunner.run(TestRunner.java:596) [testng-7.4.0.jar:7.4.0]
	at org.testng.SuiteRunner.runTest(SuiteRunner.java:377) [testng-7.4.0.jar:7.4.0]
	at org.testng.SuiteRunner.runSequentially(SuiteRunner.java:371) [testng-7.4.0.jar:7.4.0]
	at org.testng.SuiteRunner.privateRun(SuiteRunner.java:332) [testng-7.4.0.jar:7.4.0]
	at org.testng.SuiteRunner.run(SuiteRunner.java:276) [testng-7.4.0.jar:7.4.0]
	at org.testng.SuiteRunnerWorker.runSuite(SuiteRunnerWorker.java:53) [testng-7.4.0.jar:7.4.0]
	at org.testng.SuiteRunnerWorker.run(SuiteRunnerWorker.java:96) [testng-7.4.0.jar:7.4.0]
	at org.testng.TestNG.runSuitesSequentially(TestNG.java:1212) [testng-7.4.0.jar:7.4.0]
	at org.testng.TestNG.runSuitesLocally(TestNG.java:1134) [testng-7.4.0.jar:7.4.0]
	at org.testng.TestNG.runSuites(TestNG.java:1063) [testng-7.4.0.jar:7.4.0]
	at org.testng.TestNG.run(TestNG.java:1031) [testng-7.4.0.jar:7.4.0]
	at com.intellij.rt.testng.IDEARemoteTestNG.run(IDEARemoteTestNG.java:66) [testng-rt.jar:?]
	at com.intellij.rt.testng.RemoteTestNGStarter.main(RemoteTestNGStarter.java:109) [testng-rt.jar:?]
[DEBUG] 2023-05-06 13:18:59.865 [main] InternalLoggerFactory:76-Using Log4J2 as the default logging framework
[DEBUG] 2023-05-06 13:18:59.874 [main] ResourceLeakDetector:129--Dio.netty.leakDetection.level: simple
[DEBUG] 2023-05-06 13:18:59.875 [main] ResourceLeakDetector:130--Dio.netty.leakDetection.targetRecords: 4
[DEBUG] 2023-05-06 13:18:59.879 [main] ResourceLeakDetectorFactory:196-Loaded default ResourceLeakDetector: io.netty.util.ResourceLeakDetector@54aca26f
[DEBUG] 2023-05-06 13:18:59.899 [main] PlatformDependent0:460--Dio.netty.noUnsafe: false
[DEBUG] 2023-05-06 13:18:59.899 [main] PlatformDependent0:954-Java version: 11
[DEBUG] 2023-05-06 13:18:59.902 [main] PlatformDependent0:135-sun.misc.Unsafe.theUnsafe: available
[DEBUG] 2023-05-06 13:18:59.903 [main] PlatformDependent0:159-sun.misc.Unsafe.copyMemory: available
[DEBUG] 2023-05-06 13:18:59.903 [main] PlatformDependent0:202-java.nio.Buffer.address: available
[DEBUG] 2023-05-06 13:18:59.904 [main] PlatformDependent0:285-direct buffer constructor: unavailable: Reflective setAccessible(true) disabled
[DEBUG] 2023-05-06 13:18:59.905 [main] PlatformDependent0:350-java.nio.Bits.unaligned: available, true
[DEBUG] 2023-05-06 13:18:59.906 [main] PlatformDependent0:417-jdk.internal.misc.Unsafe.allocateUninitializedArray(int): unavailable: class io.netty.util.internal.PlatformDependent0$6 cannot access class jdk.internal.misc.Unsafe (in module java.base) because module java.base does not export jdk.internal.misc to unnamed module @6ee8dcd3
[DEBUG] 2023-05-06 13:18:59.907 [main] PlatformDependent0:446-java.nio.DirectByteBuffer.<init>(long, int): unavailable
[DEBUG] 2023-05-06 13:18:59.908 [main] PlatformDependent:1103-sun.misc.Unsafe: available
[DEBUG] 2023-05-06 13:18:59.909 [main] PlatformDependent:1205-maxDirectMemory: 2109734912 bytes (maybe)
[DEBUG] 2023-05-06 13:18:59.909 [main] PlatformDependent:1224--Dio.netty.tmpdir: C:\Users\YURAKO~1.000\AppData\Local\Temp (java.io.tmpdir)
[DEBUG] 2023-05-06 13:18:59.909 [main] PlatformDependent:1303--Dio.netty.bitMode: 64 (sun.arch.data.model)
[DEBUG] 2023-05-06 13:18:59.909 [main] PlatformDependent:1063-Platform: Windows
[DEBUG] 2023-05-06 13:18:59.910 [main] PlatformDependent:178--Dio.netty.maxDirectMemory: -1 bytes
[DEBUG] 2023-05-06 13:18:59.911 [main] PlatformDependent:185--Dio.netty.uninitializedArrayAllocationThreshold: -1
[DEBUG] 2023-05-06 13:18:59.912 [main] CleanerJava9:71-java.nio.ByteBuffer.cleaner(): available
[DEBUG] 2023-05-06 13:18:59.912 [main] PlatformDependent:205--Dio.netty.noPreferDirect: false
[DEBUG] 2023-05-06 13:18:59.920 [main] PlatformDependent:967-org.jctools-core.MpscChunkedArrayQueue: available
[DEBUG] 2023-05-06 13:18:59.938 [main] InternalThreadLocalMap:83--Dio.netty.threadLocalMap.stringBuilder.initialSize: 1024
[DEBUG] 2023-05-06 13:18:59.939 [main] InternalThreadLocalMap:86--Dio.netty.threadLocalMap.stringBuilder.maxSize: 4096
[DEBUG] 2023-05-06 13:18:59.969 [main] JdkSslContext:97-Default protocols (JDK): [TLSv1.3, TLSv1.2] 
[DEBUG] 2023-05-06 13:18:59.969 [main] JdkSslContext:98-Default cipher suites (JDK): [TLS_ECDHE_ECDSA_WITH_AES_256_GCM_SHA384, TLS_ECDHE_ECDSA_WITH_AES_128_GCM_SHA256, TLS_ECDHE_RSA_WITH_AES_128_GCM_SHA256, TLS_ECDHE_RSA_WITH_AES_256_GCM_SHA384, TLS_ECDHE_RSA_WITH_AES_128_CBC_SHA, TLS_ECDHE_RSA_WITH_AES_256_CBC_SHA, TLS_RSA_WITH_AES_128_GCM_SHA256, TLS_RSA_WITH_AES_128_CBC_SHA, TLS_RSA_WITH_AES_256_CBC_SHA, TLS_AES_128_GCM_SHA256, TLS_AES_256_GCM_SHA384]
[DEBUG] 2023-05-06 13:18:59.999 [main] MultithreadEventLoopGroup:44--Dio.netty.eventLoopThreads: 16
[DEBUG] 2023-05-06 13:19:00.008 [main] NioEventLoop:106--Dio.netty.noKeySetOptimization: false
[DEBUG] 2023-05-06 13:19:00.009 [main] NioEventLoop:107--Dio.netty.selectorAutoRebuildThreshold: 512
[DEBUG] 2023-05-06 13:19:00.062 [main] PooledByteBufAllocator:155--Dio.netty.allocator.numHeapArenas: 16
[DEBUG] 2023-05-06 13:19:00.063 [main] PooledByteBufAllocator:156--Dio.netty.allocator.numDirectArenas: 16
[DEBUG] 2023-05-06 13:19:00.063 [main] PooledByteBufAllocator:158--Dio.netty.allocator.pageSize: 8192
[DEBUG] 2023-05-06 13:19:00.063 [main] PooledByteBufAllocator:163--Dio.netty.allocator.maxOrder: 11
[DEBUG] 2023-05-06 13:19:00.063 [main] PooledByteBufAllocator:167--Dio.netty.allocator.chunkSize: 16777216
[DEBUG] 2023-05-06 13:19:00.063 [main] PooledByteBufAllocator:168--Dio.netty.allocator.smallCacheSize: 256
[DEBUG] 2023-05-06 13:19:00.063 [main] PooledByteBufAllocator:169--Dio.netty.allocator.normalCacheSize: 64
[DEBUG] 2023-05-06 13:19:00.063 [main] PooledByteBufAllocator:170--Dio.netty.allocator.maxCachedBufferCapacity: 32768
[DEBUG] 2023-05-06 13:19:00.063 [main] PooledByteBufAllocator:171--Dio.netty.allocator.cacheTrimInterval: 8192
[DEBUG] 2023-05-06 13:19:00.064 [main] PooledByteBufAllocator:172--Dio.netty.allocator.cacheTrimIntervalMillis: 0
[DEBUG] 2023-05-06 13:19:00.064 [main] PooledByteBufAllocator:173--Dio.netty.allocator.useCacheForAllThreads: true
[DEBUG] 2023-05-06 13:19:00.064 [main] PooledByteBufAllocator:174--Dio.netty.allocator.maxCachedByteBuffersPerChunk: 1023
[DEBUG] 2023-05-06 13:19:00.075 [main] ByteBufUtil:87--Dio.netty.allocator.type: pooled
[DEBUG] 2023-05-06 13:19:00.076 [main] ByteBufUtil:96--Dio.netty.threadLocalDirectBufferSize: 0
[DEBUG] 2023-05-06 13:19:00.076 [main] ByteBufUtil:99--Dio.netty.maxThreadLocalCharBufferSize: 16384
[DEBUG] 2023-05-06 13:19:01.059 [Forwarding newSession on session null to remote] DefaultChannelId:79--Dio.netty.processId: 18360 (auto-detected)
[DEBUG] 2023-05-06 13:19:01.063 [Forwarding newSession on session null to remote] NetUtil:135--Djava.net.preferIPv4Stack: false
[DEBUG] 2023-05-06 13:19:01.063 [Forwarding newSession on session null to remote] NetUtil:136--Djava.net.preferIPv6Addresses: false
[DEBUG] 2023-05-06 13:19:01.470 [Forwarding newSession on session null to remote] NetUtilInitializations:129-Loopback interface: lo (Software Loopback Interface 1, 127.0.0.1)
[DEBUG] 2023-05-06 13:19:01.471 [Forwarding newSession on session null to remote] NetUtil:187-Failed to get SOMAXCONN from sysctl and file \proc\sys\net\core\somaxconn. Default: 200
[DEBUG] 2023-05-06 13:19:01.930 [Forwarding newSession on session null to remote] DefaultChannelId:101--Dio.netty.machineId: d0:c6:37:ff:fe:f7:a9:b8 (auto-detected)
[DEBUG] 2023-05-06 13:19:02.021 [AsyncHttpClient-1-2] AbstractByteBuf:63--Dio.netty.buffer.checkAccessible: true
[DEBUG] 2023-05-06 13:19:02.023 [AsyncHttpClient-1-2] AbstractByteBuf:64--Dio.netty.buffer.checkBounds: true
[DEBUG] 2023-05-06 13:19:02.023 [AsyncHttpClient-1-2] ResourceLeakDetectorFactory:196-Loaded default ResourceLeakDetector: io.netty.util.ResourceLeakDetector@7a4081a4
[DEBUG] 2023-05-06 13:19:02.107 [AsyncHttpClient-1-2] Recycler:103--Dio.netty.recycler.maxCapacityPerThread: 4096
[DEBUG] 2023-05-06 13:19:02.107 [AsyncHttpClient-1-2] Recycler:104--Dio.netty.recycler.maxSharedCapacityFactor: 2
[DEBUG] 2023-05-06 13:19:02.107 [AsyncHttpClient-1-2] Recycler:105--Dio.netty.recycler.linkCapacity: 16
[DEBUG] 2023-05-06 13:19:02.107 [AsyncHttpClient-1-2] Recycler:106--Dio.netty.recycler.ratio: 8
[DEBUG] 2023-05-06 13:19:02.107 [AsyncHttpClient-1-2] Recycler:107--Dio.netty.recycler.delayedQueue.ratio: 8
[DEBUG] 2023-05-06 13:19:02.973 [AsyncHttpClient-1-2] Brotli:38-brotli4j not in the classpath; Brotli support will be unavailable.
[DEBUG] 2023-05-06 13:19:03.338 [main] ThreadLocalRandom:214--Dio.netty.initialSeedUniquifier: 0x5e2f01e7ff338807
[INFO ] 2023-05-06 13:19:03.952 [main] BaseTest:41-Init page
[DEBUG] 2023-05-06 13:21:13.337 [main] InternalLoggerFactory:76-Using Log4J2 as the default logging framework
[DEBUG] 2023-05-06 13:21:13.348 [main] ResourceLeakDetector:129--Dio.netty.leakDetection.level: simple
[DEBUG] 2023-05-06 13:21:13.349 [main] ResourceLeakDetector:130--Dio.netty.leakDetection.targetRecords: 4
[DEBUG] 2023-05-06 13:21:13.354 [main] ResourceLeakDetectorFactory:196-Loaded default ResourceLeakDetector: io.netty.util.ResourceLeakDetector@278f8425
[DEBUG] 2023-05-06 13:21:13.397 [main] PlatformDependent0:460--Dio.netty.noUnsafe: false
[DEBUG] 2023-05-06 13:21:13.398 [main] PlatformDependent0:954-Java version: 11
[DEBUG] 2023-05-06 13:21:13.402 [main] PlatformDependent0:135-sun.misc.Unsafe.theUnsafe: available
[DEBUG] 2023-05-06 13:21:13.406 [main] PlatformDependent0:159-sun.misc.Unsafe.copyMemory: available
[DEBUG] 2023-05-06 13:21:13.407 [main] PlatformDependent0:202-java.nio.Buffer.address: available
[DEBUG] 2023-05-06 13:21:13.409 [main] PlatformDependent0:285-direct buffer constructor: unavailable: Reflective setAccessible(true) disabled
[DEBUG] 2023-05-06 13:21:13.412 [main] PlatformDependent0:350-java.nio.Bits.unaligned: available, true
[DEBUG] 2023-05-06 13:21:13.417 [main] PlatformDependent0:417-jdk.internal.misc.Unsafe.allocateUninitializedArray(int): unavailable: class io.netty.util.internal.PlatformDependent0$6 cannot access class jdk.internal.misc.Unsafe (in module java.base) because module java.base does not export jdk.internal.misc to unnamed module @c2db68f
[DEBUG] 2023-05-06 13:21:13.419 [main] PlatformDependent0:446-java.nio.DirectByteBuffer.<init>(long, int): unavailable
[DEBUG] 2023-05-06 13:21:13.421 [main] PlatformDependent:1103-sun.misc.Unsafe: available
[DEBUG] 2023-05-06 13:21:13.422 [main] PlatformDependent:1205-maxDirectMemory: 2109734912 bytes (maybe)
[DEBUG] 2023-05-06 13:21:13.423 [main] PlatformDependent:1224--Dio.netty.tmpdir: C:\Users\YURAKO~1.000\AppData\Local\Temp (java.io.tmpdir)
[DEBUG] 2023-05-06 13:21:13.424 [main] PlatformDependent:1303--Dio.netty.bitMode: 64 (sun.arch.data.model)
[DEBUG] 2023-05-06 13:21:13.426 [main] PlatformDependent:1063-Platform: Windows
[DEBUG] 2023-05-06 13:21:13.427 [main] PlatformDependent:178--Dio.netty.maxDirectMemory: -1 bytes
[DEBUG] 2023-05-06 13:21:13.428 [main] PlatformDependent:185--Dio.netty.uninitializedArrayAllocationThreshold: -1
[DEBUG] 2023-05-06 13:21:13.433 [main] CleanerJava9:71-java.nio.ByteBuffer.cleaner(): available
[DEBUG] 2023-05-06 13:21:13.433 [main] PlatformDependent:205--Dio.netty.noPreferDirect: false
[DEBUG] 2023-05-06 13:21:13.460 [main] PlatformDependent:967-org.jctools-core.MpscChunkedArrayQueue: available
[DEBUG] 2023-05-06 13:21:13.510 [main] InternalThreadLocalMap:83--Dio.netty.threadLocalMap.stringBuilder.initialSize: 1024
[DEBUG] 2023-05-06 13:21:13.511 [main] InternalThreadLocalMap:86--Dio.netty.threadLocalMap.stringBuilder.maxSize: 4096
[DEBUG] 2023-05-06 13:21:13.587 [main] JdkSslContext:97-Default protocols (JDK): [TLSv1.3, TLSv1.2] 
[DEBUG] 2023-05-06 13:21:13.588 [main] JdkSslContext:98-Default cipher suites (JDK): [TLS_ECDHE_ECDSA_WITH_AES_256_GCM_SHA384, TLS_ECDHE_ECDSA_WITH_AES_128_GCM_SHA256, TLS_ECDHE_RSA_WITH_AES_128_GCM_SHA256, TLS_ECDHE_RSA_WITH_AES_256_GCM_SHA384, TLS_ECDHE_RSA_WITH_AES_128_CBC_SHA, TLS_ECDHE_RSA_WITH_AES_256_CBC_SHA, TLS_RSA_WITH_AES_128_GCM_SHA256, TLS_RSA_WITH_AES_128_CBC_SHA, TLS_RSA_WITH_AES_256_CBC_SHA, TLS_AES_128_GCM_SHA256, TLS_AES_256_GCM_SHA384]
[DEBUG] 2023-05-06 13:21:13.645 [main] MultithreadEventLoopGroup:44--Dio.netty.eventLoopThreads: 16
[DEBUG] 2023-05-06 13:21:13.662 [main] NioEventLoop:106--Dio.netty.noKeySetOptimization: false
[DEBUG] 2023-05-06 13:21:13.663 [main] NioEventLoop:107--Dio.netty.selectorAutoRebuildThreshold: 512
[DEBUG] 2023-05-06 13:21:13.748 [main] PooledByteBufAllocator:155--Dio.netty.allocator.numHeapArenas: 16
[DEBUG] 2023-05-06 13:21:13.748 [main] PooledByteBufAllocator:156--Dio.netty.allocator.numDirectArenas: 16
[DEBUG] 2023-05-06 13:21:13.748 [main] PooledByteBufAllocator:158--Dio.netty.allocator.pageSize: 8192
[DEBUG] 2023-05-06 13:21:13.749 [main] PooledByteBufAllocator:163--Dio.netty.allocator.maxOrder: 11
[DEBUG] 2023-05-06 13:21:13.749 [main] PooledByteBufAllocator:167--Dio.netty.allocator.chunkSize: 16777216
[DEBUG] 2023-05-06 13:21:13.749 [main] PooledByteBufAllocator:168--Dio.netty.allocator.smallCacheSize: 256
[DEBUG] 2023-05-06 13:21:13.749 [main] PooledByteBufAllocator:169--Dio.netty.allocator.normalCacheSize: 64
[DEBUG] 2023-05-06 13:21:13.749 [main] PooledByteBufAllocator:170--Dio.netty.allocator.maxCachedBufferCapacity: 32768
[DEBUG] 2023-05-06 13:21:13.750 [main] PooledByteBufAllocator:171--Dio.netty.allocator.cacheTrimInterval: 8192
[DEBUG] 2023-05-06 13:21:13.750 [main] PooledByteBufAllocator:172--Dio.netty.allocator.cacheTrimIntervalMillis: 0
[DEBUG] 2023-05-06 13:21:13.750 [main] PooledByteBufAllocator:173--Dio.netty.allocator.useCacheForAllThreads: true
[DEBUG] 2023-05-06 13:21:13.750 [main] PooledByteBufAllocator:174--Dio.netty.allocator.maxCachedByteBuffersPerChunk: 1023
[DEBUG] 2023-05-06 13:21:13.766 [main] ByteBufUtil:87--Dio.netty.allocator.type: pooled
[DEBUG] 2023-05-06 13:21:13.767 [main] ByteBufUtil:96--Dio.netty.threadLocalDirectBufferSize: 0
[DEBUG] 2023-05-06 13:21:13.767 [main] ByteBufUtil:99--Dio.netty.maxThreadLocalCharBufferSize: 16384
[DEBUG] 2023-05-06 13:21:14.717 [Forwarding newSession on session null to remote] DefaultChannelId:79--Dio.netty.processId: 16864 (auto-detected)
[DEBUG] 2023-05-06 13:21:14.721 [Forwarding newSession on session null to remote] NetUtil:135--Djava.net.preferIPv4Stack: false
[DEBUG] 2023-05-06 13:21:14.721 [Forwarding newSession on session null to remote] NetUtil:136--Djava.net.preferIPv6Addresses: false
[DEBUG] 2023-05-06 13:21:15.032 [Forwarding newSession on session null to remote] NetUtilInitializations:129-Loopback interface: lo (Software Loopback Interface 1, 127.0.0.1)
[DEBUG] 2023-05-06 13:21:15.033 [Forwarding newSession on session null to remote] NetUtil:187-Failed to get SOMAXCONN from sysctl and file \proc\sys\net\core\somaxconn. Default: 200
[DEBUG] 2023-05-06 13:21:15.538 [Forwarding newSession on session null to remote] DefaultChannelId:101--Dio.netty.machineId: d0:c6:37:ff:fe:f7:a9:b8 (auto-detected)
[DEBUG] 2023-05-06 13:21:15.628 [AsyncHttpClient-1-2] AbstractByteBuf:63--Dio.netty.buffer.checkAccessible: true
[DEBUG] 2023-05-06 13:21:15.629 [AsyncHttpClient-1-2] AbstractByteBuf:64--Dio.netty.buffer.checkBounds: true
[DEBUG] 2023-05-06 13:21:15.629 [AsyncHttpClient-1-2] ResourceLeakDetectorFactory:196-Loaded default ResourceLeakDetector: io.netty.util.ResourceLeakDetector@2e0156a7
[DEBUG] 2023-05-06 13:21:15.665 [AsyncHttpClient-1-2] Recycler:103--Dio.netty.recycler.maxCapacityPerThread: 4096
[DEBUG] 2023-05-06 13:21:15.665 [AsyncHttpClient-1-2] Recycler:104--Dio.netty.recycler.maxSharedCapacityFactor: 2
[DEBUG] 2023-05-06 13:21:15.665 [AsyncHttpClient-1-2] Recycler:105--Dio.netty.recycler.linkCapacity: 16
[DEBUG] 2023-05-06 13:21:15.665 [AsyncHttpClient-1-2] Recycler:106--Dio.netty.recycler.ratio: 8
[DEBUG] 2023-05-06 13:21:15.665 [AsyncHttpClient-1-2] Recycler:107--Dio.netty.recycler.delayedQueue.ratio: 8
[DEBUG] 2023-05-06 13:21:16.524 [AsyncHttpClient-1-2] Brotli:38-brotli4j not in the classpath; Brotli support will be unavailable.
[DEBUG] 2023-05-06 13:21:16.927 [main] ThreadLocalRandom:214--Dio.netty.initialSeedUniquifier: 0x8c865468a26e0b9e
[INFO ] 2023-05-06 13:21:17.550 [main] BaseTest:41-Init page
[DEBUG] 2023-05-06 13:22:20.646 [AsyncHttpClient-1-2] PoolThreadCache:224-Freed 18 thread-local buffer(s) from thread: AsyncHttpClient-1-2
[DEBUG] 2023-05-06 13:22:20.646 [AsyncHttpClient-1-3] PoolThreadCache:224-Freed 2 thread-local buffer(s) from thread: AsyncHttpClient-1-3
[DEBUG] 2023-05-06 13:22:20.646 [AsyncHttpClient-1-4] PoolThreadCache:224-Freed 4 thread-local buffer(s) from thread: AsyncHttpClient-1-4
[DEBUG] 2023-05-06 13:24:05.336 [main] InternalLoggerFactory:76-Using Log4J2 as the default logging framework
[DEBUG] 2023-05-06 13:24:05.345 [main] ResourceLeakDetector:129--Dio.netty.leakDetection.level: simple
[DEBUG] 2023-05-06 13:24:05.346 [main] ResourceLeakDetector:130--Dio.netty.leakDetection.targetRecords: 4
[DEBUG] 2023-05-06 13:24:05.352 [main] ResourceLeakDetectorFactory:196-Loaded default ResourceLeakDetector: io.netty.util.ResourceLeakDetector@cda0432
[DEBUG] 2023-05-06 13:24:05.375 [main] PlatformDependent0:460--Dio.netty.noUnsafe: false
[DEBUG] 2023-05-06 13:24:05.375 [main] PlatformDependent0:954-Java version: 11
[DEBUG] 2023-05-06 13:24:05.377 [main] PlatformDependent0:135-sun.misc.Unsafe.theUnsafe: available
[DEBUG] 2023-05-06 13:24:05.378 [main] PlatformDependent0:159-sun.misc.Unsafe.copyMemory: available
[DEBUG] 2023-05-06 13:24:05.379 [main] PlatformDependent0:202-java.nio.Buffer.address: available
[DEBUG] 2023-05-06 13:24:05.380 [main] PlatformDependent0:285-direct buffer constructor: unavailable: Reflective setAccessible(true) disabled
[DEBUG] 2023-05-06 13:24:05.381 [main] PlatformDependent0:350-java.nio.Bits.unaligned: available, true
[DEBUG] 2023-05-06 13:24:05.384 [main] PlatformDependent0:417-jdk.internal.misc.Unsafe.allocateUninitializedArray(int): unavailable: class io.netty.util.internal.PlatformDependent0$6 cannot access class jdk.internal.misc.Unsafe (in module java.base) because module java.base does not export jdk.internal.misc to unnamed module @708400f6
[DEBUG] 2023-05-06 13:24:05.384 [main] PlatformDependent0:446-java.nio.DirectByteBuffer.<init>(long, int): unavailable
[DEBUG] 2023-05-06 13:24:05.385 [main] PlatformDependent:1103-sun.misc.Unsafe: available
[DEBUG] 2023-05-06 13:24:05.386 [main] PlatformDependent:1205-maxDirectMemory: 2109734912 bytes (maybe)
[DEBUG] 2023-05-06 13:24:05.387 [main] PlatformDependent:1224--Dio.netty.tmpdir: C:\Users\YURAKO~1.000\AppData\Local\Temp (java.io.tmpdir)
[DEBUG] 2023-05-06 13:24:05.387 [main] PlatformDependent:1303--Dio.netty.bitMode: 64 (sun.arch.data.model)
[DEBUG] 2023-05-06 13:24:05.387 [main] PlatformDependent:1063-Platform: Windows
[DEBUG] 2023-05-06 13:24:05.389 [main] PlatformDependent:178--Dio.netty.maxDirectMemory: -1 bytes
[DEBUG] 2023-05-06 13:24:05.389 [main] PlatformDependent:185--Dio.netty.uninitializedArrayAllocationThreshold: -1
[DEBUG] 2023-05-06 13:24:05.391 [main] CleanerJava9:71-java.nio.ByteBuffer.cleaner(): available
[DEBUG] 2023-05-06 13:24:05.391 [main] PlatformDependent:205--Dio.netty.noPreferDirect: false
[DEBUG] 2023-05-06 13:24:05.401 [main] PlatformDependent:967-org.jctools-core.MpscChunkedArrayQueue: available
[DEBUG] 2023-05-06 13:24:05.426 [main] InternalThreadLocalMap:83--Dio.netty.threadLocalMap.stringBuilder.initialSize: 1024
[DEBUG] 2023-05-06 13:24:05.426 [main] InternalThreadLocalMap:86--Dio.netty.threadLocalMap.stringBuilder.maxSize: 4096
[DEBUG] 2023-05-06 13:24:05.500 [main] JdkSslContext:97-Default protocols (JDK): [TLSv1.3, TLSv1.2] 
[DEBUG] 2023-05-06 13:24:05.501 [main] JdkSslContext:98-Default cipher suites (JDK): [TLS_ECDHE_ECDSA_WITH_AES_256_GCM_SHA384, TLS_ECDHE_ECDSA_WITH_AES_128_GCM_SHA256, TLS_ECDHE_RSA_WITH_AES_128_GCM_SHA256, TLS_ECDHE_RSA_WITH_AES_256_GCM_SHA384, TLS_ECDHE_RSA_WITH_AES_128_CBC_SHA, TLS_ECDHE_RSA_WITH_AES_256_CBC_SHA, TLS_RSA_WITH_AES_128_GCM_SHA256, TLS_RSA_WITH_AES_128_CBC_SHA, TLS_RSA_WITH_AES_256_CBC_SHA, TLS_AES_128_GCM_SHA256, TLS_AES_256_GCM_SHA384]
[DEBUG] 2023-05-06 13:24:05.581 [main] MultithreadEventLoopGroup:44--Dio.netty.eventLoopThreads: 16
[DEBUG] 2023-05-06 13:24:05.612 [main] NioEventLoop:106--Dio.netty.noKeySetOptimization: false
[DEBUG] 2023-05-06 13:24:05.613 [main] NioEventLoop:107--Dio.netty.selectorAutoRebuildThreshold: 512
[DEBUG] 2023-05-06 13:24:05.724 [main] PooledByteBufAllocator:155--Dio.netty.allocator.numHeapArenas: 16
[DEBUG] 2023-05-06 13:24:05.725 [main] PooledByteBufAllocator:156--Dio.netty.allocator.numDirectArenas: 16
[DEBUG] 2023-05-06 13:24:05.725 [main] PooledByteBufAllocator:158--Dio.netty.allocator.pageSize: 8192
[DEBUG] 2023-05-06 13:24:05.725 [main] PooledByteBufAllocator:163--Dio.netty.allocator.maxOrder: 11
[DEBUG] 2023-05-06 13:24:05.726 [main] PooledByteBufAllocator:167--Dio.netty.allocator.chunkSize: 16777216
[DEBUG] 2023-05-06 13:24:05.726 [main] PooledByteBufAllocator:168--Dio.netty.allocator.smallCacheSize: 256
[DEBUG] 2023-05-06 13:24:05.726 [main] PooledByteBufAllocator:169--Dio.netty.allocator.normalCacheSize: 64
[DEBUG] 2023-05-06 13:24:05.727 [main] PooledByteBufAllocator:170--Dio.netty.allocator.maxCachedBufferCapacity: 32768
[DEBUG] 2023-05-06 13:24:05.727 [main] PooledByteBufAllocator:171--Dio.netty.allocator.cacheTrimInterval: 8192
[DEBUG] 2023-05-06 13:24:05.727 [main] PooledByteBufAllocator:172--Dio.netty.allocator.cacheTrimIntervalMillis: 0
[DEBUG] 2023-05-06 13:24:05.728 [main] PooledByteBufAllocator:173--Dio.netty.allocator.useCacheForAllThreads: true
[DEBUG] 2023-05-06 13:24:05.728 [main] PooledByteBufAllocator:174--Dio.netty.allocator.maxCachedByteBuffersPerChunk: 1023
[DEBUG] 2023-05-06 13:24:05.747 [main] ByteBufUtil:87--Dio.netty.allocator.type: pooled
[DEBUG] 2023-05-06 13:24:05.748 [main] ByteBufUtil:96--Dio.netty.threadLocalDirectBufferSize: 0
[DEBUG] 2023-05-06 13:24:05.748 [main] ByteBufUtil:99--Dio.netty.maxThreadLocalCharBufferSize: 16384
[DEBUG] 2023-05-06 13:24:06.833 [Forwarding newSession on session null to remote] DefaultChannelId:79--Dio.netty.processId: 6220 (auto-detected)
[DEBUG] 2023-05-06 13:24:06.836 [Forwarding newSession on session null to remote] NetUtil:135--Djava.net.preferIPv4Stack: false
[DEBUG] 2023-05-06 13:24:06.836 [Forwarding newSession on session null to remote] NetUtil:136--Djava.net.preferIPv6Addresses: false
[DEBUG] 2023-05-06 13:24:07.433 [Forwarding newSession on session null to remote] NetUtilInitializations:129-Loopback interface: lo (Software Loopback Interface 1, 127.0.0.1)
[DEBUG] 2023-05-06 13:24:07.436 [Forwarding newSession on session null to remote] NetUtil:187-Failed to get SOMAXCONN from sysctl and file \proc\sys\net\core\somaxconn. Default: 200
[DEBUG] 2023-05-06 13:24:07.958 [Forwarding newSession on session null to remote] DefaultChannelId:101--Dio.netty.machineId: d0:c6:37:ff:fe:f7:a9:b8 (auto-detected)
[DEBUG] 2023-05-06 13:24:08.021 [AsyncHttpClient-1-2] AbstractByteBuf:63--Dio.netty.buffer.checkAccessible: true
[DEBUG] 2023-05-06 13:24:08.022 [AsyncHttpClient-1-2] AbstractByteBuf:64--Dio.netty.buffer.checkBounds: true
[DEBUG] 2023-05-06 13:24:08.022 [AsyncHttpClient-1-2] ResourceLeakDetectorFactory:196-Loaded default ResourceLeakDetector: io.netty.util.ResourceLeakDetector@7e4e2abb
[DEBUG] 2023-05-06 13:24:08.071 [AsyncHttpClient-1-2] Recycler:103--Dio.netty.recycler.maxCapacityPerThread: 4096
[DEBUG] 2023-05-06 13:24:08.071 [AsyncHttpClient-1-2] Recycler:104--Dio.netty.recycler.maxSharedCapacityFactor: 2
[DEBUG] 2023-05-06 13:24:08.071 [AsyncHttpClient-1-2] Recycler:105--Dio.netty.recycler.linkCapacity: 16
[DEBUG] 2023-05-06 13:24:08.071 [AsyncHttpClient-1-2] Recycler:106--Dio.netty.recycler.ratio: 8
[DEBUG] 2023-05-06 13:24:08.072 [AsyncHttpClient-1-2] Recycler:107--Dio.netty.recycler.delayedQueue.ratio: 8
[DEBUG] 2023-05-06 13:24:09.173 [AsyncHttpClient-1-2] Brotli:38-brotli4j not in the classpath; Brotli support will be unavailable.
[DEBUG] 2023-05-06 13:24:09.583 [main] ThreadLocalRandom:214--Dio.netty.initialSeedUniquifier: 0xbc119935ba6ec7b5
[INFO ] 2023-05-06 13:24:10.204 [main] BaseTest:41-Init page
[DEBUG] 2023-05-06 13:27:39.080 [main] InternalLoggerFactory:76-Using Log4J2 as the default logging framework
[DEBUG] 2023-05-06 13:27:39.088 [main] ResourceLeakDetector:129--Dio.netty.leakDetection.level: simple
[DEBUG] 2023-05-06 13:27:39.089 [main] ResourceLeakDetector:130--Dio.netty.leakDetection.targetRecords: 4
[DEBUG] 2023-05-06 13:27:39.096 [main] ResourceLeakDetectorFactory:196-Loaded default ResourceLeakDetector: io.netty.util.ResourceLeakDetector@6999cd39
[DEBUG] 2023-05-06 13:27:39.117 [main] PlatformDependent0:460--Dio.netty.noUnsafe: false
[DEBUG] 2023-05-06 13:27:39.117 [main] PlatformDependent0:954-Java version: 11
[DEBUG] 2023-05-06 13:27:39.120 [main] PlatformDependent0:135-sun.misc.Unsafe.theUnsafe: available
[DEBUG] 2023-05-06 13:27:39.121 [main] PlatformDependent0:159-sun.misc.Unsafe.copyMemory: available
[DEBUG] 2023-05-06 13:27:39.121 [main] PlatformDependent0:202-java.nio.Buffer.address: available
[DEBUG] 2023-05-06 13:27:39.122 [main] PlatformDependent0:285-direct buffer constructor: unavailable: Reflective setAccessible(true) disabled
[DEBUG] 2023-05-06 13:27:39.123 [main] PlatformDependent0:350-java.nio.Bits.unaligned: available, true
[DEBUG] 2023-05-06 13:27:39.124 [main] PlatformDependent0:417-jdk.internal.misc.Unsafe.allocateUninitializedArray(int): unavailable: class io.netty.util.internal.PlatformDependent0$6 cannot access class jdk.internal.misc.Unsafe (in module java.base) because module java.base does not export jdk.internal.misc to unnamed module @2b87581
[DEBUG] 2023-05-06 13:27:39.126 [main] PlatformDependent0:446-java.nio.DirectByteBuffer.<init>(long, int): unavailable
[DEBUG] 2023-05-06 13:27:39.126 [main] PlatformDependent:1103-sun.misc.Unsafe: available
[DEBUG] 2023-05-06 13:27:39.127 [main] PlatformDependent:1205-maxDirectMemory: 2109734912 bytes (maybe)
[DEBUG] 2023-05-06 13:27:39.128 [main] PlatformDependent:1224--Dio.netty.tmpdir: C:\Users\YURAKO~1.000\AppData\Local\Temp (java.io.tmpdir)
[DEBUG] 2023-05-06 13:27:39.128 [main] PlatformDependent:1303--Dio.netty.bitMode: 64 (sun.arch.data.model)
[DEBUG] 2023-05-06 13:27:39.128 [main] PlatformDependent:1063-Platform: Windows
[DEBUG] 2023-05-06 13:27:39.130 [main] PlatformDependent:178--Dio.netty.maxDirectMemory: -1 bytes
[DEBUG] 2023-05-06 13:27:39.130 [main] PlatformDependent:185--Dio.netty.uninitializedArrayAllocationThreshold: -1
[DEBUG] 2023-05-06 13:27:39.131 [main] CleanerJava9:71-java.nio.ByteBuffer.cleaner(): available
[DEBUG] 2023-05-06 13:27:39.132 [main] PlatformDependent:205--Dio.netty.noPreferDirect: false
[DEBUG] 2023-05-06 13:27:39.140 [main] PlatformDependent:967-org.jctools-core.MpscChunkedArrayQueue: available
[DEBUG] 2023-05-06 13:27:39.161 [main] InternalThreadLocalMap:83--Dio.netty.threadLocalMap.stringBuilder.initialSize: 1024
[DEBUG] 2023-05-06 13:27:39.161 [main] InternalThreadLocalMap:86--Dio.netty.threadLocalMap.stringBuilder.maxSize: 4096
[DEBUG] 2023-05-06 13:27:39.241 [main] JdkSslContext:97-Default protocols (JDK): [TLSv1.3, TLSv1.2] 
[DEBUG] 2023-05-06 13:27:39.243 [main] JdkSslContext:98-Default cipher suites (JDK): [TLS_ECDHE_ECDSA_WITH_AES_256_GCM_SHA384, TLS_ECDHE_ECDSA_WITH_AES_128_GCM_SHA256, TLS_ECDHE_RSA_WITH_AES_128_GCM_SHA256, TLS_ECDHE_RSA_WITH_AES_256_GCM_SHA384, TLS_ECDHE_RSA_WITH_AES_128_CBC_SHA, TLS_ECDHE_RSA_WITH_AES_256_CBC_SHA, TLS_RSA_WITH_AES_128_GCM_SHA256, TLS_RSA_WITH_AES_128_CBC_SHA, TLS_RSA_WITH_AES_256_CBC_SHA, TLS_AES_128_GCM_SHA256, TLS_AES_256_GCM_SHA384]
[DEBUG] 2023-05-06 13:27:39.314 [main] MultithreadEventLoopGroup:44--Dio.netty.eventLoopThreads: 16
[DEBUG] 2023-05-06 13:27:39.327 [main] NioEventLoop:106--Dio.netty.noKeySetOptimization: false
[DEBUG] 2023-05-06 13:27:39.328 [main] NioEventLoop:107--Dio.netty.selectorAutoRebuildThreshold: 512
[DEBUG] 2023-05-06 13:27:39.370 [main] PooledByteBufAllocator:155--Dio.netty.allocator.numHeapArenas: 16
[DEBUG] 2023-05-06 13:27:39.371 [main] PooledByteBufAllocator:156--Dio.netty.allocator.numDirectArenas: 16
[DEBUG] 2023-05-06 13:27:39.371 [main] PooledByteBufAllocator:158--Dio.netty.allocator.pageSize: 8192
[DEBUG] 2023-05-06 13:27:39.371 [main] PooledByteBufAllocator:163--Dio.netty.allocator.maxOrder: 11
[DEBUG] 2023-05-06 13:27:39.371 [main] PooledByteBufAllocator:167--Dio.netty.allocator.chunkSize: 16777216
[DEBUG] 2023-05-06 13:27:39.371 [main] PooledByteBufAllocator:168--Dio.netty.allocator.smallCacheSize: 256
[DEBUG] 2023-05-06 13:27:39.372 [main] PooledByteBufAllocator:169--Dio.netty.allocator.normalCacheSize: 64
[DEBUG] 2023-05-06 13:27:39.372 [main] PooledByteBufAllocator:170--Dio.netty.allocator.maxCachedBufferCapacity: 32768
[DEBUG] 2023-05-06 13:27:39.372 [main] PooledByteBufAllocator:171--Dio.netty.allocator.cacheTrimInterval: 8192
[DEBUG] 2023-05-06 13:27:39.372 [main] PooledByteBufAllocator:172--Dio.netty.allocator.cacheTrimIntervalMillis: 0
[DEBUG] 2023-05-06 13:27:39.372 [main] PooledByteBufAllocator:173--Dio.netty.allocator.useCacheForAllThreads: true
[DEBUG] 2023-05-06 13:27:39.372 [main] PooledByteBufAllocator:174--Dio.netty.allocator.maxCachedByteBuffersPerChunk: 1023
[DEBUG] 2023-05-06 13:27:39.384 [main] ByteBufUtil:87--Dio.netty.allocator.type: pooled
[DEBUG] 2023-05-06 13:27:39.384 [main] ByteBufUtil:96--Dio.netty.threadLocalDirectBufferSize: 0
[DEBUG] 2023-05-06 13:27:39.384 [main] ByteBufUtil:99--Dio.netty.maxThreadLocalCharBufferSize: 16384
[DEBUG] 2023-05-06 13:27:40.419 [Forwarding newSession on session null to remote] DefaultChannelId:79--Dio.netty.processId: 13524 (auto-detected)
[DEBUG] 2023-05-06 13:27:40.422 [Forwarding newSession on session null to remote] NetUtil:135--Djava.net.preferIPv4Stack: false
[DEBUG] 2023-05-06 13:27:40.422 [Forwarding newSession on session null to remote] NetUtil:136--Djava.net.preferIPv6Addresses: false
[DEBUG] 2023-05-06 13:27:40.795 [Forwarding newSession on session null to remote] NetUtilInitializations:129-Loopback interface: lo (Software Loopback Interface 1, 127.0.0.1)
[DEBUG] 2023-05-06 13:27:40.796 [Forwarding newSession on session null to remote] NetUtil:187-Failed to get SOMAXCONN from sysctl and file \proc\sys\net\core\somaxconn. Default: 200
[DEBUG] 2023-05-06 13:27:41.204 [Forwarding newSession on session null to remote] DefaultChannelId:101--Dio.netty.machineId: d0:c6:37:ff:fe:f7:a9:b8 (auto-detected)
[DEBUG] 2023-05-06 13:27:41.286 [AsyncHttpClient-1-2] AbstractByteBuf:63--Dio.netty.buffer.checkAccessible: true
[DEBUG] 2023-05-06 13:27:41.287 [AsyncHttpClient-1-2] AbstractByteBuf:64--Dio.netty.buffer.checkBounds: true
[DEBUG] 2023-05-06 13:27:41.288 [AsyncHttpClient-1-2] ResourceLeakDetectorFactory:196-Loaded default ResourceLeakDetector: io.netty.util.ResourceLeakDetector@2e29b8a2
[DEBUG] 2023-05-06 13:27:41.347 [AsyncHttpClient-1-2] Recycler:103--Dio.netty.recycler.maxCapacityPerThread: 4096
[DEBUG] 2023-05-06 13:27:41.348 [AsyncHttpClient-1-2] Recycler:104--Dio.netty.recycler.maxSharedCapacityFactor: 2
[DEBUG] 2023-05-06 13:27:41.348 [AsyncHttpClient-1-2] Recycler:105--Dio.netty.recycler.linkCapacity: 16
[DEBUG] 2023-05-06 13:27:41.348 [AsyncHttpClient-1-2] Recycler:106--Dio.netty.recycler.ratio: 8
[DEBUG] 2023-05-06 13:27:41.349 [AsyncHttpClient-1-2] Recycler:107--Dio.netty.recycler.delayedQueue.ratio: 8
[DEBUG] 2023-05-06 13:27:42.457 [AsyncHttpClient-1-2] Brotli:38-brotli4j not in the classpath; Brotli support will be unavailable.
[DEBUG] 2023-05-06 13:27:42.807 [main] ThreadLocalRandom:214--Dio.netty.initialSeedUniquifier: 0xa81e8eb2e273014c
[INFO ] 2023-05-06 13:27:43.584 [main] BaseTest:43-Init page
[DEBUG] 2023-05-06 13:28:45.194 [main] InternalLoggerFactory:76-Using Log4J2 as the default logging framework
[DEBUG] 2023-05-06 13:28:45.203 [main] ResourceLeakDetector:129--Dio.netty.leakDetection.level: simple
[DEBUG] 2023-05-06 13:28:45.203 [main] ResourceLeakDetector:130--Dio.netty.leakDetection.targetRecords: 4
[DEBUG] 2023-05-06 13:28:45.208 [main] ResourceLeakDetectorFactory:196-Loaded default ResourceLeakDetector: io.netty.util.ResourceLeakDetector@6d64b553
[DEBUG] 2023-05-06 13:28:45.230 [main] PlatformDependent0:460--Dio.netty.noUnsafe: false
[DEBUG] 2023-05-06 13:28:45.230 [main] PlatformDependent0:954-Java version: 11
[DEBUG] 2023-05-06 13:28:45.233 [main] PlatformDependent0:135-sun.misc.Unsafe.theUnsafe: available
[DEBUG] 2023-05-06 13:28:45.234 [main] PlatformDependent0:159-sun.misc.Unsafe.copyMemory: available
[DEBUG] 2023-05-06 13:28:45.235 [main] PlatformDependent0:202-java.nio.Buffer.address: available
[DEBUG] 2023-05-06 13:28:45.236 [main] PlatformDependent0:285-direct buffer constructor: unavailable: Reflective setAccessible(true) disabled
[DEBUG] 2023-05-06 13:28:45.238 [main] PlatformDependent0:350-java.nio.Bits.unaligned: available, true
[DEBUG] 2023-05-06 13:28:45.240 [main] PlatformDependent0:417-jdk.internal.misc.Unsafe.allocateUninitializedArray(int): unavailable: class io.netty.util.internal.PlatformDependent0$6 cannot access class jdk.internal.misc.Unsafe (in module java.base) because module java.base does not export jdk.internal.misc to unnamed module @599f571f
[DEBUG] 2023-05-06 13:28:45.242 [main] PlatformDependent0:446-java.nio.DirectByteBuffer.<init>(long, int): unavailable
[DEBUG] 2023-05-06 13:28:45.243 [main] PlatformDependent:1103-sun.misc.Unsafe: available
[DEBUG] 2023-05-06 13:28:45.244 [main] PlatformDependent:1205-maxDirectMemory: 2109734912 bytes (maybe)
[DEBUG] 2023-05-06 13:28:45.245 [main] PlatformDependent:1224--Dio.netty.tmpdir: C:\Users\YURAKO~1.000\AppData\Local\Temp (java.io.tmpdir)
[DEBUG] 2023-05-06 13:28:45.245 [main] PlatformDependent:1303--Dio.netty.bitMode: 64 (sun.arch.data.model)
[DEBUG] 2023-05-06 13:28:45.247 [main] PlatformDependent:1063-Platform: Windows
[DEBUG] 2023-05-06 13:28:45.249 [main] PlatformDependent:178--Dio.netty.maxDirectMemory: -1 bytes
[DEBUG] 2023-05-06 13:28:45.250 [main] PlatformDependent:185--Dio.netty.uninitializedArrayAllocationThreshold: -1
[DEBUG] 2023-05-06 13:28:45.253 [main] CleanerJava9:71-java.nio.ByteBuffer.cleaner(): available
[DEBUG] 2023-05-06 13:28:45.254 [main] PlatformDependent:205--Dio.netty.noPreferDirect: false
[DEBUG] 2023-05-06 13:28:45.274 [main] PlatformDependent:967-org.jctools-core.MpscChunkedArrayQueue: available
[DEBUG] 2023-05-06 13:28:45.317 [main] InternalThreadLocalMap:83--Dio.netty.threadLocalMap.stringBuilder.initialSize: 1024
[DEBUG] 2023-05-06 13:28:45.318 [main] InternalThreadLocalMap:86--Dio.netty.threadLocalMap.stringBuilder.maxSize: 4096
[DEBUG] 2023-05-06 13:28:45.376 [main] JdkSslContext:97-Default protocols (JDK): [TLSv1.3, TLSv1.2] 
[DEBUG] 2023-05-06 13:28:45.376 [main] JdkSslContext:98-Default cipher suites (JDK): [TLS_ECDHE_ECDSA_WITH_AES_256_GCM_SHA384, TLS_ECDHE_ECDSA_WITH_AES_128_GCM_SHA256, TLS_ECDHE_RSA_WITH_AES_128_GCM_SHA256, TLS_ECDHE_RSA_WITH_AES_256_GCM_SHA384, TLS_ECDHE_RSA_WITH_AES_128_CBC_SHA, TLS_ECDHE_RSA_WITH_AES_256_CBC_SHA, TLS_RSA_WITH_AES_128_GCM_SHA256, TLS_RSA_WITH_AES_128_CBC_SHA, TLS_RSA_WITH_AES_256_CBC_SHA, TLS_AES_128_GCM_SHA256, TLS_AES_256_GCM_SHA384]
[DEBUG] 2023-05-06 13:28:45.444 [main] MultithreadEventLoopGroup:44--Dio.netty.eventLoopThreads: 16
[DEBUG] 2023-05-06 13:28:45.460 [main] NioEventLoop:106--Dio.netty.noKeySetOptimization: false
[DEBUG] 2023-05-06 13:28:45.460 [main] NioEventLoop:107--Dio.netty.selectorAutoRebuildThreshold: 512
[DEBUG] 2023-05-06 13:28:45.511 [main] PooledByteBufAllocator:155--Dio.netty.allocator.numHeapArenas: 16
[DEBUG] 2023-05-06 13:28:45.511 [main] PooledByteBufAllocator:156--Dio.netty.allocator.numDirectArenas: 16
[DEBUG] 2023-05-06 13:28:45.511 [main] PooledByteBufAllocator:158--Dio.netty.allocator.pageSize: 8192
[DEBUG] 2023-05-06 13:28:45.511 [main] PooledByteBufAllocator:163--Dio.netty.allocator.maxOrder: 11
[DEBUG] 2023-05-06 13:28:45.511 [main] PooledByteBufAllocator:167--Dio.netty.allocator.chunkSize: 16777216
[DEBUG] 2023-05-06 13:28:45.511 [main] PooledByteBufAllocator:168--Dio.netty.allocator.smallCacheSize: 256
[DEBUG] 2023-05-06 13:28:45.511 [main] PooledByteBufAllocator:169--Dio.netty.allocator.normalCacheSize: 64
[DEBUG] 2023-05-06 13:28:45.512 [main] PooledByteBufAllocator:170--Dio.netty.allocator.maxCachedBufferCapacity: 32768
[DEBUG] 2023-05-06 13:28:45.512 [main] PooledByteBufAllocator:171--Dio.netty.allocator.cacheTrimInterval: 8192
[DEBUG] 2023-05-06 13:28:45.512 [main] PooledByteBufAllocator:172--Dio.netty.allocator.cacheTrimIntervalMillis: 0
[DEBUG] 2023-05-06 13:28:45.512 [main] PooledByteBufAllocator:173--Dio.netty.allocator.useCacheForAllThreads: true
[DEBUG] 2023-05-06 13:28:45.512 [main] PooledByteBufAllocator:174--Dio.netty.allocator.maxCachedByteBuffersPerChunk: 1023
[DEBUG] 2023-05-06 13:28:45.523 [main] ByteBufUtil:87--Dio.netty.allocator.type: pooled
[DEBUG] 2023-05-06 13:28:45.524 [main] ByteBufUtil:96--Dio.netty.threadLocalDirectBufferSize: 0
[DEBUG] 2023-05-06 13:28:45.524 [main] ByteBufUtil:99--Dio.netty.maxThreadLocalCharBufferSize: 16384
[DEBUG] 2023-05-06 13:28:46.537 [Forwarding newSession on session null to remote] DefaultChannelId:79--Dio.netty.processId: 13572 (auto-detected)
[DEBUG] 2023-05-06 13:28:46.540 [Forwarding newSession on session null to remote] NetUtil:135--Djava.net.preferIPv4Stack: false
[DEBUG] 2023-05-06 13:28:46.540 [Forwarding newSession on session null to remote] NetUtil:136--Djava.net.preferIPv6Addresses: false
[DEBUG] 2023-05-06 13:28:46.956 [Forwarding newSession on session null to remote] NetUtilInitializations:129-Loopback interface: lo (Software Loopback Interface 1, 127.0.0.1)
[DEBUG] 2023-05-06 13:28:46.957 [Forwarding newSession on session null to remote] NetUtil:187-Failed to get SOMAXCONN from sysctl and file \proc\sys\net\core\somaxconn. Default: 200
[DEBUG] 2023-05-06 13:28:47.529 [Forwarding newSession on session null to remote] DefaultChannelId:101--Dio.netty.machineId: d0:c6:37:ff:fe:f7:a9:b8 (auto-detected)
[DEBUG] 2023-05-06 13:28:47.630 [AsyncHttpClient-1-2] AbstractByteBuf:63--Dio.netty.buffer.checkAccessible: true
[DEBUG] 2023-05-06 13:28:47.631 [AsyncHttpClient-1-2] AbstractByteBuf:64--Dio.netty.buffer.checkBounds: true
[DEBUG] 2023-05-06 13:28:47.632 [AsyncHttpClient-1-2] ResourceLeakDetectorFactory:196-Loaded default ResourceLeakDetector: io.netty.util.ResourceLeakDetector@7bdc7a36
[DEBUG] 2023-05-06 13:28:47.677 [AsyncHttpClient-1-2] Recycler:103--Dio.netty.recycler.maxCapacityPerThread: 4096
[DEBUG] 2023-05-06 13:28:47.677 [AsyncHttpClient-1-2] Recycler:104--Dio.netty.recycler.maxSharedCapacityFactor: 2
[DEBUG] 2023-05-06 13:28:47.677 [AsyncHttpClient-1-2] Recycler:105--Dio.netty.recycler.linkCapacity: 16
[DEBUG] 2023-05-06 13:28:47.678 [AsyncHttpClient-1-2] Recycler:106--Dio.netty.recycler.ratio: 8
[DEBUG] 2023-05-06 13:28:47.678 [AsyncHttpClient-1-2] Recycler:107--Dio.netty.recycler.delayedQueue.ratio: 8
[DEBUG] 2023-05-06 13:28:48.623 [AsyncHttpClient-1-2] Brotli:38-brotli4j not in the classpath; Brotli support will be unavailable.
[DEBUG] 2023-05-06 13:28:48.961 [main] ThreadLocalRandom:214--Dio.netty.initialSeedUniquifier: 0xf1b1a3342ada35af
[INFO ] 2023-05-06 13:28:49.588 [main] BaseTest:43-Init page
[INFO ] 2023-05-06 13:28:51.095 [main] BaseTest:54-Click Contact
[INFO ] 2023-05-06 13:28:52.532 [main] BaseTest:60-Click Dropdown
[INFO ] 2023-05-06 13:28:52.579 [main] BaseTest:70-Switch to window
[DEBUG] 2023-05-06 13:28:52.580 [main] BaseTest:71-Switch to window by key: D7452993E5EFC0D27534437AE78C28AC
[DEBUG] 2023-05-06 13:28:52.580 [main] BaseTest:64-Try to click on button
[INFO ] 2023-05-06 13:28:55.306 [main] BaseTest:70-Click Callback
[DEBUG] 2023-05-06 13:32:41.885 [main] InternalLoggerFactory:76-Using Log4J2 as the default logging framework
[DEBUG] 2023-05-06 13:32:41.893 [main] ResourceLeakDetector:129--Dio.netty.leakDetection.level: simple
[DEBUG] 2023-05-06 13:32:41.894 [main] ResourceLeakDetector:130--Dio.netty.leakDetection.targetRecords: 4
[DEBUG] 2023-05-06 13:32:41.898 [main] ResourceLeakDetectorFactory:196-Loaded default ResourceLeakDetector: io.netty.util.ResourceLeakDetector@4303b7f0
[DEBUG] 2023-05-06 13:32:41.919 [main] PlatformDependent0:460--Dio.netty.noUnsafe: false
[DEBUG] 2023-05-06 13:32:41.919 [main] PlatformDependent0:954-Java version: 11
[DEBUG] 2023-05-06 13:32:41.921 [main] PlatformDependent0:135-sun.misc.Unsafe.theUnsafe: available
[DEBUG] 2023-05-06 13:32:41.922 [main] PlatformDependent0:159-sun.misc.Unsafe.copyMemory: available
[DEBUG] 2023-05-06 13:32:41.923 [main] PlatformDependent0:202-java.nio.Buffer.address: available
[DEBUG] 2023-05-06 13:32:41.923 [main] PlatformDependent0:285-direct buffer constructor: unavailable: Reflective setAccessible(true) disabled
[DEBUG] 2023-05-06 13:32:41.924 [main] PlatformDependent0:350-java.nio.Bits.unaligned: available, true
[DEBUG] 2023-05-06 13:32:41.926 [main] PlatformDependent0:417-jdk.internal.misc.Unsafe.allocateUninitializedArray(int): unavailable: class io.netty.util.internal.PlatformDependent0$6 cannot access class jdk.internal.misc.Unsafe (in module java.base) because module java.base does not export jdk.internal.misc to unnamed module @301d8120
[DEBUG] 2023-05-06 13:32:41.927 [main] PlatformDependent0:446-java.nio.DirectByteBuffer.<init>(long, int): unavailable
[DEBUG] 2023-05-06 13:32:41.927 [main] PlatformDependent:1103-sun.misc.Unsafe: available
[DEBUG] 2023-05-06 13:32:41.928 [main] PlatformDependent:1205-maxDirectMemory: 2109734912 bytes (maybe)
[DEBUG] 2023-05-06 13:32:41.928 [main] PlatformDependent:1224--Dio.netty.tmpdir: C:\Users\YURAKO~1.000\AppData\Local\Temp (java.io.tmpdir)
[DEBUG] 2023-05-06 13:32:41.929 [main] PlatformDependent:1303--Dio.netty.bitMode: 64 (sun.arch.data.model)
[DEBUG] 2023-05-06 13:32:41.929 [main] PlatformDependent:1063-Platform: Windows
[DEBUG] 2023-05-06 13:32:41.930 [main] PlatformDependent:178--Dio.netty.maxDirectMemory: -1 bytes
[DEBUG] 2023-05-06 13:32:41.930 [main] PlatformDependent:185--Dio.netty.uninitializedArrayAllocationThreshold: -1
[DEBUG] 2023-05-06 13:32:41.931 [main] CleanerJava9:71-java.nio.ByteBuffer.cleaner(): available
[DEBUG] 2023-05-06 13:32:41.932 [main] PlatformDependent:205--Dio.netty.noPreferDirect: false
[DEBUG] 2023-05-06 13:32:41.940 [main] PlatformDependent:967-org.jctools-core.MpscChunkedArrayQueue: available
[DEBUG] 2023-05-06 13:32:41.958 [main] InternalThreadLocalMap:83--Dio.netty.threadLocalMap.stringBuilder.initialSize: 1024
[DEBUG] 2023-05-06 13:32:41.959 [main] InternalThreadLocalMap:86--Dio.netty.threadLocalMap.stringBuilder.maxSize: 4096
[DEBUG] 2023-05-06 13:32:41.983 [main] JdkSslContext:97-Default protocols (JDK): [TLSv1.3, TLSv1.2] 
[DEBUG] 2023-05-06 13:32:41.983 [main] JdkSslContext:98-Default cipher suites (JDK): [TLS_ECDHE_ECDSA_WITH_AES_256_GCM_SHA384, TLS_ECDHE_ECDSA_WITH_AES_128_GCM_SHA256, TLS_ECDHE_RSA_WITH_AES_128_GCM_SHA256, TLS_ECDHE_RSA_WITH_AES_256_GCM_SHA384, TLS_ECDHE_RSA_WITH_AES_128_CBC_SHA, TLS_ECDHE_RSA_WITH_AES_256_CBC_SHA, TLS_RSA_WITH_AES_128_GCM_SHA256, TLS_RSA_WITH_AES_128_CBC_SHA, TLS_RSA_WITH_AES_256_CBC_SHA, TLS_AES_128_GCM_SHA256, TLS_AES_256_GCM_SHA384]
[DEBUG] 2023-05-06 13:32:42.010 [main] MultithreadEventLoopGroup:44--Dio.netty.eventLoopThreads: 16
[DEBUG] 2023-05-06 13:32:42.019 [main] NioEventLoop:106--Dio.netty.noKeySetOptimization: false
[DEBUG] 2023-05-06 13:32:42.019 [main] NioEventLoop:107--Dio.netty.selectorAutoRebuildThreshold: 512
[DEBUG] 2023-05-06 13:32:42.083 [main] PooledByteBufAllocator:155--Dio.netty.allocator.numHeapArenas: 16
[DEBUG] 2023-05-06 13:32:42.084 [main] PooledByteBufAllocator:156--Dio.netty.allocator.numDirectArenas: 16
[DEBUG] 2023-05-06 13:32:42.084 [main] PooledByteBufAllocator:158--Dio.netty.allocator.pageSize: 8192
[DEBUG] 2023-05-06 13:32:42.084 [main] PooledByteBufAllocator:163--Dio.netty.allocator.maxOrder: 11
[DEBUG] 2023-05-06 13:32:42.085 [main] PooledByteBufAllocator:167--Dio.netty.allocator.chunkSize: 16777216
[DEBUG] 2023-05-06 13:32:42.085 [main] PooledByteBufAllocator:168--Dio.netty.allocator.smallCacheSize: 256
[DEBUG] 2023-05-06 13:32:42.085 [main] PooledByteBufAllocator:169--Dio.netty.allocator.normalCacheSize: 64
[DEBUG] 2023-05-06 13:32:42.085 [main] PooledByteBufAllocator:170--Dio.netty.allocator.maxCachedBufferCapacity: 32768
[DEBUG] 2023-05-06 13:32:42.086 [main] PooledByteBufAllocator:171--Dio.netty.allocator.cacheTrimInterval: 8192
[DEBUG] 2023-05-06 13:32:42.086 [main] PooledByteBufAllocator:172--Dio.netty.allocator.cacheTrimIntervalMillis: 0
[DEBUG] 2023-05-06 13:32:42.087 [main] PooledByteBufAllocator:173--Dio.netty.allocator.useCacheForAllThreads: true
[DEBUG] 2023-05-06 13:32:42.087 [main] PooledByteBufAllocator:174--Dio.netty.allocator.maxCachedByteBuffersPerChunk: 1023
[DEBUG] 2023-05-06 13:32:42.112 [main] ByteBufUtil:87--Dio.netty.allocator.type: pooled
[DEBUG] 2023-05-06 13:32:42.113 [main] ByteBufUtil:96--Dio.netty.threadLocalDirectBufferSize: 0
[DEBUG] 2023-05-06 13:32:42.113 [main] ByteBufUtil:99--Dio.netty.maxThreadLocalCharBufferSize: 16384
[DEBUG] 2023-05-06 13:32:43.244 [Forwarding newSession on session null to remote] DefaultChannelId:79--Dio.netty.processId: 13012 (auto-detected)
[DEBUG] 2023-05-06 13:32:43.248 [Forwarding newSession on session null to remote] NetUtil:135--Djava.net.preferIPv4Stack: false
[DEBUG] 2023-05-06 13:32:43.249 [Forwarding newSession on session null to remote] NetUtil:136--Djava.net.preferIPv6Addresses: false
[DEBUG] 2023-05-06 13:32:43.801 [Forwarding newSession on session null to remote] NetUtilInitializations:129-Loopback interface: lo (Software Loopback Interface 1, 127.0.0.1)
[DEBUG] 2023-05-06 13:32:43.803 [Forwarding newSession on session null to remote] NetUtil:187-Failed to get SOMAXCONN from sysctl and file \proc\sys\net\core\somaxconn. Default: 200
[DEBUG] 2023-05-06 13:32:44.196 [Forwarding newSession on session null to remote] DefaultChannelId:101--Dio.netty.machineId: d0:c6:37:ff:fe:f7:a9:b8 (auto-detected)
[DEBUG] 2023-05-06 13:32:44.307 [AsyncHttpClient-1-2] AbstractByteBuf:63--Dio.netty.buffer.checkAccessible: true
[DEBUG] 2023-05-06 13:32:44.308 [AsyncHttpClient-1-2] AbstractByteBuf:64--Dio.netty.buffer.checkBounds: true
[DEBUG] 2023-05-06 13:32:44.308 [AsyncHttpClient-1-2] ResourceLeakDetectorFactory:196-Loaded default ResourceLeakDetector: io.netty.util.ResourceLeakDetector@6513944d
[DEBUG] 2023-05-06 13:32:44.367 [AsyncHttpClient-1-2] Recycler:103--Dio.netty.recycler.maxCapacityPerThread: 4096
[DEBUG] 2023-05-06 13:32:44.367 [AsyncHttpClient-1-2] Recycler:104--Dio.netty.recycler.maxSharedCapacityFactor: 2
[DEBUG] 2023-05-06 13:32:44.367 [AsyncHttpClient-1-2] Recycler:105--Dio.netty.recycler.linkCapacity: 16
[DEBUG] 2023-05-06 13:32:44.368 [AsyncHttpClient-1-2] Recycler:106--Dio.netty.recycler.ratio: 8
[DEBUG] 2023-05-06 13:32:44.368 [AsyncHttpClient-1-2] Recycler:107--Dio.netty.recycler.delayedQueue.ratio: 8
[DEBUG] 2023-05-06 13:32:45.360 [AsyncHttpClient-1-2] Brotli:38-brotli4j not in the classpath; Brotli support will be unavailable.
[DEBUG] 2023-05-06 13:32:45.646 [main] ThreadLocalRandom:214--Dio.netty.initialSeedUniquifier: 0x23fb50e8ef817a35
[INFO ] 2023-05-06 13:32:46.783 [main] BaseTest:36-Init page
[INFO ] 2023-05-06 13:32:48.482 [main] BaseTest:42-click close Popup Window
[INFO ] 2023-05-06 13:32:48.711 [main] BaseTest:48-Click Contact
[INFO ] 2023-05-06 13:32:50.286 [main] BaseTest:54-Click Dropdown
[INFO ] 2023-05-06 13:32:50.323 [main] BaseTest:70-Switch to window
[DEBUG] 2023-05-06 13:32:50.324 [main] BaseTest:71-Switch to window by key: E87A17B90BBF2BA5599504CA69A55738
[DEBUG] 2023-05-06 13:32:50.325 [main] BaseTest:58-Try to click on button
[INFO ] 2023-05-06 13:32:54.000 [main] BaseTest:64-Click Callback
[DEBUG] 2023-05-06 16:20:21.114 [main] InternalLoggerFactory:76-Using Log4J2 as the default logging framework
[DEBUG] 2023-05-06 16:20:21.130 [main] ResourceLeakDetector:129--Dio.netty.leakDetection.level: simple
[DEBUG] 2023-05-06 16:20:21.130 [main] ResourceLeakDetector:130--Dio.netty.leakDetection.targetRecords: 4
[DEBUG] 2023-05-06 16:20:21.130 [main] ResourceLeakDetectorFactory:196-Loaded default ResourceLeakDetector: io.netty.util.ResourceLeakDetector@34a0ef00
[DEBUG] 2023-05-06 16:20:21.146 [main] PlatformDependent0:460--Dio.netty.noUnsafe: false
[DEBUG] 2023-05-06 16:20:21.146 [main] PlatformDependent0:954-Java version: 11
[DEBUG] 2023-05-06 16:20:21.146 [main] PlatformDependent0:135-sun.misc.Unsafe.theUnsafe: available
[DEBUG] 2023-05-06 16:20:21.146 [main] PlatformDependent0:159-sun.misc.Unsafe.copyMemory: available
[DEBUG] 2023-05-06 16:20:21.146 [main] PlatformDependent0:202-java.nio.Buffer.address: available
[DEBUG] 2023-05-06 16:20:21.146 [main] PlatformDependent0:285-direct buffer constructor: unavailable: Reflective setAccessible(true) disabled
[DEBUG] 2023-05-06 16:20:21.146 [main] PlatformDependent0:350-java.nio.Bits.unaligned: available, true
[DEBUG] 2023-05-06 16:20:21.146 [main] PlatformDependent0:417-jdk.internal.misc.Unsafe.allocateUninitializedArray(int): unavailable: class io.netty.util.internal.PlatformDependent0$6 cannot access class jdk.internal.misc.Unsafe (in module java.base) because module java.base does not export jdk.internal.misc to unnamed module @2a1debfa
[DEBUG] 2023-05-06 16:20:21.161 [main] PlatformDependent0:446-java.nio.DirectByteBuffer.<init>(long, int): unavailable
[DEBUG] 2023-05-06 16:20:21.161 [main] PlatformDependent:1103-sun.misc.Unsafe: available
[DEBUG] 2023-05-06 16:20:21.161 [main] PlatformDependent:1205-maxDirectMemory: 2109734912 bytes (maybe)
[DEBUG] 2023-05-06 16:20:21.161 [main] PlatformDependent:1224--Dio.netty.tmpdir: C:\Users\YURAKO~1.000\AppData\Local\Temp (java.io.tmpdir)
[DEBUG] 2023-05-06 16:20:21.161 [main] PlatformDependent:1303--Dio.netty.bitMode: 64 (sun.arch.data.model)
[DEBUG] 2023-05-06 16:20:21.161 [main] PlatformDependent:1063-Platform: Windows
[DEBUG] 2023-05-06 16:20:21.161 [main] PlatformDependent:178--Dio.netty.maxDirectMemory: -1 bytes
[DEBUG] 2023-05-06 16:20:21.161 [main] PlatformDependent:185--Dio.netty.uninitializedArrayAllocationThreshold: -1
[DEBUG] 2023-05-06 16:20:21.161 [main] CleanerJava9:71-java.nio.ByteBuffer.cleaner(): available
[DEBUG] 2023-05-06 16:20:21.161 [main] PlatformDependent:205--Dio.netty.noPreferDirect: false
[DEBUG] 2023-05-06 16:20:21.161 [main] PlatformDependent:967-org.jctools-core.MpscChunkedArrayQueue: available
[DEBUG] 2023-05-06 16:20:21.192 [main] InternalThreadLocalMap:83--Dio.netty.threadLocalMap.stringBuilder.initialSize: 1024
[DEBUG] 2023-05-06 16:20:21.192 [main] InternalThreadLocalMap:86--Dio.netty.threadLocalMap.stringBuilder.maxSize: 4096
[DEBUG] 2023-05-06 16:20:21.224 [main] JdkSslContext:97-Default protocols (JDK): [TLSv1.3, TLSv1.2] 
[DEBUG] 2023-05-06 16:20:21.224 [main] JdkSslContext:98-Default cipher suites (JDK): [TLS_ECDHE_ECDSA_WITH_AES_256_GCM_SHA384, TLS_ECDHE_ECDSA_WITH_AES_128_GCM_SHA256, TLS_ECDHE_RSA_WITH_AES_128_GCM_SHA256, TLS_ECDHE_RSA_WITH_AES_256_GCM_SHA384, TLS_ECDHE_RSA_WITH_AES_128_CBC_SHA, TLS_ECDHE_RSA_WITH_AES_256_CBC_SHA, TLS_RSA_WITH_AES_128_GCM_SHA256, TLS_RSA_WITH_AES_128_CBC_SHA, TLS_RSA_WITH_AES_256_CBC_SHA, TLS_AES_128_GCM_SHA256, TLS_AES_256_GCM_SHA384]
[DEBUG] 2023-05-06 16:20:21.255 [main] MultithreadEventLoopGroup:44--Dio.netty.eventLoopThreads: 16
[DEBUG] 2023-05-06 16:20:21.255 [main] NioEventLoop:106--Dio.netty.noKeySetOptimization: false
[DEBUG] 2023-05-06 16:20:21.255 [main] NioEventLoop:107--Dio.netty.selectorAutoRebuildThreshold: 512
[DEBUG] 2023-05-06 16:20:21.302 [main] PooledByteBufAllocator:155--Dio.netty.allocator.numHeapArenas: 16
[DEBUG] 2023-05-06 16:20:21.317 [main] PooledByteBufAllocator:156--Dio.netty.allocator.numDirectArenas: 16
[DEBUG] 2023-05-06 16:20:21.317 [main] PooledByteBufAllocator:158--Dio.netty.allocator.pageSize: 8192
[DEBUG] 2023-05-06 16:20:21.317 [main] PooledByteBufAllocator:163--Dio.netty.allocator.maxOrder: 11
[DEBUG] 2023-05-06 16:20:21.317 [main] PooledByteBufAllocator:167--Dio.netty.allocator.chunkSize: 16777216
[DEBUG] 2023-05-06 16:20:21.317 [main] PooledByteBufAllocator:168--Dio.netty.allocator.smallCacheSize: 256
[DEBUG] 2023-05-06 16:20:21.317 [main] PooledByteBufAllocator:169--Dio.netty.allocator.normalCacheSize: 64
[DEBUG] 2023-05-06 16:20:21.317 [main] PooledByteBufAllocator:170--Dio.netty.allocator.maxCachedBufferCapacity: 32768
[DEBUG] 2023-05-06 16:20:21.317 [main] PooledByteBufAllocator:171--Dio.netty.allocator.cacheTrimInterval: 8192
[DEBUG] 2023-05-06 16:20:21.317 [main] PooledByteBufAllocator:172--Dio.netty.allocator.cacheTrimIntervalMillis: 0
[DEBUG] 2023-05-06 16:20:21.317 [main] PooledByteBufAllocator:173--Dio.netty.allocator.useCacheForAllThreads: true
[DEBUG] 2023-05-06 16:20:21.317 [main] PooledByteBufAllocator:174--Dio.netty.allocator.maxCachedByteBuffersPerChunk: 1023
[DEBUG] 2023-05-06 16:20:21.317 [main] ByteBufUtil:87--Dio.netty.allocator.type: pooled
[DEBUG] 2023-05-06 16:20:21.317 [main] ByteBufUtil:96--Dio.netty.threadLocalDirectBufferSize: 0
[DEBUG] 2023-05-06 16:20:21.317 [main] ByteBufUtil:99--Dio.netty.maxThreadLocalCharBufferSize: 16384
[DEBUG] 2023-05-06 16:20:22.755 [Forwarding newSession on session null to remote] DefaultChannelId:79--Dio.netty.processId: 6416 (auto-detected)
[DEBUG] 2023-05-06 16:20:22.755 [Forwarding newSession on session null to remote] NetUtil:135--Djava.net.preferIPv4Stack: false
[DEBUG] 2023-05-06 16:20:22.755 [Forwarding newSession on session null to remote] NetUtil:136--Djava.net.preferIPv6Addresses: false
[DEBUG] 2023-05-06 16:20:23.040 [Forwarding newSession on session null to remote] NetUtilInitializations:129-Loopback interface: lo (Software Loopback Interface 1, 127.0.0.1)
[DEBUG] 2023-05-06 16:20:23.040 [Forwarding newSession on session null to remote] NetUtil:187-Failed to get SOMAXCONN from sysctl and file \proc\sys\net\core\somaxconn. Default: 200
[DEBUG] 2023-05-06 16:20:23.277 [Forwarding newSession on session null to remote] DefaultChannelId:101--Dio.netty.machineId: d0:c6:37:ff:fe:f7:a9:b8 (auto-detected)
[DEBUG] 2023-05-06 16:20:23.340 [AsyncHttpClient-1-2] AbstractByteBuf:63--Dio.netty.buffer.checkAccessible: true
[DEBUG] 2023-05-06 16:20:23.340 [AsyncHttpClient-1-2] AbstractByteBuf:64--Dio.netty.buffer.checkBounds: true
[DEBUG] 2023-05-06 16:20:23.340 [AsyncHttpClient-1-2] ResourceLeakDetectorFactory:196-Loaded default ResourceLeakDetector: io.netty.util.ResourceLeakDetector@131c89e2
[DEBUG] 2023-05-06 16:20:23.402 [AsyncHttpClient-1-2] Recycler:103--Dio.netty.recycler.maxCapacityPerThread: 4096
[DEBUG] 2023-05-06 16:20:23.402 [AsyncHttpClient-1-2] Recycler:104--Dio.netty.recycler.maxSharedCapacityFactor: 2
[DEBUG] 2023-05-06 16:20:23.402 [AsyncHttpClient-1-2] Recycler:105--Dio.netty.recycler.linkCapacity: 16
[DEBUG] 2023-05-06 16:20:23.402 [AsyncHttpClient-1-2] Recycler:106--Dio.netty.recycler.ratio: 8
[DEBUG] 2023-05-06 16:20:23.402 [AsyncHttpClient-1-2] Recycler:107--Dio.netty.recycler.delayedQueue.ratio: 8
[DEBUG] 2023-05-06 16:20:24.258 [AsyncHttpClient-1-2] Brotli:38-brotli4j not in the classpath; Brotli support will be unavailable.
[DEBUG] 2023-05-06 16:20:24.430 [main] ThreadLocalRandom:214--Dio.netty.initialSeedUniquifier: 0xfbe691671abb80b5
[DEBUG] 2023-05-06 16:28:22.068 [main] InternalLoggerFactory:76-Using Log4J2 as the default logging framework
[DEBUG] 2023-05-06 16:28:22.081 [main] ResourceLeakDetector:129--Dio.netty.leakDetection.level: simple
[DEBUG] 2023-05-06 16:28:22.081 [main] ResourceLeakDetector:130--Dio.netty.leakDetection.targetRecords: 4
[DEBUG] 2023-05-06 16:28:22.090 [main] ResourceLeakDetectorFactory:196-Loaded default ResourceLeakDetector: io.netty.util.ResourceLeakDetector@6b410923
[DEBUG] 2023-05-06 16:28:22.141 [main] PlatformDependent0:460--Dio.netty.noUnsafe: false
[DEBUG] 2023-05-06 16:28:22.154 [main] PlatformDependent0:954-Java version: 11
[DEBUG] 2023-05-06 16:28:22.157 [main] PlatformDependent0:135-sun.misc.Unsafe.theUnsafe: available
[DEBUG] 2023-05-06 16:28:22.161 [main] PlatformDependent0:159-sun.misc.Unsafe.copyMemory: available
[DEBUG] 2023-05-06 16:28:22.162 [main] PlatformDependent0:202-java.nio.Buffer.address: available
[DEBUG] 2023-05-06 16:28:22.162 [main] PlatformDependent0:285-direct buffer constructor: unavailable: Reflective setAccessible(true) disabled
[DEBUG] 2023-05-06 16:28:22.165 [main] PlatformDependent0:350-java.nio.Bits.unaligned: available, true
[DEBUG] 2023-05-06 16:28:22.167 [main] PlatformDependent0:417-jdk.internal.misc.Unsafe.allocateUninitializedArray(int): unavailable: class io.netty.util.internal.PlatformDependent0$6 cannot access class jdk.internal.misc.Unsafe (in module java.base) because module java.base does not export jdk.internal.misc to unnamed module @4565a70a
[DEBUG] 2023-05-06 16:28:22.171 [main] PlatformDependent0:446-java.nio.DirectByteBuffer.<init>(long, int): unavailable
[DEBUG] 2023-05-06 16:28:22.171 [main] PlatformDependent:1103-sun.misc.Unsafe: available
[DEBUG] 2023-05-06 16:28:22.173 [main] PlatformDependent:1205-maxDirectMemory: 2109734912 bytes (maybe)
[DEBUG] 2023-05-06 16:28:22.174 [main] PlatformDependent:1224--Dio.netty.tmpdir: C:\Users\YURAKO~1.000\AppData\Local\Temp (java.io.tmpdir)
[DEBUG] 2023-05-06 16:28:22.175 [main] PlatformDependent:1303--Dio.netty.bitMode: 64 (sun.arch.data.model)
[DEBUG] 2023-05-06 16:28:22.175 [main] PlatformDependent:1063-Platform: Windows
[DEBUG] 2023-05-06 16:28:22.177 [main] PlatformDependent:178--Dio.netty.maxDirectMemory: -1 bytes
[DEBUG] 2023-05-06 16:28:22.178 [main] PlatformDependent:185--Dio.netty.uninitializedArrayAllocationThreshold: -1
[DEBUG] 2023-05-06 16:28:22.179 [main] CleanerJava9:71-java.nio.ByteBuffer.cleaner(): available
[DEBUG] 2023-05-06 16:28:22.179 [main] PlatformDependent:205--Dio.netty.noPreferDirect: false
[DEBUG] 2023-05-06 16:28:22.195 [main] PlatformDependent:967-org.jctools-core.MpscChunkedArrayQueue: available
[DEBUG] 2023-05-06 16:28:22.237 [main] InternalThreadLocalMap:83--Dio.netty.threadLocalMap.stringBuilder.initialSize: 1024
[DEBUG] 2023-05-06 16:28:22.238 [main] InternalThreadLocalMap:86--Dio.netty.threadLocalMap.stringBuilder.maxSize: 4096
[DEBUG] 2023-05-06 16:28:22.292 [main] JdkSslContext:97-Default protocols (JDK): [TLSv1.3, TLSv1.2] 
[DEBUG] 2023-05-06 16:28:22.292 [main] JdkSslContext:98-Default cipher suites (JDK): [TLS_ECDHE_ECDSA_WITH_AES_256_GCM_SHA384, TLS_ECDHE_ECDSA_WITH_AES_128_GCM_SHA256, TLS_ECDHE_RSA_WITH_AES_128_GCM_SHA256, TLS_ECDHE_RSA_WITH_AES_256_GCM_SHA384, TLS_ECDHE_RSA_WITH_AES_128_CBC_SHA, TLS_ECDHE_RSA_WITH_AES_256_CBC_SHA, TLS_RSA_WITH_AES_128_GCM_SHA256, TLS_RSA_WITH_AES_128_CBC_SHA, TLS_RSA_WITH_AES_256_CBC_SHA, TLS_AES_128_GCM_SHA256, TLS_AES_256_GCM_SHA384]
[DEBUG] 2023-05-06 16:28:22.339 [main] MultithreadEventLoopGroup:44--Dio.netty.eventLoopThreads: 16
[DEBUG] 2023-05-06 16:28:22.342 [main] NioEventLoop:106--Dio.netty.noKeySetOptimization: false
[DEBUG] 2023-05-06 16:28:22.342 [main] NioEventLoop:107--Dio.netty.selectorAutoRebuildThreshold: 512
[DEBUG] 2023-05-06 16:28:22.395 [main] PooledByteBufAllocator:155--Dio.netty.allocator.numHeapArenas: 16
[DEBUG] 2023-05-06 16:28:22.402 [main] PooledByteBufAllocator:156--Dio.netty.allocator.numDirectArenas: 16
[DEBUG] 2023-05-06 16:28:22.402 [main] PooledByteBufAllocator:158--Dio.netty.allocator.pageSize: 8192
[DEBUG] 2023-05-06 16:28:22.402 [main] PooledByteBufAllocator:163--Dio.netty.allocator.maxOrder: 11
[DEBUG] 2023-05-06 16:28:22.403 [main] PooledByteBufAllocator:167--Dio.netty.allocator.chunkSize: 16777216
[DEBUG] 2023-05-06 16:28:22.403 [main] PooledByteBufAllocator:168--Dio.netty.allocator.smallCacheSize: 256
[DEBUG] 2023-05-06 16:28:22.403 [main] PooledByteBufAllocator:169--Dio.netty.allocator.normalCacheSize: 64
[DEBUG] 2023-05-06 16:28:22.403 [main] PooledByteBufAllocator:170--Dio.netty.allocator.maxCachedBufferCapacity: 32768
[DEBUG] 2023-05-06 16:28:22.404 [main] PooledByteBufAllocator:171--Dio.netty.allocator.cacheTrimInterval: 8192
[DEBUG] 2023-05-06 16:28:22.405 [main] PooledByteBufAllocator:172--Dio.netty.allocator.cacheTrimIntervalMillis: 0
[DEBUG] 2023-05-06 16:28:22.405 [main] PooledByteBufAllocator:173--Dio.netty.allocator.useCacheForAllThreads: true
[DEBUG] 2023-05-06 16:28:22.405 [main] PooledByteBufAllocator:174--Dio.netty.allocator.maxCachedByteBuffersPerChunk: 1023
[DEBUG] 2023-05-06 16:28:22.422 [main] ByteBufUtil:87--Dio.netty.allocator.type: pooled
[DEBUG] 2023-05-06 16:28:22.422 [main] ByteBufUtil:96--Dio.netty.threadLocalDirectBufferSize: 0
[DEBUG] 2023-05-06 16:28:22.422 [main] ByteBufUtil:99--Dio.netty.maxThreadLocalCharBufferSize: 16384
[DEBUG] 2023-05-06 16:28:23.485 [Forwarding newSession on session null to remote] DefaultChannelId:79--Dio.netty.processId: 9460 (auto-detected)
[DEBUG] 2023-05-06 16:28:23.485 [Forwarding newSession on session null to remote] NetUtil:135--Djava.net.preferIPv4Stack: false
[DEBUG] 2023-05-06 16:28:23.485 [Forwarding newSession on session null to remote] NetUtil:136--Djava.net.preferIPv6Addresses: false
[DEBUG] 2023-05-06 16:28:24.011 [Forwarding newSession on session null to remote] NetUtilInitializations:129-Loopback interface: lo (Software Loopback Interface 1, 127.0.0.1)
[DEBUG] 2023-05-06 16:28:24.011 [Forwarding newSession on session null to remote] NetUtil:187-Failed to get SOMAXCONN from sysctl and file \proc\sys\net\core\somaxconn. Default: 200
[DEBUG] 2023-05-06 16:28:24.503 [Forwarding newSession on session null to remote] DefaultChannelId:101--Dio.netty.machineId: d0:c6:37:ff:fe:f7:a9:b8 (auto-detected)
[DEBUG] 2023-05-06 16:28:24.547 [AsyncHttpClient-1-2] AbstractByteBuf:63--Dio.netty.buffer.checkAccessible: true
[DEBUG] 2023-05-06 16:28:24.557 [AsyncHttpClient-1-2] AbstractByteBuf:64--Dio.netty.buffer.checkBounds: true
[DEBUG] 2023-05-06 16:28:24.557 [AsyncHttpClient-1-2] ResourceLeakDetectorFactory:196-Loaded default ResourceLeakDetector: io.netty.util.ResourceLeakDetector@5f03e0d2
[DEBUG] 2023-05-06 16:28:24.586 [AsyncHttpClient-1-2] Recycler:103--Dio.netty.recycler.maxCapacityPerThread: 4096
[DEBUG] 2023-05-06 16:28:24.586 [AsyncHttpClient-1-2] Recycler:104--Dio.netty.recycler.maxSharedCapacityFactor: 2
[DEBUG] 2023-05-06 16:28:24.586 [AsyncHttpClient-1-2] Recycler:105--Dio.netty.recycler.linkCapacity: 16
[DEBUG] 2023-05-06 16:28:24.586 [AsyncHttpClient-1-2] Recycler:106--Dio.netty.recycler.ratio: 8
[DEBUG] 2023-05-06 16:28:24.587 [AsyncHttpClient-1-2] Recycler:107--Dio.netty.recycler.delayedQueue.ratio: 8
[DEBUG] 2023-05-06 16:28:25.415 [AsyncHttpClient-1-2] Brotli:38-brotli4j not in the classpath; Brotli support will be unavailable.
[DEBUG] 2023-05-06 16:28:25.734 [main] ThreadLocalRandom:214--Dio.netty.initialSeedUniquifier: 0xd94fb1e44fd4e581
[INFO ] 2023-05-06 16:28:37.131 [main] BaseTest:58-search product: adidas shoes men
[DEBUG] 2023-05-06 16:29:35.779 [main] InternalLoggerFactory:76-Using Log4J2 as the default logging framework
[DEBUG] 2023-05-06 16:29:35.801 [main] ResourceLeakDetector:129--Dio.netty.leakDetection.level: simple
[DEBUG] 2023-05-06 16:29:35.802 [main] ResourceLeakDetector:130--Dio.netty.leakDetection.targetRecords: 4
[DEBUG] 2023-05-06 16:29:35.814 [main] ResourceLeakDetectorFactory:196-Loaded default ResourceLeakDetector: io.netty.util.ResourceLeakDetector@6719a5b8
[DEBUG] 2023-05-06 16:29:35.853 [main] PlatformDependent0:460--Dio.netty.noUnsafe: false
[DEBUG] 2023-05-06 16:29:35.854 [main] PlatformDependent0:954-Java version: 11
[DEBUG] 2023-05-06 16:29:35.854 [main] PlatformDependent0:135-sun.misc.Unsafe.theUnsafe: available
[DEBUG] 2023-05-06 16:29:35.859 [main] PlatformDependent0:159-sun.misc.Unsafe.copyMemory: available
[DEBUG] 2023-05-06 16:29:35.861 [main] PlatformDependent0:202-java.nio.Buffer.address: available
[DEBUG] 2023-05-06 16:29:35.861 [main] PlatformDependent0:285-direct buffer constructor: unavailable: Reflective setAccessible(true) disabled
[DEBUG] 2023-05-06 16:29:35.864 [main] PlatformDependent0:350-java.nio.Bits.unaligned: available, true
[DEBUG] 2023-05-06 16:29:35.866 [main] PlatformDependent0:417-jdk.internal.misc.Unsafe.allocateUninitializedArray(int): unavailable: class io.netty.util.internal.PlatformDependent0$6 cannot access class jdk.internal.misc.Unsafe (in module java.base) because module java.base does not export jdk.internal.misc to unnamed module @4917d36b
[DEBUG] 2023-05-06 16:29:35.868 [main] PlatformDependent0:446-java.nio.DirectByteBuffer.<init>(long, int): unavailable
[DEBUG] 2023-05-06 16:29:35.868 [main] PlatformDependent:1103-sun.misc.Unsafe: available
[DEBUG] 2023-05-06 16:29:35.870 [main] PlatformDependent:1205-maxDirectMemory: 2109734912 bytes (maybe)
[DEBUG] 2023-05-06 16:29:35.870 [main] PlatformDependent:1224--Dio.netty.tmpdir: C:\Users\YURAKO~1.000\AppData\Local\Temp (java.io.tmpdir)
[DEBUG] 2023-05-06 16:29:35.871 [main] PlatformDependent:1303--Dio.netty.bitMode: 64 (sun.arch.data.model)
[DEBUG] 2023-05-06 16:29:35.871 [main] PlatformDependent:1063-Platform: Windows
[DEBUG] 2023-05-06 16:29:35.873 [main] PlatformDependent:178--Dio.netty.maxDirectMemory: -1 bytes
[DEBUG] 2023-05-06 16:29:35.874 [main] PlatformDependent:185--Dio.netty.uninitializedArrayAllocationThreshold: -1
[DEBUG] 2023-05-06 16:29:35.876 [main] CleanerJava9:71-java.nio.ByteBuffer.cleaner(): available
[DEBUG] 2023-05-06 16:29:35.877 [main] PlatformDependent:205--Dio.netty.noPreferDirect: false
[DEBUG] 2023-05-06 16:29:35.879 [main] PlatformDependent:967-org.jctools-core.MpscChunkedArrayQueue: available
[DEBUG] 2023-05-06 16:29:35.897 [main] InternalThreadLocalMap:83--Dio.netty.threadLocalMap.stringBuilder.initialSize: 1024
[DEBUG] 2023-05-06 16:29:35.897 [main] InternalThreadLocalMap:86--Dio.netty.threadLocalMap.stringBuilder.maxSize: 4096
[DEBUG] 2023-05-06 16:29:35.929 [main] JdkSslContext:97-Default protocols (JDK): [TLSv1.3, TLSv1.2] 
[DEBUG] 2023-05-06 16:29:35.929 [main] JdkSslContext:98-Default cipher suites (JDK): [TLS_ECDHE_ECDSA_WITH_AES_256_GCM_SHA384, TLS_ECDHE_ECDSA_WITH_AES_128_GCM_SHA256, TLS_ECDHE_RSA_WITH_AES_128_GCM_SHA256, TLS_ECDHE_RSA_WITH_AES_256_GCM_SHA384, TLS_ECDHE_RSA_WITH_AES_128_CBC_SHA, TLS_ECDHE_RSA_WITH_AES_256_CBC_SHA, TLS_RSA_WITH_AES_128_GCM_SHA256, TLS_RSA_WITH_AES_128_CBC_SHA, TLS_RSA_WITH_AES_256_CBC_SHA, TLS_AES_128_GCM_SHA256, TLS_AES_256_GCM_SHA384]
[DEBUG] 2023-05-06 16:29:35.953 [main] MultithreadEventLoopGroup:44--Dio.netty.eventLoopThreads: 16
[DEBUG] 2023-05-06 16:29:35.955 [main] NioEventLoop:106--Dio.netty.noKeySetOptimization: false
[DEBUG] 2023-05-06 16:29:35.955 [main] NioEventLoop:107--Dio.netty.selectorAutoRebuildThreshold: 512
[DEBUG] 2023-05-06 16:29:36.010 [main] PooledByteBufAllocator:155--Dio.netty.allocator.numHeapArenas: 16
[DEBUG] 2023-05-06 16:29:36.016 [main] PooledByteBufAllocator:156--Dio.netty.allocator.numDirectArenas: 16
[DEBUG] 2023-05-06 16:29:36.016 [main] PooledByteBufAllocator:158--Dio.netty.allocator.pageSize: 8192
[DEBUG] 2023-05-06 16:29:36.016 [main] PooledByteBufAllocator:163--Dio.netty.allocator.maxOrder: 11
[DEBUG] 2023-05-06 16:29:36.016 [main] PooledByteBufAllocator:167--Dio.netty.allocator.chunkSize: 16777216
[DEBUG] 2023-05-06 16:29:36.016 [main] PooledByteBufAllocator:168--Dio.netty.allocator.smallCacheSize: 256
[DEBUG] 2023-05-06 16:29:36.016 [main] PooledByteBufAllocator:169--Dio.netty.allocator.normalCacheSize: 64
[DEBUG] 2023-05-06 16:29:36.017 [main] PooledByteBufAllocator:170--Dio.netty.allocator.maxCachedBufferCapacity: 32768
[DEBUG] 2023-05-06 16:29:36.017 [main] PooledByteBufAllocator:171--Dio.netty.allocator.cacheTrimInterval: 8192
[DEBUG] 2023-05-06 16:29:36.017 [main] PooledByteBufAllocator:172--Dio.netty.allocator.cacheTrimIntervalMillis: 0
[DEBUG] 2023-05-06 16:29:36.017 [main] PooledByteBufAllocator:173--Dio.netty.allocator.useCacheForAllThreads: true
[DEBUG] 2023-05-06 16:29:36.017 [main] PooledByteBufAllocator:174--Dio.netty.allocator.maxCachedByteBuffersPerChunk: 1023
[DEBUG] 2023-05-06 16:29:36.031 [main] ByteBufUtil:87--Dio.netty.allocator.type: pooled
[DEBUG] 2023-05-06 16:29:36.031 [main] ByteBufUtil:96--Dio.netty.threadLocalDirectBufferSize: 0
[DEBUG] 2023-05-06 16:29:36.031 [main] ByteBufUtil:99--Dio.netty.maxThreadLocalCharBufferSize: 16384
[DEBUG] 2023-05-06 16:29:37.017 [Forwarding newSession on session null to remote] DefaultChannelId:79--Dio.netty.processId: 16036 (auto-detected)
[DEBUG] 2023-05-06 16:29:37.017 [Forwarding newSession on session null to remote] NetUtil:135--Djava.net.preferIPv4Stack: false
[DEBUG] 2023-05-06 16:29:37.017 [Forwarding newSession on session null to remote] NetUtil:136--Djava.net.preferIPv6Addresses: false
[DEBUG] 2023-05-06 16:29:37.425 [Forwarding newSession on session null to remote] NetUtilInitializations:129-Loopback interface: lo (Software Loopback Interface 1, 127.0.0.1)
[DEBUG] 2023-05-06 16:29:37.426 [Forwarding newSession on session null to remote] NetUtil:187-Failed to get SOMAXCONN from sysctl and file \proc\sys\net\core\somaxconn. Default: 200
[DEBUG] 2023-05-06 16:29:37.768 [Forwarding newSession on session null to remote] DefaultChannelId:101--Dio.netty.machineId: d0:c6:37:ff:fe:f7:a9:b8 (auto-detected)
[DEBUG] 2023-05-06 16:29:37.852 [AsyncHttpClient-1-2] AbstractByteBuf:63--Dio.netty.buffer.checkAccessible: true
[DEBUG] 2023-05-06 16:29:37.853 [AsyncHttpClient-1-2] AbstractByteBuf:64--Dio.netty.buffer.checkBounds: true
[DEBUG] 2023-05-06 16:29:37.853 [AsyncHttpClient-1-2] ResourceLeakDetectorFactory:196-Loaded default ResourceLeakDetector: io.netty.util.ResourceLeakDetector@7c7e7f5e
[DEBUG] 2023-05-06 16:29:37.898 [AsyncHttpClient-1-2] Recycler:103--Dio.netty.recycler.maxCapacityPerThread: 4096
[DEBUG] 2023-05-06 16:29:37.899 [AsyncHttpClient-1-2] Recycler:104--Dio.netty.recycler.maxSharedCapacityFactor: 2
[DEBUG] 2023-05-06 16:29:37.899 [AsyncHttpClient-1-2] Recycler:105--Dio.netty.recycler.linkCapacity: 16
[DEBUG] 2023-05-06 16:29:37.899 [AsyncHttpClient-1-2] Recycler:106--Dio.netty.recycler.ratio: 8
[DEBUG] 2023-05-06 16:29:37.899 [AsyncHttpClient-1-2] Recycler:107--Dio.netty.recycler.delayedQueue.ratio: 8
[DEBUG] 2023-05-06 16:29:38.818 [AsyncHttpClient-1-2] Brotli:38-brotli4j not in the classpath; Brotli support will be unavailable.
[DEBUG] 2023-05-06 16:29:39.129 [main] ThreadLocalRandom:214--Dio.netty.initialSeedUniquifier: 0x1ec69370f9af6a0c
[INFO ] 2023-05-06 16:29:50.392 [main] BaseTest:58-search product: adidas shoes men
[DEBUG] 2023-05-06 16:30:51.403 [main] InternalLoggerFactory:76-Using Log4J2 as the default logging framework
[DEBUG] 2023-05-06 16:30:51.417 [main] ResourceLeakDetector:129--Dio.netty.leakDetection.level: simple
[DEBUG] 2023-05-06 16:30:51.418 [main] ResourceLeakDetector:130--Dio.netty.leakDetection.targetRecords: 4
[DEBUG] 2023-05-06 16:30:51.428 [main] ResourceLeakDetectorFactory:196-Loaded default ResourceLeakDetector: io.netty.util.ResourceLeakDetector@60f2e0bd
[DEBUG] 2023-05-06 16:30:51.474 [main] PlatformDependent0:460--Dio.netty.noUnsafe: false
[DEBUG] 2023-05-06 16:30:51.475 [main] PlatformDependent0:954-Java version: 11
[DEBUG] 2023-05-06 16:30:51.479 [main] PlatformDependent0:135-sun.misc.Unsafe.theUnsafe: available
[DEBUG] 2023-05-06 16:30:51.480 [main] PlatformDependent0:159-sun.misc.Unsafe.copyMemory: available
[DEBUG] 2023-05-06 16:30:51.481 [main] PlatformDependent0:202-java.nio.Buffer.address: available
[DEBUG] 2023-05-06 16:30:51.482 [main] PlatformDependent0:285-direct buffer constructor: unavailable: Reflective setAccessible(true) disabled
[DEBUG] 2023-05-06 16:30:51.485 [main] PlatformDependent0:350-java.nio.Bits.unaligned: available, true
[DEBUG] 2023-05-06 16:30:51.487 [main] PlatformDependent0:417-jdk.internal.misc.Unsafe.allocateUninitializedArray(int): unavailable: class io.netty.util.internal.PlatformDependent0$6 cannot access class jdk.internal.misc.Unsafe (in module java.base) because module java.base does not export jdk.internal.misc to unnamed module @13d186db
[DEBUG] 2023-05-06 16:30:51.492 [main] PlatformDependent0:446-java.nio.DirectByteBuffer.<init>(long, int): unavailable
[DEBUG] 2023-05-06 16:30:51.492 [main] PlatformDependent:1103-sun.misc.Unsafe: available
[DEBUG] 2023-05-06 16:30:51.492 [main] PlatformDependent:1205-maxDirectMemory: 2109734912 bytes (maybe)
[DEBUG] 2023-05-06 16:30:51.496 [main] PlatformDependent:1224--Dio.netty.tmpdir: C:\Users\YURAKO~1.000\AppData\Local\Temp (java.io.tmpdir)
[DEBUG] 2023-05-06 16:30:51.497 [main] PlatformDependent:1303--Dio.netty.bitMode: 64 (sun.arch.data.model)
[DEBUG] 2023-05-06 16:30:51.498 [main] PlatformDependent:1063-Platform: Windows
[DEBUG] 2023-05-06 16:30:51.500 [main] PlatformDependent:178--Dio.netty.maxDirectMemory: -1 bytes
[DEBUG] 2023-05-06 16:30:51.500 [main] PlatformDependent:185--Dio.netty.uninitializedArrayAllocationThreshold: -1
[DEBUG] 2023-05-06 16:30:51.503 [main] CleanerJava9:71-java.nio.ByteBuffer.cleaner(): available
[DEBUG] 2023-05-06 16:30:51.504 [main] PlatformDependent:205--Dio.netty.noPreferDirect: false
[DEBUG] 2023-05-06 16:30:51.520 [main] PlatformDependent:967-org.jctools-core.MpscChunkedArrayQueue: available
[DEBUG] 2023-05-06 16:30:51.555 [main] InternalThreadLocalMap:83--Dio.netty.threadLocalMap.stringBuilder.initialSize: 1024
[DEBUG] 2023-05-06 16:30:51.555 [main] InternalThreadLocalMap:86--Dio.netty.threadLocalMap.stringBuilder.maxSize: 4096
[DEBUG] 2023-05-06 16:30:51.606 [main] JdkSslContext:97-Default protocols (JDK): [TLSv1.3, TLSv1.2] 
[DEBUG] 2023-05-06 16:30:51.607 [main] JdkSslContext:98-Default cipher suites (JDK): [TLS_ECDHE_ECDSA_WITH_AES_256_GCM_SHA384, TLS_ECDHE_ECDSA_WITH_AES_128_GCM_SHA256, TLS_ECDHE_RSA_WITH_AES_128_GCM_SHA256, TLS_ECDHE_RSA_WITH_AES_256_GCM_SHA384, TLS_ECDHE_RSA_WITH_AES_128_CBC_SHA, TLS_ECDHE_RSA_WITH_AES_256_CBC_SHA, TLS_RSA_WITH_AES_128_GCM_SHA256, TLS_RSA_WITH_AES_128_CBC_SHA, TLS_RSA_WITH_AES_256_CBC_SHA, TLS_AES_128_GCM_SHA256, TLS_AES_256_GCM_SHA384]
[DEBUG] 2023-05-06 16:30:51.658 [main] MultithreadEventLoopGroup:44--Dio.netty.eventLoopThreads: 16
[DEBUG] 2023-05-06 16:30:51.661 [main] NioEventLoop:106--Dio.netty.noKeySetOptimization: false
[DEBUG] 2023-05-06 16:30:51.674 [main] NioEventLoop:107--Dio.netty.selectorAutoRebuildThreshold: 512
[DEBUG] 2023-05-06 16:30:51.822 [main] PooledByteBufAllocator:155--Dio.netty.allocator.numHeapArenas: 16
[DEBUG] 2023-05-06 16:30:51.822 [main] PooledByteBufAllocator:156--Dio.netty.allocator.numDirectArenas: 16
[DEBUG] 2023-05-06 16:30:51.823 [main] PooledByteBufAllocator:158--Dio.netty.allocator.pageSize: 8192
[DEBUG] 2023-05-06 16:30:51.823 [main] PooledByteBufAllocator:163--Dio.netty.allocator.maxOrder: 11
[DEBUG] 2023-05-06 16:30:51.824 [main] PooledByteBufAllocator:167--Dio.netty.allocator.chunkSize: 16777216
[DEBUG] 2023-05-06 16:30:51.824 [main] PooledByteBufAllocator:168--Dio.netty.allocator.smallCacheSize: 256
[DEBUG] 2023-05-06 16:30:51.825 [main] PooledByteBufAllocator:169--Dio.netty.allocator.normalCacheSize: 64
[DEBUG] 2023-05-06 16:30:51.825 [main] PooledByteBufAllocator:170--Dio.netty.allocator.maxCachedBufferCapacity: 32768
[DEBUG] 2023-05-06 16:30:51.826 [main] PooledByteBufAllocator:171--Dio.netty.allocator.cacheTrimInterval: 8192
[DEBUG] 2023-05-06 16:30:51.827 [main] PooledByteBufAllocator:172--Dio.netty.allocator.cacheTrimIntervalMillis: 0
[DEBUG] 2023-05-06 16:30:51.827 [main] PooledByteBufAllocator:173--Dio.netty.allocator.useCacheForAllThreads: true
[DEBUG] 2023-05-06 16:30:51.828 [main] PooledByteBufAllocator:174--Dio.netty.allocator.maxCachedByteBuffersPerChunk: 1023
[DEBUG] 2023-05-06 16:30:51.872 [main] ByteBufUtil:87--Dio.netty.allocator.type: pooled
[DEBUG] 2023-05-06 16:30:51.872 [main] ByteBufUtil:96--Dio.netty.threadLocalDirectBufferSize: 0
[DEBUG] 2023-05-06 16:30:51.873 [main] ByteBufUtil:99--Dio.netty.maxThreadLocalCharBufferSize: 16384
[DEBUG] 2023-05-06 16:30:53.137 [Forwarding newSession on session null to remote] DefaultChannelId:79--Dio.netty.processId: 2952 (auto-detected)
[DEBUG] 2023-05-06 16:30:53.138 [Forwarding newSession on session null to remote] NetUtil:135--Djava.net.preferIPv4Stack: false
[DEBUG] 2023-05-06 16:30:53.141 [Forwarding newSession on session null to remote] NetUtil:136--Djava.net.preferIPv6Addresses: false
[DEBUG] 2023-05-06 16:30:53.810 [Forwarding newSession on session null to remote] NetUtilInitializations:129-Loopback interface: lo (Software Loopback Interface 1, 127.0.0.1)
[DEBUG] 2023-05-06 16:30:53.810 [Forwarding newSession on session null to remote] NetUtil:187-Failed to get SOMAXCONN from sysctl and file \proc\sys\net\core\somaxconn. Default: 200
[DEBUG] 2023-05-06 16:30:54.374 [Forwarding newSession on session null to remote] DefaultChannelId:101--Dio.netty.machineId: d0:c6:37:ff:fe:f7:a9:b8 (auto-detected)
[DEBUG] 2023-05-06 16:30:54.462 [AsyncHttpClient-1-2] AbstractByteBuf:63--Dio.netty.buffer.checkAccessible: true
[DEBUG] 2023-05-06 16:30:54.464 [AsyncHttpClient-1-2] AbstractByteBuf:64--Dio.netty.buffer.checkBounds: true
[DEBUG] 2023-05-06 16:30:54.464 [AsyncHttpClient-1-2] ResourceLeakDetectorFactory:196-Loaded default ResourceLeakDetector: io.netty.util.ResourceLeakDetector@33c9f37e
[DEBUG] 2023-05-06 16:30:54.514 [AsyncHttpClient-1-2] Recycler:103--Dio.netty.recycler.maxCapacityPerThread: 4096
[DEBUG] 2023-05-06 16:30:54.514 [AsyncHttpClient-1-2] Recycler:104--Dio.netty.recycler.maxSharedCapacityFactor: 2
[DEBUG] 2023-05-06 16:30:54.515 [AsyncHttpClient-1-2] Recycler:105--Dio.netty.recycler.linkCapacity: 16
[DEBUG] 2023-05-06 16:30:54.515 [AsyncHttpClient-1-2] Recycler:106--Dio.netty.recycler.ratio: 8
[DEBUG] 2023-05-06 16:30:54.515 [AsyncHttpClient-1-2] Recycler:107--Dio.netty.recycler.delayedQueue.ratio: 8
[DEBUG] 2023-05-06 16:30:55.454 [AsyncHttpClient-1-2] Brotli:38-brotli4j not in the classpath; Brotli support will be unavailable.
[DEBUG] 2023-05-06 16:30:55.771 [main] ThreadLocalRandom:214--Dio.netty.initialSeedUniquifier: 0x57fa4fed01ca4dd9
[DEBUG] 2023-05-06 16:39:27.560 [main] InternalLoggerFactory:76-Using Log4J2 as the default logging framework
[DEBUG] 2023-05-06 16:39:27.576 [main] ResourceLeakDetector:129--Dio.netty.leakDetection.level: simple
[DEBUG] 2023-05-06 16:39:27.576 [main] ResourceLeakDetector:130--Dio.netty.leakDetection.targetRecords: 4
[DEBUG] 2023-05-06 16:39:27.583 [main] ResourceLeakDetectorFactory:196-Loaded default ResourceLeakDetector: io.netty.util.ResourceLeakDetector@203dd56b
[DEBUG] 2023-05-06 16:39:27.612 [main] PlatformDependent0:460--Dio.netty.noUnsafe: false
[DEBUG] 2023-05-06 16:39:27.612 [main] PlatformDependent0:954-Java version: 11
[DEBUG] 2023-05-06 16:39:27.615 [main] PlatformDependent0:135-sun.misc.Unsafe.theUnsafe: available
[DEBUG] 2023-05-06 16:39:27.618 [main] PlatformDependent0:159-sun.misc.Unsafe.copyMemory: available
[DEBUG] 2023-05-06 16:39:27.618 [main] PlatformDependent0:202-java.nio.Buffer.address: available
[DEBUG] 2023-05-06 16:39:27.621 [main] PlatformDependent0:285-direct buffer constructor: unavailable: Reflective setAccessible(true) disabled
[DEBUG] 2023-05-06 16:39:27.622 [main] PlatformDependent0:350-java.nio.Bits.unaligned: available, true
[DEBUG] 2023-05-06 16:39:27.624 [main] PlatformDependent0:417-jdk.internal.misc.Unsafe.allocateUninitializedArray(int): unavailable: class io.netty.util.internal.PlatformDependent0$6 cannot access class jdk.internal.misc.Unsafe (in module java.base) because module java.base does not export jdk.internal.misc to unnamed module @15723761
[DEBUG] 2023-05-06 16:39:27.626 [main] PlatformDependent0:446-java.nio.DirectByteBuffer.<init>(long, int): unavailable
[DEBUG] 2023-05-06 16:39:27.626 [main] PlatformDependent:1103-sun.misc.Unsafe: available
[DEBUG] 2023-05-06 16:39:27.626 [main] PlatformDependent:1205-maxDirectMemory: 2109734912 bytes (maybe)
[DEBUG] 2023-05-06 16:39:27.629 [main] PlatformDependent:1224--Dio.netty.tmpdir: C:\Users\YURAKO~1.000\AppData\Local\Temp (java.io.tmpdir)
[DEBUG] 2023-05-06 16:39:27.629 [main] PlatformDependent:1303--Dio.netty.bitMode: 64 (sun.arch.data.model)
[DEBUG] 2023-05-06 16:39:27.630 [main] PlatformDependent:1063-Platform: Windows
[DEBUG] 2023-05-06 16:39:27.632 [main] PlatformDependent:178--Dio.netty.maxDirectMemory: -1 bytes
[DEBUG] 2023-05-06 16:39:27.632 [main] PlatformDependent:185--Dio.netty.uninitializedArrayAllocationThreshold: -1
[DEBUG] 2023-05-06 16:39:27.635 [main] CleanerJava9:71-java.nio.ByteBuffer.cleaner(): available
[DEBUG] 2023-05-06 16:39:27.635 [main] PlatformDependent:205--Dio.netty.noPreferDirect: false
[DEBUG] 2023-05-06 16:39:27.638 [main] PlatformDependent:967-org.jctools-core.MpscChunkedArrayQueue: available
[DEBUG] 2023-05-06 16:39:27.688 [main] InternalThreadLocalMap:83--Dio.netty.threadLocalMap.stringBuilder.initialSize: 1024
[DEBUG] 2023-05-06 16:39:27.690 [main] InternalThreadLocalMap:86--Dio.netty.threadLocalMap.stringBuilder.maxSize: 4096
[DEBUG] 2023-05-06 16:39:27.738 [main] JdkSslContext:97-Default protocols (JDK): [TLSv1.3, TLSv1.2] 
[DEBUG] 2023-05-06 16:39:27.738 [main] JdkSslContext:98-Default cipher suites (JDK): [TLS_ECDHE_ECDSA_WITH_AES_256_GCM_SHA384, TLS_ECDHE_ECDSA_WITH_AES_128_GCM_SHA256, TLS_ECDHE_RSA_WITH_AES_128_GCM_SHA256, TLS_ECDHE_RSA_WITH_AES_256_GCM_SHA384, TLS_ECDHE_RSA_WITH_AES_128_CBC_SHA, TLS_ECDHE_RSA_WITH_AES_256_CBC_SHA, TLS_RSA_WITH_AES_128_GCM_SHA256, TLS_RSA_WITH_AES_128_CBC_SHA, TLS_RSA_WITH_AES_256_CBC_SHA, TLS_AES_128_GCM_SHA256, TLS_AES_256_GCM_SHA384]
[DEBUG] 2023-05-06 16:39:27.793 [main] MultithreadEventLoopGroup:44--Dio.netty.eventLoopThreads: 16
[DEBUG] 2023-05-06 16:39:27.798 [main] NioEventLoop:106--Dio.netty.noKeySetOptimization: false
[DEBUG] 2023-05-06 16:39:27.798 [main] NioEventLoop:107--Dio.netty.selectorAutoRebuildThreshold: 512
[DEBUG] 2023-05-06 16:39:27.888 [main] PooledByteBufAllocator:155--Dio.netty.allocator.numHeapArenas: 16
[DEBUG] 2023-05-06 16:39:27.895 [main] PooledByteBufAllocator:156--Dio.netty.allocator.numDirectArenas: 16
[DEBUG] 2023-05-06 16:39:27.895 [main] PooledByteBufAllocator:158--Dio.netty.allocator.pageSize: 8192
[DEBUG] 2023-05-06 16:39:27.895 [main] PooledByteBufAllocator:163--Dio.netty.allocator.maxOrder: 11
[DEBUG] 2023-05-06 16:39:27.896 [main] PooledByteBufAllocator:167--Dio.netty.allocator.chunkSize: 16777216
[DEBUG] 2023-05-06 16:39:27.896 [main] PooledByteBufAllocator:168--Dio.netty.allocator.smallCacheSize: 256
[DEBUG] 2023-05-06 16:39:27.896 [main] PooledByteBufAllocator:169--Dio.netty.allocator.normalCacheSize: 64
[DEBUG] 2023-05-06 16:39:27.897 [main] PooledByteBufAllocator:170--Dio.netty.allocator.maxCachedBufferCapacity: 32768
[DEBUG] 2023-05-06 16:39:27.897 [main] PooledByteBufAllocator:171--Dio.netty.allocator.cacheTrimInterval: 8192
[DEBUG] 2023-05-06 16:39:27.897 [main] PooledByteBufAllocator:172--Dio.netty.allocator.cacheTrimIntervalMillis: 0
[DEBUG] 2023-05-06 16:39:27.897 [main] PooledByteBufAllocator:173--Dio.netty.allocator.useCacheForAllThreads: true
[DEBUG] 2023-05-06 16:39:27.897 [main] PooledByteBufAllocator:174--Dio.netty.allocator.maxCachedByteBuffersPerChunk: 1023
[DEBUG] 2023-05-06 16:39:27.920 [main] ByteBufUtil:87--Dio.netty.allocator.type: pooled
[DEBUG] 2023-05-06 16:39:27.921 [main] ByteBufUtil:96--Dio.netty.threadLocalDirectBufferSize: 0
[DEBUG] 2023-05-06 16:39:27.921 [main] ByteBufUtil:99--Dio.netty.maxThreadLocalCharBufferSize: 16384
[DEBUG] 2023-05-06 16:39:28.879 [Forwarding newSession on session null to remote] DefaultChannelId:79--Dio.netty.processId: 1684 (auto-detected)
[DEBUG] 2023-05-06 16:39:28.880 [Forwarding newSession on session null to remote] NetUtil:135--Djava.net.preferIPv4Stack: false
[DEBUG] 2023-05-06 16:39:28.880 [Forwarding newSession on session null to remote] NetUtil:136--Djava.net.preferIPv6Addresses: false
[DEBUG] 2023-05-06 16:39:29.272 [Forwarding newSession on session null to remote] NetUtilInitializations:129-Loopback interface: lo (Software Loopback Interface 1, 127.0.0.1)
[DEBUG] 2023-05-06 16:39:29.272 [Forwarding newSession on session null to remote] NetUtil:187-Failed to get SOMAXCONN from sysctl and file \proc\sys\net\core\somaxconn. Default: 200
[DEBUG] 2023-05-06 16:39:29.541 [Forwarding newSession on session null to remote] DefaultChannelId:101--Dio.netty.machineId: d0:c6:37:ff:fe:f7:a9:b8 (auto-detected)
[DEBUG] 2023-05-06 16:39:29.579 [AsyncHttpClient-1-2] AbstractByteBuf:63--Dio.netty.buffer.checkAccessible: true
[DEBUG] 2023-05-06 16:39:29.593 [AsyncHttpClient-1-2] AbstractByteBuf:64--Dio.netty.buffer.checkBounds: true
[DEBUG] 2023-05-06 16:39:29.593 [AsyncHttpClient-1-2] ResourceLeakDetectorFactory:196-Loaded default ResourceLeakDetector: io.netty.util.ResourceLeakDetector@1426d02e
[DEBUG] 2023-05-06 16:39:29.620 [AsyncHttpClient-1-2] Recycler:103--Dio.netty.recycler.maxCapacityPerThread: 4096
[DEBUG] 2023-05-06 16:39:29.620 [AsyncHttpClient-1-2] Recycler:104--Dio.netty.recycler.maxSharedCapacityFactor: 2
[DEBUG] 2023-05-06 16:39:29.620 [AsyncHttpClient-1-2] Recycler:105--Dio.netty.recycler.linkCapacity: 16
[DEBUG] 2023-05-06 16:39:29.620 [AsyncHttpClient-1-2] Recycler:106--Dio.netty.recycler.ratio: 8
[DEBUG] 2023-05-06 16:39:29.620 [AsyncHttpClient-1-2] Recycler:107--Dio.netty.recycler.delayedQueue.ratio: 8
[DEBUG] 2023-05-06 16:39:30.538 [AsyncHttpClient-1-2] Brotli:38-brotli4j not in the classpath; Brotli support will be unavailable.
[DEBUG] 2023-05-06 16:39:30.888 [main] ThreadLocalRandom:214--Dio.netty.initialSeedUniquifier: 0xb598b518dd2644d9
[DEBUG] 2023-05-06 16:44:20.892 [main] InternalLoggerFactory:76-Using Log4J2 as the default logging framework
[DEBUG] 2023-05-06 16:44:20.905 [main] ResourceLeakDetector:129--Dio.netty.leakDetection.level: simple
[DEBUG] 2023-05-06 16:44:20.906 [main] ResourceLeakDetector:130--Dio.netty.leakDetection.targetRecords: 4
[DEBUG] 2023-05-06 16:44:20.914 [main] ResourceLeakDetectorFactory:196-Loaded default ResourceLeakDetector: io.netty.util.ResourceLeakDetector@53667cbe
[DEBUG] 2023-05-06 16:44:20.955 [main] PlatformDependent0:460--Dio.netty.noUnsafe: false
[DEBUG] 2023-05-06 16:44:20.956 [main] PlatformDependent0:954-Java version: 11
[DEBUG] 2023-05-06 16:44:20.956 [main] PlatformDependent0:135-sun.misc.Unsafe.theUnsafe: available
[DEBUG] 2023-05-06 16:44:20.961 [main] PlatformDependent0:159-sun.misc.Unsafe.copyMemory: available
[DEBUG] 2023-05-06 16:44:20.962 [main] PlatformDependent0:202-java.nio.Buffer.address: available
[DEBUG] 2023-05-06 16:44:20.963 [main] PlatformDependent0:285-direct buffer constructor: unavailable: Reflective setAccessible(true) disabled
[DEBUG] 2023-05-06 16:44:20.965 [main] PlatformDependent0:350-java.nio.Bits.unaligned: available, true
[DEBUG] 2023-05-06 16:44:20.968 [main] PlatformDependent0:417-jdk.internal.misc.Unsafe.allocateUninitializedArray(int): unavailable: class io.netty.util.internal.PlatformDependent0$6 cannot access class jdk.internal.misc.Unsafe (in module java.base) because module java.base does not export jdk.internal.misc to unnamed module @7b60c3e
[DEBUG] 2023-05-06 16:44:20.970 [main] PlatformDependent0:446-java.nio.DirectByteBuffer.<init>(long, int): unavailable
[DEBUG] 2023-05-06 16:44:20.970 [main] PlatformDependent:1103-sun.misc.Unsafe: available
[DEBUG] 2023-05-06 16:44:20.972 [main] PlatformDependent:1205-maxDirectMemory: 2109734912 bytes (maybe)
[DEBUG] 2023-05-06 16:44:20.974 [main] PlatformDependent:1224--Dio.netty.tmpdir: C:\Users\YURAKO~1.000\AppData\Local\Temp (java.io.tmpdir)
[DEBUG] 2023-05-06 16:44:20.975 [main] PlatformDependent:1303--Dio.netty.bitMode: 64 (sun.arch.data.model)
[DEBUG] 2023-05-06 16:44:20.976 [main] PlatformDependent:1063-Platform: Windows
[DEBUG] 2023-05-06 16:44:20.977 [main] PlatformDependent:178--Dio.netty.maxDirectMemory: -1 bytes
[DEBUG] 2023-05-06 16:44:20.978 [main] PlatformDependent:185--Dio.netty.uninitializedArrayAllocationThreshold: -1
[DEBUG] 2023-05-06 16:44:20.979 [main] CleanerJava9:71-java.nio.ByteBuffer.cleaner(): available
[DEBUG] 2023-05-06 16:44:20.979 [main] PlatformDependent:205--Dio.netty.noPreferDirect: false
[DEBUG] 2023-05-06 16:44:20.985 [main] PlatformDependent:967-org.jctools-core.MpscChunkedArrayQueue: available
[DEBUG] 2023-05-06 16:44:21.034 [main] InternalThreadLocalMap:83--Dio.netty.threadLocalMap.stringBuilder.initialSize: 1024
[DEBUG] 2023-05-06 16:44:21.034 [main] InternalThreadLocalMap:86--Dio.netty.threadLocalMap.stringBuilder.maxSize: 4096
[DEBUG] 2023-05-06 16:44:21.085 [main] JdkSslContext:97-Default protocols (JDK): [TLSv1.3, TLSv1.2] 
[DEBUG] 2023-05-06 16:44:21.085 [main] JdkSslContext:98-Default cipher suites (JDK): [TLS_ECDHE_ECDSA_WITH_AES_256_GCM_SHA384, TLS_ECDHE_ECDSA_WITH_AES_128_GCM_SHA256, TLS_ECDHE_RSA_WITH_AES_128_GCM_SHA256, TLS_ECDHE_RSA_WITH_AES_256_GCM_SHA384, TLS_ECDHE_RSA_WITH_AES_128_CBC_SHA, TLS_ECDHE_RSA_WITH_AES_256_CBC_SHA, TLS_RSA_WITH_AES_128_GCM_SHA256, TLS_RSA_WITH_AES_128_CBC_SHA, TLS_RSA_WITH_AES_256_CBC_SHA, TLS_AES_128_GCM_SHA256, TLS_AES_256_GCM_SHA384]
[DEBUG] 2023-05-06 16:44:21.132 [main] MultithreadEventLoopGroup:44--Dio.netty.eventLoopThreads: 16
[DEBUG] 2023-05-06 16:44:21.136 [main] NioEventLoop:106--Dio.netty.noKeySetOptimization: false
[DEBUG] 2023-05-06 16:44:21.149 [main] NioEventLoop:107--Dio.netty.selectorAutoRebuildThreshold: 512
[DEBUG] 2023-05-06 16:44:21.221 [main] PooledByteBufAllocator:155--Dio.netty.allocator.numHeapArenas: 16
[DEBUG] 2023-05-06 16:44:21.226 [main] PooledByteBufAllocator:156--Dio.netty.allocator.numDirectArenas: 16
[DEBUG] 2023-05-06 16:44:21.226 [main] PooledByteBufAllocator:158--Dio.netty.allocator.pageSize: 8192
[DEBUG] 2023-05-06 16:44:21.226 [main] PooledByteBufAllocator:163--Dio.netty.allocator.maxOrder: 11
[DEBUG] 2023-05-06 16:44:21.227 [main] PooledByteBufAllocator:167--Dio.netty.allocator.chunkSize: 16777216
[DEBUG] 2023-05-06 16:44:21.227 [main] PooledByteBufAllocator:168--Dio.netty.allocator.smallCacheSize: 256
[DEBUG] 2023-05-06 16:44:21.227 [main] PooledByteBufAllocator:169--Dio.netty.allocator.normalCacheSize: 64
[DEBUG] 2023-05-06 16:44:21.228 [main] PooledByteBufAllocator:170--Dio.netty.allocator.maxCachedBufferCapacity: 32768
[DEBUG] 2023-05-06 16:44:21.228 [main] PooledByteBufAllocator:171--Dio.netty.allocator.cacheTrimInterval: 8192
[DEBUG] 2023-05-06 16:44:21.228 [main] PooledByteBufAllocator:172--Dio.netty.allocator.cacheTrimIntervalMillis: 0
[DEBUG] 2023-05-06 16:44:21.229 [main] PooledByteBufAllocator:173--Dio.netty.allocator.useCacheForAllThreads: true
[DEBUG] 2023-05-06 16:44:21.229 [main] PooledByteBufAllocator:174--Dio.netty.allocator.maxCachedByteBuffersPerChunk: 1023
[DEBUG] 2023-05-06 16:44:21.250 [main] ByteBufUtil:87--Dio.netty.allocator.type: pooled
[DEBUG] 2023-05-06 16:44:21.250 [main] ByteBufUtil:96--Dio.netty.threadLocalDirectBufferSize: 0
[DEBUG] 2023-05-06 16:44:21.251 [main] ByteBufUtil:99--Dio.netty.maxThreadLocalCharBufferSize: 16384
[DEBUG] 2023-05-06 16:44:22.203 [Forwarding newSession on session null to remote] DefaultChannelId:79--Dio.netty.processId: 15892 (auto-detected)
[DEBUG] 2023-05-06 16:44:22.204 [Forwarding newSession on session null to remote] NetUtil:135--Djava.net.preferIPv4Stack: false
[DEBUG] 2023-05-06 16:44:22.207 [Forwarding newSession on session null to remote] NetUtil:136--Djava.net.preferIPv6Addresses: false
[DEBUG] 2023-05-06 16:44:22.513 [Forwarding newSession on session null to remote] NetUtilInitializations:129-Loopback interface: lo (Software Loopback Interface 1, 127.0.0.1)
[DEBUG] 2023-05-06 16:44:22.516 [Forwarding newSession on session null to remote] NetUtil:187-Failed to get SOMAXCONN from sysctl and file \proc\sys\net\core\somaxconn. Default: 200
[DEBUG] 2023-05-06 16:44:22.852 [Forwarding newSession on session null to remote] DefaultChannelId:101--Dio.netty.machineId: d0:c6:37:ff:fe:f7:a9:b8 (auto-detected)
[DEBUG] 2023-05-06 16:44:22.911 [AsyncHttpClient-1-2] AbstractByteBuf:63--Dio.netty.buffer.checkAccessible: true
[DEBUG] 2023-05-06 16:44:22.913 [AsyncHttpClient-1-2] AbstractByteBuf:64--Dio.netty.buffer.checkBounds: true
[DEBUG] 2023-05-06 16:44:22.913 [AsyncHttpClient-1-2] ResourceLeakDetectorFactory:196-Loaded default ResourceLeakDetector: io.netty.util.ResourceLeakDetector@271fbcf9
[DEBUG] 2023-05-06 16:44:22.951 [AsyncHttpClient-1-2] Recycler:103--Dio.netty.recycler.maxCapacityPerThread: 4096
[DEBUG] 2023-05-06 16:44:22.951 [AsyncHttpClient-1-2] Recycler:104--Dio.netty.recycler.maxSharedCapacityFactor: 2
[DEBUG] 2023-05-06 16:44:22.953 [AsyncHttpClient-1-2] Recycler:105--Dio.netty.recycler.linkCapacity: 16
[DEBUG] 2023-05-06 16:44:22.953 [AsyncHttpClient-1-2] Recycler:106--Dio.netty.recycler.ratio: 8
[DEBUG] 2023-05-06 16:44:22.953 [AsyncHttpClient-1-2] Recycler:107--Dio.netty.recycler.delayedQueue.ratio: 8
[DEBUG] 2023-05-06 16:44:24.049 [AsyncHttpClient-1-2] Brotli:38-brotli4j not in the classpath; Brotli support will be unavailable.
[DEBUG] 2023-05-06 16:44:24.334 [main] ThreadLocalRandom:214--Dio.netty.initialSeedUniquifier: 0x963c045519bb68d0
[INFO ] 2023-05-06 16:44:34.952 [main] BaseTest:58-search product: adidas shoes men
[INFO ] 2023-05-06 16:44:40.000 [main] BaseTest:70-Click button type Sneakers
[INFO ] 2023-05-06 16:44:40.253 [main] BaseTest:64-Set min price of filter: 40
[INFO ] 2023-05-06 16:44:44.821 [main] BaseTest:75-Click GO button in the filter
[DEBUG] 2023-05-06 16:46:07.635 [main] InternalLoggerFactory:76-Using Log4J2 as the default logging framework
[DEBUG] 2023-05-06 16:46:07.645 [main] ResourceLeakDetector:129--Dio.netty.leakDetection.level: simple
[DEBUG] 2023-05-06 16:46:07.646 [main] ResourceLeakDetector:130--Dio.netty.leakDetection.targetRecords: 4
[DEBUG] 2023-05-06 16:46:07.650 [main] ResourceLeakDetectorFactory:196-Loaded default ResourceLeakDetector: io.netty.util.ResourceLeakDetector@4482469c
[DEBUG] 2023-05-06 16:46:07.670 [main] PlatformDependent0:460--Dio.netty.noUnsafe: false
[DEBUG] 2023-05-06 16:46:07.670 [main] PlatformDependent0:954-Java version: 11
[DEBUG] 2023-05-06 16:46:07.672 [main] PlatformDependent0:135-sun.misc.Unsafe.theUnsafe: available
[DEBUG] 2023-05-06 16:46:07.674 [main] PlatformDependent0:159-sun.misc.Unsafe.copyMemory: available
[DEBUG] 2023-05-06 16:46:07.674 [main] PlatformDependent0:202-java.nio.Buffer.address: available
[DEBUG] 2023-05-06 16:46:07.675 [main] PlatformDependent0:285-direct buffer constructor: unavailable: Reflective setAccessible(true) disabled
[DEBUG] 2023-05-06 16:46:07.676 [main] PlatformDependent0:350-java.nio.Bits.unaligned: available, true
[DEBUG] 2023-05-06 16:46:07.677 [main] PlatformDependent0:417-jdk.internal.misc.Unsafe.allocateUninitializedArray(int): unavailable: class io.netty.util.internal.PlatformDependent0$6 cannot access class jdk.internal.misc.Unsafe (in module java.base) because module java.base does not export jdk.internal.misc to unnamed module @c2db68f
[DEBUG] 2023-05-06 16:46:07.679 [main] PlatformDependent0:446-java.nio.DirectByteBuffer.<init>(long, int): unavailable
[DEBUG] 2023-05-06 16:46:07.679 [main] PlatformDependent:1103-sun.misc.Unsafe: available
[DEBUG] 2023-05-06 16:46:07.680 [main] PlatformDependent:1205-maxDirectMemory: 2109734912 bytes (maybe)
[DEBUG] 2023-05-06 16:46:07.680 [main] PlatformDependent:1224--Dio.netty.tmpdir: C:\Users\YURAKO~1.000\AppData\Local\Temp (java.io.tmpdir)
[DEBUG] 2023-05-06 16:46:07.680 [main] PlatformDependent:1303--Dio.netty.bitMode: 64 (sun.arch.data.model)
[DEBUG] 2023-05-06 16:46:07.681 [main] PlatformDependent:1063-Platform: Windows
[DEBUG] 2023-05-06 16:46:07.681 [main] PlatformDependent:178--Dio.netty.maxDirectMemory: -1 bytes
[DEBUG] 2023-05-06 16:46:07.682 [main] PlatformDependent:185--Dio.netty.uninitializedArrayAllocationThreshold: -1
[DEBUG] 2023-05-06 16:46:07.683 [main] CleanerJava9:71-java.nio.ByteBuffer.cleaner(): available
[DEBUG] 2023-05-06 16:46:07.684 [main] PlatformDependent:205--Dio.netty.noPreferDirect: false
[DEBUG] 2023-05-06 16:46:07.692 [main] PlatformDependent:967-org.jctools-core.MpscChunkedArrayQueue: available
[DEBUG] 2023-05-06 16:46:07.713 [main] InternalThreadLocalMap:83--Dio.netty.threadLocalMap.stringBuilder.initialSize: 1024
[DEBUG] 2023-05-06 16:46:07.713 [main] InternalThreadLocalMap:86--Dio.netty.threadLocalMap.stringBuilder.maxSize: 4096
[DEBUG] 2023-05-06 16:46:07.743 [main] JdkSslContext:97-Default protocols (JDK): [TLSv1.3, TLSv1.2] 
[DEBUG] 2023-05-06 16:46:07.744 [main] JdkSslContext:98-Default cipher suites (JDK): [TLS_ECDHE_ECDSA_WITH_AES_256_GCM_SHA384, TLS_ECDHE_ECDSA_WITH_AES_128_GCM_SHA256, TLS_ECDHE_RSA_WITH_AES_128_GCM_SHA256, TLS_ECDHE_RSA_WITH_AES_256_GCM_SHA384, TLS_ECDHE_RSA_WITH_AES_128_CBC_SHA, TLS_ECDHE_RSA_WITH_AES_256_CBC_SHA, TLS_RSA_WITH_AES_128_GCM_SHA256, TLS_RSA_WITH_AES_128_CBC_SHA, TLS_RSA_WITH_AES_256_CBC_SHA, TLS_AES_128_GCM_SHA256, TLS_AES_256_GCM_SHA384]
[DEBUG] 2023-05-06 16:46:07.777 [main] MultithreadEventLoopGroup:44--Dio.netty.eventLoopThreads: 16
[DEBUG] 2023-05-06 16:46:07.791 [main] NioEventLoop:106--Dio.netty.noKeySetOptimization: false
[DEBUG] 2023-05-06 16:46:07.791 [main] NioEventLoop:107--Dio.netty.selectorAutoRebuildThreshold: 512
[DEBUG] 2023-05-06 16:46:07.884 [main] PooledByteBufAllocator:155--Dio.netty.allocator.numHeapArenas: 16
[DEBUG] 2023-05-06 16:46:07.885 [main] PooledByteBufAllocator:156--Dio.netty.allocator.numDirectArenas: 16
[DEBUG] 2023-05-06 16:46:07.885 [main] PooledByteBufAllocator:158--Dio.netty.allocator.pageSize: 8192
[DEBUG] 2023-05-06 16:46:07.885 [main] PooledByteBufAllocator:163--Dio.netty.allocator.maxOrder: 11
[DEBUG] 2023-05-06 16:46:07.886 [main] PooledByteBufAllocator:167--Dio.netty.allocator.chunkSize: 16777216
[DEBUG] 2023-05-06 16:46:07.886 [main] PooledByteBufAllocator:168--Dio.netty.allocator.smallCacheSize: 256
[DEBUG] 2023-05-06 16:46:07.887 [main] PooledByteBufAllocator:169--Dio.netty.allocator.normalCacheSize: 64
[DEBUG] 2023-05-06 16:46:07.887 [main] PooledByteBufAllocator:170--Dio.netty.allocator.maxCachedBufferCapacity: 32768
[DEBUG] 2023-05-06 16:46:07.887 [main] PooledByteBufAllocator:171--Dio.netty.allocator.cacheTrimInterval: 8192
[DEBUG] 2023-05-06 16:46:07.888 [main] PooledByteBufAllocator:172--Dio.netty.allocator.cacheTrimIntervalMillis: 0
[DEBUG] 2023-05-06 16:46:07.888 [main] PooledByteBufAllocator:173--Dio.netty.allocator.useCacheForAllThreads: true
[DEBUG] 2023-05-06 16:46:07.888 [main] PooledByteBufAllocator:174--Dio.netty.allocator.maxCachedByteBuffersPerChunk: 1023
[DEBUG] 2023-05-06 16:46:07.912 [main] ByteBufUtil:87--Dio.netty.allocator.type: pooled
[DEBUG] 2023-05-06 16:46:07.913 [main] ByteBufUtil:96--Dio.netty.threadLocalDirectBufferSize: 0
[DEBUG] 2023-05-06 16:46:07.913 [main] ByteBufUtil:99--Dio.netty.maxThreadLocalCharBufferSize: 16384
[DEBUG] 2023-05-06 16:46:08.921 [Forwarding newSession on session null to remote] DefaultChannelId:79--Dio.netty.processId: 16076 (auto-detected)
[DEBUG] 2023-05-06 16:46:08.925 [Forwarding newSession on session null to remote] NetUtil:135--Djava.net.preferIPv4Stack: false
[DEBUG] 2023-05-06 16:46:08.925 [Forwarding newSession on session null to remote] NetUtil:136--Djava.net.preferIPv6Addresses: false
[DEBUG] 2023-05-06 16:46:09.439 [Forwarding newSession on session null to remote] NetUtilInitializations:129-Loopback interface: lo (Software Loopback Interface 1, 127.0.0.1)
[DEBUG] 2023-05-06 16:46:09.440 [Forwarding newSession on session null to remote] NetUtil:187-Failed to get SOMAXCONN from sysctl and file \proc\sys\net\core\somaxconn. Default: 200
[DEBUG] 2023-05-06 16:46:10.001 [Forwarding newSession on session null to remote] DefaultChannelId:101--Dio.netty.machineId: d0:c6:37:ff:fe:f7:a9:b8 (auto-detected)
[DEBUG] 2023-05-06 16:46:10.114 [AsyncHttpClient-1-2] AbstractByteBuf:63--Dio.netty.buffer.checkAccessible: true
[DEBUG] 2023-05-06 16:46:10.115 [AsyncHttpClient-1-2] AbstractByteBuf:64--Dio.netty.buffer.checkBounds: true
[DEBUG] 2023-05-06 16:46:10.115 [AsyncHttpClient-1-2] ResourceLeakDetectorFactory:196-Loaded default ResourceLeakDetector: io.netty.util.ResourceLeakDetector@4826ed8a
[DEBUG] 2023-05-06 16:46:10.166 [AsyncHttpClient-1-2] Recycler:103--Dio.netty.recycler.maxCapacityPerThread: 4096
[DEBUG] 2023-05-06 16:46:10.167 [AsyncHttpClient-1-2] Recycler:104--Dio.netty.recycler.maxSharedCapacityFactor: 2
[DEBUG] 2023-05-06 16:46:10.167 [AsyncHttpClient-1-2] Recycler:105--Dio.netty.recycler.linkCapacity: 16
[DEBUG] 2023-05-06 16:46:10.167 [AsyncHttpClient-1-2] Recycler:106--Dio.netty.recycler.ratio: 8
[DEBUG] 2023-05-06 16:46:10.167 [AsyncHttpClient-1-2] Recycler:107--Dio.netty.recycler.delayedQueue.ratio: 8
[DEBUG] 2023-05-06 16:46:11.105 [AsyncHttpClient-1-2] Brotli:38-brotli4j not in the classpath; Brotli support will be unavailable.
[DEBUG] 2023-05-06 16:46:11.516 [main] ThreadLocalRandom:214--Dio.netty.initialSeedUniquifier: 0xb7dc28616003ae65
[INFO ] 2023-05-06 16:46:21.973 [main] BaseTest:58-search product: adidas shoes men
[INFO ] 2023-05-06 16:46:25.513 [main] BaseTest:70-Click button type Sneakers
[INFO ] 2023-05-06 16:46:26.191 [main] BaseTest:64-Set min price of filter: 40
[INFO ] 2023-05-06 16:46:30.130 [main] BaseTest:75-Click GO button in the filter
[DEBUG] 2023-05-06 17:30:27.754 [main] InternalLoggerFactory:76-Using Log4J2 as the default logging framework
[DEBUG] 2023-05-06 17:30:27.771 [main] ResourceLeakDetector:129--Dio.netty.leakDetection.level: simple
[DEBUG] 2023-05-06 17:30:27.772 [main] ResourceLeakDetector:130--Dio.netty.leakDetection.targetRecords: 4
[DEBUG] 2023-05-06 17:30:27.784 [main] ResourceLeakDetectorFactory:196-Loaded default ResourceLeakDetector: io.netty.util.ResourceLeakDetector@73017a80
[DEBUG] 2023-05-06 17:30:27.810 [main] PlatformDependent0:460--Dio.netty.noUnsafe: false
[DEBUG] 2023-05-06 17:30:27.811 [main] PlatformDependent0:954-Java version: 11
[DEBUG] 2023-05-06 17:30:27.813 [main] PlatformDependent0:135-sun.misc.Unsafe.theUnsafe: available
[DEBUG] 2023-05-06 17:30:27.813 [main] PlatformDependent0:159-sun.misc.Unsafe.copyMemory: available
[DEBUG] 2023-05-06 17:30:27.814 [main] PlatformDependent0:202-java.nio.Buffer.address: available
[DEBUG] 2023-05-06 17:30:27.815 [main] PlatformDependent0:285-direct buffer constructor: unavailable: Reflective setAccessible(true) disabled
[DEBUG] 2023-05-06 17:30:27.816 [main] PlatformDependent0:350-java.nio.Bits.unaligned: available, true
[DEBUG] 2023-05-06 17:30:27.819 [main] PlatformDependent0:417-jdk.internal.misc.Unsafe.allocateUninitializedArray(int): unavailable: class io.netty.util.internal.PlatformDependent0$6 cannot access class jdk.internal.misc.Unsafe (in module java.base) because module java.base does not export jdk.internal.misc to unnamed module @66bacdbc
[DEBUG] 2023-05-06 17:30:27.821 [main] PlatformDependent0:446-java.nio.DirectByteBuffer.<init>(long, int): unavailable
[DEBUG] 2023-05-06 17:30:27.821 [main] PlatformDependent:1103-sun.misc.Unsafe: available
[DEBUG] 2023-05-06 17:30:27.823 [main] PlatformDependent:1205-maxDirectMemory: 2109734912 bytes (maybe)
[DEBUG] 2023-05-06 17:30:27.823 [main] PlatformDependent:1224--Dio.netty.tmpdir: C:\Users\YURAKO~1.000\AppData\Local\Temp (java.io.tmpdir)
[DEBUG] 2023-05-06 17:30:27.824 [main] PlatformDependent:1303--Dio.netty.bitMode: 64 (sun.arch.data.model)
[DEBUG] 2023-05-06 17:30:27.825 [main] PlatformDependent:1063-Platform: Windows
[DEBUG] 2023-05-06 17:30:27.826 [main] PlatformDependent:178--Dio.netty.maxDirectMemory: -1 bytes
[DEBUG] 2023-05-06 17:30:27.826 [main] PlatformDependent:185--Dio.netty.uninitializedArrayAllocationThreshold: -1
[DEBUG] 2023-05-06 17:30:27.828 [main] CleanerJava9:71-java.nio.ByteBuffer.cleaner(): available
[DEBUG] 2023-05-06 17:30:27.829 [main] PlatformDependent:205--Dio.netty.noPreferDirect: false
[DEBUG] 2023-05-06 17:30:27.844 [main] PlatformDependent:967-org.jctools-core.MpscChunkedArrayQueue: available
[DEBUG] 2023-05-06 17:30:27.896 [main] InternalThreadLocalMap:83--Dio.netty.threadLocalMap.stringBuilder.initialSize: 1024
[DEBUG] 2023-05-06 17:30:27.896 [main] InternalThreadLocalMap:86--Dio.netty.threadLocalMap.stringBuilder.maxSize: 4096
[DEBUG] 2023-05-06 17:30:27.920 [main] JdkSslContext:97-Default protocols (JDK): [TLSv1.3, TLSv1.2] 
[DEBUG] 2023-05-06 17:30:27.921 [main] JdkSslContext:98-Default cipher suites (JDK): [TLS_ECDHE_ECDSA_WITH_AES_256_GCM_SHA384, TLS_ECDHE_ECDSA_WITH_AES_128_GCM_SHA256, TLS_ECDHE_RSA_WITH_AES_128_GCM_SHA256, TLS_ECDHE_RSA_WITH_AES_256_GCM_SHA384, TLS_ECDHE_RSA_WITH_AES_128_CBC_SHA, TLS_ECDHE_RSA_WITH_AES_256_CBC_SHA, TLS_RSA_WITH_AES_128_GCM_SHA256, TLS_RSA_WITH_AES_128_CBC_SHA, TLS_RSA_WITH_AES_256_CBC_SHA, TLS_AES_128_GCM_SHA256, TLS_AES_256_GCM_SHA384]
[DEBUG] 2023-05-06 17:30:27.964 [main] MultithreadEventLoopGroup:44--Dio.netty.eventLoopThreads: 16
[DEBUG] 2023-05-06 17:30:27.978 [main] NioEventLoop:106--Dio.netty.noKeySetOptimization: false
[DEBUG] 2023-05-06 17:30:27.978 [main] NioEventLoop:107--Dio.netty.selectorAutoRebuildThreshold: 512
[DEBUG] 2023-05-06 17:30:28.045 [main] PooledByteBufAllocator:155--Dio.netty.allocator.numHeapArenas: 16
[DEBUG] 2023-05-06 17:30:28.045 [main] PooledByteBufAllocator:156--Dio.netty.allocator.numDirectArenas: 16
[DEBUG] 2023-05-06 17:30:28.046 [main] PooledByteBufAllocator:158--Dio.netty.allocator.pageSize: 8192
[DEBUG] 2023-05-06 17:30:28.046 [main] PooledByteBufAllocator:163--Dio.netty.allocator.maxOrder: 11
[DEBUG] 2023-05-06 17:30:28.046 [main] PooledByteBufAllocator:167--Dio.netty.allocator.chunkSize: 16777216
[DEBUG] 2023-05-06 17:30:28.047 [main] PooledByteBufAllocator:168--Dio.netty.allocator.smallCacheSize: 256
[DEBUG] 2023-05-06 17:30:28.047 [main] PooledByteBufAllocator:169--Dio.netty.allocator.normalCacheSize: 64
[DEBUG] 2023-05-06 17:30:28.047 [main] PooledByteBufAllocator:170--Dio.netty.allocator.maxCachedBufferCapacity: 32768
[DEBUG] 2023-05-06 17:30:28.048 [main] PooledByteBufAllocator:171--Dio.netty.allocator.cacheTrimInterval: 8192
[DEBUG] 2023-05-06 17:30:28.048 [main] PooledByteBufAllocator:172--Dio.netty.allocator.cacheTrimIntervalMillis: 0
[DEBUG] 2023-05-06 17:30:28.048 [main] PooledByteBufAllocator:173--Dio.netty.allocator.useCacheForAllThreads: true
[DEBUG] 2023-05-06 17:30:28.049 [main] PooledByteBufAllocator:174--Dio.netty.allocator.maxCachedByteBuffersPerChunk: 1023
[DEBUG] 2023-05-06 17:30:28.063 [main] ByteBufUtil:87--Dio.netty.allocator.type: pooled
[DEBUG] 2023-05-06 17:30:28.063 [main] ByteBufUtil:96--Dio.netty.threadLocalDirectBufferSize: 0
[DEBUG] 2023-05-06 17:30:28.063 [main] ByteBufUtil:99--Dio.netty.maxThreadLocalCharBufferSize: 16384
[DEBUG] 2023-05-06 17:30:29.254 [Forwarding newSession on session null to remote] DefaultChannelId:79--Dio.netty.processId: 1876 (auto-detected)
[DEBUG] 2023-05-06 17:30:29.258 [Forwarding newSession on session null to remote] NetUtil:135--Djava.net.preferIPv4Stack: false
[DEBUG] 2023-05-06 17:30:29.258 [Forwarding newSession on session null to remote] NetUtil:136--Djava.net.preferIPv6Addresses: false
[DEBUG] 2023-05-06 17:30:29.549 [Forwarding newSession on session null to remote] NetUtilInitializations:129-Loopback interface: lo (Software Loopback Interface 1, 127.0.0.1)
[DEBUG] 2023-05-06 17:30:29.550 [Forwarding newSession on session null to remote] NetUtil:187-Failed to get SOMAXCONN from sysctl and file \proc\sys\net\core\somaxconn. Default: 200
[DEBUG] 2023-05-06 17:30:29.841 [Forwarding newSession on session null to remote] DefaultChannelId:101--Dio.netty.machineId: d0:c6:37:ff:fe:f7:a9:b8 (auto-detected)
[DEBUG] 2023-05-06 17:30:29.899 [AsyncHttpClient-1-2] AbstractByteBuf:63--Dio.netty.buffer.checkAccessible: true
[DEBUG] 2023-05-06 17:30:29.900 [AsyncHttpClient-1-2] AbstractByteBuf:64--Dio.netty.buffer.checkBounds: true
[DEBUG] 2023-05-06 17:30:29.900 [AsyncHttpClient-1-2] ResourceLeakDetectorFactory:196-Loaded default ResourceLeakDetector: io.netty.util.ResourceLeakDetector@601c6959
[DEBUG] 2023-05-06 17:30:29.958 [AsyncHttpClient-1-2] Recycler:103--Dio.netty.recycler.maxCapacityPerThread: 4096
[DEBUG] 2023-05-06 17:30:29.959 [AsyncHttpClient-1-2] Recycler:104--Dio.netty.recycler.maxSharedCapacityFactor: 2
[DEBUG] 2023-05-06 17:30:29.959 [AsyncHttpClient-1-2] Recycler:105--Dio.netty.recycler.linkCapacity: 16
[DEBUG] 2023-05-06 17:30:29.959 [AsyncHttpClient-1-2] Recycler:106--Dio.netty.recycler.ratio: 8
[DEBUG] 2023-05-06 17:30:29.959 [AsyncHttpClient-1-2] Recycler:107--Dio.netty.recycler.delayedQueue.ratio: 8
[DEBUG] 2023-05-06 17:30:30.851 [AsyncHttpClient-1-2] Brotli:38-brotli4j not in the classpath; Brotli support will be unavailable.
[DEBUG] 2023-05-06 17:30:31.017 [main] ThreadLocalRandom:214--Dio.netty.initialSeedUniquifier: 0x74cf7ee011565943
[INFO ] 2023-05-06 17:30:41.881 [main] BaseTest:58-search product: adidas shoes men
[INFO ] 2023-05-06 17:30:45.418 [main] BaseTest:70-Click button type Sneakers
[INFO ] 2023-05-06 17:30:45.941 [main] BaseTest:64-Set min price of filter: 40
[INFO ] 2023-05-06 17:30:48.986 [main] BaseTest:75-Click GO button in the filter
[DEBUG] 2023-05-06 17:44:32.754 [main] InternalLoggerFactory:76-Using Log4J2 as the default logging framework
[DEBUG] 2023-05-06 17:44:32.762 [main] ResourceLeakDetector:129--Dio.netty.leakDetection.level: simple
[DEBUG] 2023-05-06 17:44:32.763 [main] ResourceLeakDetector:130--Dio.netty.leakDetection.targetRecords: 4
[DEBUG] 2023-05-06 17:44:32.767 [main] ResourceLeakDetectorFactory:196-Loaded default ResourceLeakDetector: io.netty.util.ResourceLeakDetector@3eb631b8
[DEBUG] 2023-05-06 17:44:32.782 [main] PlatformDependent0:460--Dio.netty.noUnsafe: false
[DEBUG] 2023-05-06 17:44:32.783 [main] PlatformDependent0:954-Java version: 11
[DEBUG] 2023-05-06 17:44:32.784 [main] PlatformDependent0:135-sun.misc.Unsafe.theUnsafe: available
[DEBUG] 2023-05-06 17:44:32.785 [main] PlatformDependent0:159-sun.misc.Unsafe.copyMemory: available
[DEBUG] 2023-05-06 17:44:32.786 [main] PlatformDependent0:202-java.nio.Buffer.address: available
[DEBUG] 2023-05-06 17:44:32.787 [main] PlatformDependent0:285-direct buffer constructor: unavailable: Reflective setAccessible(true) disabled
[DEBUG] 2023-05-06 17:44:32.788 [main] PlatformDependent0:350-java.nio.Bits.unaligned: available, true
[DEBUG] 2023-05-06 17:44:32.789 [main] PlatformDependent0:417-jdk.internal.misc.Unsafe.allocateUninitializedArray(int): unavailable: class io.netty.util.internal.PlatformDependent0$6 cannot access class jdk.internal.misc.Unsafe (in module java.base) because module java.base does not export jdk.internal.misc to unnamed module @35c09b94
[DEBUG] 2023-05-06 17:44:32.790 [main] PlatformDependent0:446-java.nio.DirectByteBuffer.<init>(long, int): unavailable
[DEBUG] 2023-05-06 17:44:32.790 [main] PlatformDependent:1103-sun.misc.Unsafe: available
[DEBUG] 2023-05-06 17:44:32.791 [main] PlatformDependent:1205-maxDirectMemory: 2109734912 bytes (maybe)
[DEBUG] 2023-05-06 17:44:32.791 [main] PlatformDependent:1224--Dio.netty.tmpdir: C:\Users\YURAKO~1.000\AppData\Local\Temp (java.io.tmpdir)
[DEBUG] 2023-05-06 17:44:32.792 [main] PlatformDependent:1303--Dio.netty.bitMode: 64 (sun.arch.data.model)
[DEBUG] 2023-05-06 17:44:32.792 [main] PlatformDependent:1063-Platform: Windows
[DEBUG] 2023-05-06 17:44:32.794 [main] PlatformDependent:178--Dio.netty.maxDirectMemory: -1 bytes
[DEBUG] 2023-05-06 17:44:32.794 [main] PlatformDependent:185--Dio.netty.uninitializedArrayAllocationThreshold: -1
[DEBUG] 2023-05-06 17:44:32.796 [main] CleanerJava9:71-java.nio.ByteBuffer.cleaner(): available
[DEBUG] 2023-05-06 17:44:32.796 [main] PlatformDependent:205--Dio.netty.noPreferDirect: false
[DEBUG] 2023-05-06 17:44:32.803 [main] PlatformDependent:967-org.jctools-core.MpscChunkedArrayQueue: available
[DEBUG] 2023-05-06 17:44:32.821 [main] InternalThreadLocalMap:83--Dio.netty.threadLocalMap.stringBuilder.initialSize: 1024
[DEBUG] 2023-05-06 17:44:32.822 [main] InternalThreadLocalMap:86--Dio.netty.threadLocalMap.stringBuilder.maxSize: 4096
[DEBUG] 2023-05-06 17:44:32.901 [main] JdkSslContext:97-Default protocols (JDK): [TLSv1.3, TLSv1.2] 
[DEBUG] 2023-05-06 17:44:32.901 [main] JdkSslContext:98-Default cipher suites (JDK): [TLS_ECDHE_ECDSA_WITH_AES_256_GCM_SHA384, TLS_ECDHE_ECDSA_WITH_AES_128_GCM_SHA256, TLS_ECDHE_RSA_WITH_AES_128_GCM_SHA256, TLS_ECDHE_RSA_WITH_AES_256_GCM_SHA384, TLS_ECDHE_RSA_WITH_AES_128_CBC_SHA, TLS_ECDHE_RSA_WITH_AES_256_CBC_SHA, TLS_RSA_WITH_AES_128_GCM_SHA256, TLS_RSA_WITH_AES_128_CBC_SHA, TLS_RSA_WITH_AES_256_CBC_SHA, TLS_AES_128_GCM_SHA256, TLS_AES_256_GCM_SHA384]
[DEBUG] 2023-05-06 17:44:32.922 [main] MultithreadEventLoopGroup:44--Dio.netty.eventLoopThreads: 16
[DEBUG] 2023-05-06 17:44:32.930 [main] NioEventLoop:106--Dio.netty.noKeySetOptimization: false
[DEBUG] 2023-05-06 17:44:32.930 [main] NioEventLoop:107--Dio.netty.selectorAutoRebuildThreshold: 512
[DEBUG] 2023-05-06 17:44:32.967 [main] PooledByteBufAllocator:155--Dio.netty.allocator.numHeapArenas: 16
[DEBUG] 2023-05-06 17:44:32.967 [main] PooledByteBufAllocator:156--Dio.netty.allocator.numDirectArenas: 16
[DEBUG] 2023-05-06 17:44:32.967 [main] PooledByteBufAllocator:158--Dio.netty.allocator.pageSize: 8192
[DEBUG] 2023-05-06 17:44:32.967 [main] PooledByteBufAllocator:163--Dio.netty.allocator.maxOrder: 11
[DEBUG] 2023-05-06 17:44:32.968 [main] PooledByteBufAllocator:167--Dio.netty.allocator.chunkSize: 16777216
[DEBUG] 2023-05-06 17:44:32.968 [main] PooledByteBufAllocator:168--Dio.netty.allocator.smallCacheSize: 256
[DEBUG] 2023-05-06 17:44:32.968 [main] PooledByteBufAllocator:169--Dio.netty.allocator.normalCacheSize: 64
[DEBUG] 2023-05-06 17:44:32.968 [main] PooledByteBufAllocator:170--Dio.netty.allocator.maxCachedBufferCapacity: 32768
[DEBUG] 2023-05-06 17:44:32.969 [main] PooledByteBufAllocator:171--Dio.netty.allocator.cacheTrimInterval: 8192
[DEBUG] 2023-05-06 17:44:32.969 [main] PooledByteBufAllocator:172--Dio.netty.allocator.cacheTrimIntervalMillis: 0
[DEBUG] 2023-05-06 17:44:32.969 [main] PooledByteBufAllocator:173--Dio.netty.allocator.useCacheForAllThreads: true
[DEBUG] 2023-05-06 17:44:32.969 [main] PooledByteBufAllocator:174--Dio.netty.allocator.maxCachedByteBuffersPerChunk: 1023
[DEBUG] 2023-05-06 17:44:32.980 [main] ByteBufUtil:87--Dio.netty.allocator.type: pooled
[DEBUG] 2023-05-06 17:44:32.980 [main] ByteBufUtil:96--Dio.netty.threadLocalDirectBufferSize: 0
[DEBUG] 2023-05-06 17:44:32.980 [main] ByteBufUtil:99--Dio.netty.maxThreadLocalCharBufferSize: 16384
[DEBUG] 2023-05-06 17:44:33.835 [Forwarding newSession on session null to remote] DefaultChannelId:79--Dio.netty.processId: 13356 (auto-detected)
[DEBUG] 2023-05-06 17:44:33.839 [Forwarding newSession on session null to remote] NetUtil:135--Djava.net.preferIPv4Stack: false
[DEBUG] 2023-05-06 17:44:33.839 [Forwarding newSession on session null to remote] NetUtil:136--Djava.net.preferIPv6Addresses: false
[DEBUG] 2023-05-06 17:44:34.105 [Forwarding newSession on session null to remote] NetUtilInitializations:129-Loopback interface: lo (Software Loopback Interface 1, 127.0.0.1)
[DEBUG] 2023-05-06 17:44:34.105 [Forwarding newSession on session null to remote] NetUtil:187-Failed to get SOMAXCONN from sysctl and file \proc\sys\net\core\somaxconn. Default: 200
[DEBUG] 2023-05-06 17:44:34.385 [Forwarding newSession on session null to remote] DefaultChannelId:101--Dio.netty.machineId: d0:c6:37:ff:fe:f7:a9:b8 (auto-detected)
[DEBUG] 2023-05-06 17:44:34.435 [AsyncHttpClient-1-2] AbstractByteBuf:63--Dio.netty.buffer.checkAccessible: true
[DEBUG] 2023-05-06 17:44:34.436 [AsyncHttpClient-1-2] AbstractByteBuf:64--Dio.netty.buffer.checkBounds: true
[DEBUG] 2023-05-06 17:44:34.436 [AsyncHttpClient-1-2] ResourceLeakDetectorFactory:196-Loaded default ResourceLeakDetector: io.netty.util.ResourceLeakDetector@26ddefd2
[DEBUG] 2023-05-06 17:44:34.464 [AsyncHttpClient-1-2] Recycler:103--Dio.netty.recycler.maxCapacityPerThread: 4096
[DEBUG] 2023-05-06 17:44:34.464 [AsyncHttpClient-1-2] Recycler:104--Dio.netty.recycler.maxSharedCapacityFactor: 2
[DEBUG] 2023-05-06 17:44:34.464 [AsyncHttpClient-1-2] Recycler:105--Dio.netty.recycler.linkCapacity: 16
[DEBUG] 2023-05-06 17:44:34.465 [AsyncHttpClient-1-2] Recycler:106--Dio.netty.recycler.ratio: 8
[DEBUG] 2023-05-06 17:44:34.466 [AsyncHttpClient-1-2] Recycler:107--Dio.netty.recycler.delayedQueue.ratio: 8
[DEBUG] 2023-05-06 17:44:35.263 [AsyncHttpClient-1-2] Brotli:38-brotli4j not in the classpath; Brotli support will be unavailable.
[DEBUG] 2023-05-06 17:44:35.484 [main] ThreadLocalRandom:214--Dio.netty.initialSeedUniquifier: 0xbb3e40d4daf16831
[INFO ] 2023-05-06 17:44:36.088 [main] BaseTest:36-Init page
[INFO ] 2023-05-06 17:44:37.230 [main] BaseTest:42-click close Popup Window
[INFO ] 2023-05-06 17:44:37.357 [main] BaseTest:48-Click Contact
[INFO ] 2023-05-06 17:44:38.089 [main] BaseTest:54-Click Dropdown
[INFO ] 2023-05-06 17:44:38.121 [main] BaseTest:70-Switch to window
[DEBUG] 2023-05-06 17:44:38.122 [main] BaseTest:71-Switch to window by key: 84B718A44D52BC8AE740ABE73C8D1031
[DEBUG] 2023-05-06 17:44:38.122 [main] BaseTest:58-Try to click on button
[INFO ] 2023-05-06 17:44:41.940 [main] BaseTest:64-Click Callback
[DEBUG] 2023-05-06 17:44:52.966 [main] InternalLoggerFactory:76-Using Log4J2 as the default logging framework
[DEBUG] 2023-05-06 17:44:52.973 [main] ResourceLeakDetector:129--Dio.netty.leakDetection.level: simple
[DEBUG] 2023-05-06 17:44:52.973 [main] ResourceLeakDetector:130--Dio.netty.leakDetection.targetRecords: 4
[DEBUG] 2023-05-06 17:44:52.978 [main] ResourceLeakDetectorFactory:196-Loaded default ResourceLeakDetector: io.netty.util.ResourceLeakDetector@3a60c416
[DEBUG] 2023-05-06 17:44:52.995 [main] PlatformDependent0:460--Dio.netty.noUnsafe: false
[DEBUG] 2023-05-06 17:44:52.995 [main] PlatformDependent0:954-Java version: 11
[DEBUG] 2023-05-06 17:44:52.997 [main] PlatformDependent0:135-sun.misc.Unsafe.theUnsafe: available
[DEBUG] 2023-05-06 17:44:52.998 [main] PlatformDependent0:159-sun.misc.Unsafe.copyMemory: available
[DEBUG] 2023-05-06 17:44:52.998 [main] PlatformDependent0:202-java.nio.Buffer.address: available
[DEBUG] 2023-05-06 17:44:52.999 [main] PlatformDependent0:285-direct buffer constructor: unavailable: Reflective setAccessible(true) disabled
[DEBUG] 2023-05-06 17:44:53.000 [main] PlatformDependent0:350-java.nio.Bits.unaligned: available, true
[DEBUG] 2023-05-06 17:44:53.001 [main] PlatformDependent0:417-jdk.internal.misc.Unsafe.allocateUninitializedArray(int): unavailable: class io.netty.util.internal.PlatformDependent0$6 cannot access class jdk.internal.misc.Unsafe (in module java.base) because module java.base does not export jdk.internal.misc to unnamed module @4fe01803
[DEBUG] 2023-05-06 17:44:53.003 [main] PlatformDependent0:446-java.nio.DirectByteBuffer.<init>(long, int): unavailable
[DEBUG] 2023-05-06 17:44:53.003 [main] PlatformDependent:1103-sun.misc.Unsafe: available
[DEBUG] 2023-05-06 17:44:53.005 [main] PlatformDependent:1205-maxDirectMemory: 2109734912 bytes (maybe)
[DEBUG] 2023-05-06 17:44:53.005 [main] PlatformDependent:1224--Dio.netty.tmpdir: C:\Users\YURAKO~1.000\AppData\Local\Temp (java.io.tmpdir)
[DEBUG] 2023-05-06 17:44:53.006 [main] PlatformDependent:1303--Dio.netty.bitMode: 64 (sun.arch.data.model)
[DEBUG] 2023-05-06 17:44:53.006 [main] PlatformDependent:1063-Platform: Windows
[DEBUG] 2023-05-06 17:44:53.008 [main] PlatformDependent:178--Dio.netty.maxDirectMemory: -1 bytes
[DEBUG] 2023-05-06 17:44:53.008 [main] PlatformDependent:185--Dio.netty.uninitializedArrayAllocationThreshold: -1
[DEBUG] 2023-05-06 17:44:53.009 [main] CleanerJava9:71-java.nio.ByteBuffer.cleaner(): available
[DEBUG] 2023-05-06 17:44:53.010 [main] PlatformDependent:205--Dio.netty.noPreferDirect: false
[DEBUG] 2023-05-06 17:44:53.018 [main] PlatformDependent:967-org.jctools-core.MpscChunkedArrayQueue: available
[DEBUG] 2023-05-06 17:44:53.036 [main] InternalThreadLocalMap:83--Dio.netty.threadLocalMap.stringBuilder.initialSize: 1024
[DEBUG] 2023-05-06 17:44:53.037 [main] InternalThreadLocalMap:86--Dio.netty.threadLocalMap.stringBuilder.maxSize: 4096
[DEBUG] 2023-05-06 17:44:53.089 [main] JdkSslContext:97-Default protocols (JDK): [TLSv1.3, TLSv1.2] 
[DEBUG] 2023-05-06 17:44:53.090 [main] JdkSslContext:98-Default cipher suites (JDK): [TLS_ECDHE_ECDSA_WITH_AES_256_GCM_SHA384, TLS_ECDHE_ECDSA_WITH_AES_128_GCM_SHA256, TLS_ECDHE_RSA_WITH_AES_128_GCM_SHA256, TLS_ECDHE_RSA_WITH_AES_256_GCM_SHA384, TLS_ECDHE_RSA_WITH_AES_128_CBC_SHA, TLS_ECDHE_RSA_WITH_AES_256_CBC_SHA, TLS_RSA_WITH_AES_128_GCM_SHA256, TLS_RSA_WITH_AES_128_CBC_SHA, TLS_RSA_WITH_AES_256_CBC_SHA, TLS_AES_128_GCM_SHA256, TLS_AES_256_GCM_SHA384]
[DEBUG] 2023-05-06 17:44:53.109 [main] MultithreadEventLoopGroup:44--Dio.netty.eventLoopThreads: 16
[DEBUG] 2023-05-06 17:44:53.117 [main] NioEventLoop:106--Dio.netty.noKeySetOptimization: false
[DEBUG] 2023-05-06 17:44:53.118 [main] NioEventLoop:107--Dio.netty.selectorAutoRebuildThreshold: 512
[DEBUG] 2023-05-06 17:44:53.156 [main] PooledByteBufAllocator:155--Dio.netty.allocator.numHeapArenas: 16
[DEBUG] 2023-05-06 17:44:53.156 [main] PooledByteBufAllocator:156--Dio.netty.allocator.numDirectArenas: 16
[DEBUG] 2023-05-06 17:44:53.156 [main] PooledByteBufAllocator:158--Dio.netty.allocator.pageSize: 8192
[DEBUG] 2023-05-06 17:44:53.157 [main] PooledByteBufAllocator:163--Dio.netty.allocator.maxOrder: 11
[DEBUG] 2023-05-06 17:44:53.157 [main] PooledByteBufAllocator:167--Dio.netty.allocator.chunkSize: 16777216
[DEBUG] 2023-05-06 17:44:53.157 [main] PooledByteBufAllocator:168--Dio.netty.allocator.smallCacheSize: 256
[DEBUG] 2023-05-06 17:44:53.157 [main] PooledByteBufAllocator:169--Dio.netty.allocator.normalCacheSize: 64
[DEBUG] 2023-05-06 17:44:53.158 [main] PooledByteBufAllocator:170--Dio.netty.allocator.maxCachedBufferCapacity: 32768
[DEBUG] 2023-05-06 17:44:53.158 [main] PooledByteBufAllocator:171--Dio.netty.allocator.cacheTrimInterval: 8192
[DEBUG] 2023-05-06 17:44:53.158 [main] PooledByteBufAllocator:172--Dio.netty.allocator.cacheTrimIntervalMillis: 0
[DEBUG] 2023-05-06 17:44:53.158 [main] PooledByteBufAllocator:173--Dio.netty.allocator.useCacheForAllThreads: true
[DEBUG] 2023-05-06 17:44:53.159 [main] PooledByteBufAllocator:174--Dio.netty.allocator.maxCachedByteBuffersPerChunk: 1023
[DEBUG] 2023-05-06 17:44:53.167 [main] ByteBufUtil:87--Dio.netty.allocator.type: pooled
[DEBUG] 2023-05-06 17:44:53.167 [main] ByteBufUtil:96--Dio.netty.threadLocalDirectBufferSize: 0
[DEBUG] 2023-05-06 17:44:53.167 [main] ByteBufUtil:99--Dio.netty.maxThreadLocalCharBufferSize: 16384
[DEBUG] 2023-05-06 17:44:54.087 [Forwarding newSession on session null to remote] DefaultChannelId:79--Dio.netty.processId: 16632 (auto-detected)
[DEBUG] 2023-05-06 17:44:54.090 [Forwarding newSession on session null to remote] NetUtil:135--Djava.net.preferIPv4Stack: false
[DEBUG] 2023-05-06 17:44:54.090 [Forwarding newSession on session null to remote] NetUtil:136--Djava.net.preferIPv6Addresses: false
[DEBUG] 2023-05-06 17:44:54.341 [Forwarding newSession on session null to remote] NetUtilInitializations:129-Loopback interface: lo (Software Loopback Interface 1, 127.0.0.1)
[DEBUG] 2023-05-06 17:44:54.342 [Forwarding newSession on session null to remote] NetUtil:187-Failed to get SOMAXCONN from sysctl and file \proc\sys\net\core\somaxconn. Default: 200
[DEBUG] 2023-05-06 17:44:54.615 [Forwarding newSession on session null to remote] DefaultChannelId:101--Dio.netty.machineId: d0:c6:37:ff:fe:f7:a9:b8 (auto-detected)
[DEBUG] 2023-05-06 17:44:54.665 [AsyncHttpClient-1-2] AbstractByteBuf:63--Dio.netty.buffer.checkAccessible: true
[DEBUG] 2023-05-06 17:44:54.666 [AsyncHttpClient-1-2] AbstractByteBuf:64--Dio.netty.buffer.checkBounds: true
[DEBUG] 2023-05-06 17:44:54.667 [AsyncHttpClient-1-2] ResourceLeakDetectorFactory:196-Loaded default ResourceLeakDetector: io.netty.util.ResourceLeakDetector@477b8fc2
[DEBUG] 2023-05-06 17:44:54.704 [AsyncHttpClient-1-2] Recycler:103--Dio.netty.recycler.maxCapacityPerThread: 4096
[DEBUG] 2023-05-06 17:44:54.704 [AsyncHttpClient-1-2] Recycler:104--Dio.netty.recycler.maxSharedCapacityFactor: 2
[DEBUG] 2023-05-06 17:44:54.704 [AsyncHttpClient-1-2] Recycler:105--Dio.netty.recycler.linkCapacity: 16
[DEBUG] 2023-05-06 17:44:54.705 [AsyncHttpClient-1-2] Recycler:106--Dio.netty.recycler.ratio: 8
[DEBUG] 2023-05-06 17:44:54.706 [AsyncHttpClient-1-2] Recycler:107--Dio.netty.recycler.delayedQueue.ratio: 8
[DEBUG] 2023-05-06 17:44:55.517 [AsyncHttpClient-1-2] Brotli:38-brotli4j not in the classpath; Brotli support will be unavailable.
[DEBUG] 2023-05-06 17:44:55.701 [main] ThreadLocalRandom:214--Dio.netty.initialSeedUniquifier: 0xea0f02898d5a5386
[INFO ] 2023-05-06 17:45:05.016 [main] BaseTest:58-search product: adidas shoes men
[INFO ] 2023-05-06 17:45:07.797 [main] BaseTest:70-Click button type Sneakers
[INFO ] 2023-05-06 17:45:07.959 [main] BaseTest:64-Set min price of filter: 40
[INFO ] 2023-05-06 17:45:10.825 [main] BaseTest:75-Click GO button in the filter
[DEBUG] 2023-05-06 17:47:37.876 [main] InternalLoggerFactory:76-Using Log4J2 as the default logging framework
[DEBUG] 2023-05-06 17:47:37.882 [main] ResourceLeakDetector:129--Dio.netty.leakDetection.level: simple
[DEBUG] 2023-05-06 17:47:37.882 [main] ResourceLeakDetector:130--Dio.netty.leakDetection.targetRecords: 4
[DEBUG] 2023-05-06 17:47:37.886 [main] ResourceLeakDetectorFactory:196-Loaded default ResourceLeakDetector: io.netty.util.ResourceLeakDetector@3122b117
[DEBUG] 2023-05-06 17:47:37.900 [main] PlatformDependent0:460--Dio.netty.noUnsafe: false
[DEBUG] 2023-05-06 17:47:37.900 [main] PlatformDependent0:954-Java version: 11
[DEBUG] 2023-05-06 17:47:37.901 [main] PlatformDependent0:135-sun.misc.Unsafe.theUnsafe: available
[DEBUG] 2023-05-06 17:47:37.902 [main] PlatformDependent0:159-sun.misc.Unsafe.copyMemory: available
[DEBUG] 2023-05-06 17:47:37.903 [main] PlatformDependent0:202-java.nio.Buffer.address: available
[DEBUG] 2023-05-06 17:47:37.903 [main] PlatformDependent0:285-direct buffer constructor: unavailable: Reflective setAccessible(true) disabled
[DEBUG] 2023-05-06 17:47:37.904 [main] PlatformDependent0:350-java.nio.Bits.unaligned: available, true
[DEBUG] 2023-05-06 17:47:37.905 [main] PlatformDependent0:417-jdk.internal.misc.Unsafe.allocateUninitializedArray(int): unavailable: class io.netty.util.internal.PlatformDependent0$6 cannot access class jdk.internal.misc.Unsafe (in module java.base) because module java.base does not export jdk.internal.misc to unnamed module @75f2099
[DEBUG] 2023-05-06 17:47:37.906 [main] PlatformDependent0:446-java.nio.DirectByteBuffer.<init>(long, int): unavailable
[DEBUG] 2023-05-06 17:47:37.906 [main] PlatformDependent:1103-sun.misc.Unsafe: available
[DEBUG] 2023-05-06 17:47:37.907 [main] PlatformDependent:1205-maxDirectMemory: 2109734912 bytes (maybe)
[DEBUG] 2023-05-06 17:47:37.907 [main] PlatformDependent:1224--Dio.netty.tmpdir: C:\Users\YURAKO~1.000\AppData\Local\Temp (java.io.tmpdir)
[DEBUG] 2023-05-06 17:47:37.907 [main] PlatformDependent:1303--Dio.netty.bitMode: 64 (sun.arch.data.model)
[DEBUG] 2023-05-06 17:47:37.908 [main] PlatformDependent:1063-Platform: Windows
[DEBUG] 2023-05-06 17:47:37.908 [main] PlatformDependent:178--Dio.netty.maxDirectMemory: -1 bytes
[DEBUG] 2023-05-06 17:47:37.909 [main] PlatformDependent:185--Dio.netty.uninitializedArrayAllocationThreshold: -1
[DEBUG] 2023-05-06 17:47:37.909 [main] CleanerJava9:71-java.nio.ByteBuffer.cleaner(): available
[DEBUG] 2023-05-06 17:47:37.910 [main] PlatformDependent:205--Dio.netty.noPreferDirect: false
[DEBUG] 2023-05-06 17:47:37.915 [main] PlatformDependent:967-org.jctools-core.MpscChunkedArrayQueue: available
[DEBUG] 2023-05-06 17:47:37.930 [main] InternalThreadLocalMap:83--Dio.netty.threadLocalMap.stringBuilder.initialSize: 1024
[DEBUG] 2023-05-06 17:47:37.931 [main] InternalThreadLocalMap:86--Dio.netty.threadLocalMap.stringBuilder.maxSize: 4096
[DEBUG] 2023-05-06 17:47:37.972 [main] JdkSslContext:97-Default protocols (JDK): [TLSv1.3, TLSv1.2] 
[DEBUG] 2023-05-06 17:47:37.973 [main] JdkSslContext:98-Default cipher suites (JDK): [TLS_ECDHE_ECDSA_WITH_AES_256_GCM_SHA384, TLS_ECDHE_ECDSA_WITH_AES_128_GCM_SHA256, TLS_ECDHE_RSA_WITH_AES_128_GCM_SHA256, TLS_ECDHE_RSA_WITH_AES_256_GCM_SHA384, TLS_ECDHE_RSA_WITH_AES_128_CBC_SHA, TLS_ECDHE_RSA_WITH_AES_256_CBC_SHA, TLS_RSA_WITH_AES_128_GCM_SHA256, TLS_RSA_WITH_AES_128_CBC_SHA, TLS_RSA_WITH_AES_256_CBC_SHA, TLS_AES_128_GCM_SHA256, TLS_AES_256_GCM_SHA384]
[DEBUG] 2023-05-06 17:47:37.992 [main] MultithreadEventLoopGroup:44--Dio.netty.eventLoopThreads: 16
[DEBUG] 2023-05-06 17:47:37.998 [main] NioEventLoop:106--Dio.netty.noKeySetOptimization: false
[DEBUG] 2023-05-06 17:47:37.999 [main] NioEventLoop:107--Dio.netty.selectorAutoRebuildThreshold: 512
[DEBUG] 2023-05-06 17:47:38.033 [main] PooledByteBufAllocator:155--Dio.netty.allocator.numHeapArenas: 16
[DEBUG] 2023-05-06 17:47:38.034 [main] PooledByteBufAllocator:156--Dio.netty.allocator.numDirectArenas: 16
[DEBUG] 2023-05-06 17:47:38.034 [main] PooledByteBufAllocator:158--Dio.netty.allocator.pageSize: 8192
[DEBUG] 2023-05-06 17:47:38.034 [main] PooledByteBufAllocator:163--Dio.netty.allocator.maxOrder: 11
[DEBUG] 2023-05-06 17:47:38.034 [main] PooledByteBufAllocator:167--Dio.netty.allocator.chunkSize: 16777216
[DEBUG] 2023-05-06 17:47:38.034 [main] PooledByteBufAllocator:168--Dio.netty.allocator.smallCacheSize: 256
[DEBUG] 2023-05-06 17:47:38.034 [main] PooledByteBufAllocator:169--Dio.netty.allocator.normalCacheSize: 64
[DEBUG] 2023-05-06 17:47:38.034 [main] PooledByteBufAllocator:170--Dio.netty.allocator.maxCachedBufferCapacity: 32768
[DEBUG] 2023-05-06 17:47:38.035 [main] PooledByteBufAllocator:171--Dio.netty.allocator.cacheTrimInterval: 8192
[DEBUG] 2023-05-06 17:47:38.035 [main] PooledByteBufAllocator:172--Dio.netty.allocator.cacheTrimIntervalMillis: 0
[DEBUG] 2023-05-06 17:47:38.035 [main] PooledByteBufAllocator:173--Dio.netty.allocator.useCacheForAllThreads: true
[DEBUG] 2023-05-06 17:47:38.035 [main] PooledByteBufAllocator:174--Dio.netty.allocator.maxCachedByteBuffersPerChunk: 1023
[DEBUG] 2023-05-06 17:47:38.042 [main] ByteBufUtil:87--Dio.netty.allocator.type: pooled
[DEBUG] 2023-05-06 17:47:38.043 [main] ByteBufUtil:96--Dio.netty.threadLocalDirectBufferSize: 0
[DEBUG] 2023-05-06 17:47:38.043 [main] ByteBufUtil:99--Dio.netty.maxThreadLocalCharBufferSize: 16384
[DEBUG] 2023-05-06 17:47:38.831 [Forwarding newSession on session null to remote] DefaultChannelId:79--Dio.netty.processId: 5996 (auto-detected)
[DEBUG] 2023-05-06 17:47:38.833 [Forwarding newSession on session null to remote] NetUtil:135--Djava.net.preferIPv4Stack: false
[DEBUG] 2023-05-06 17:47:38.833 [Forwarding newSession on session null to remote] NetUtil:136--Djava.net.preferIPv6Addresses: false
[DEBUG] 2023-05-06 17:47:39.046 [Forwarding newSession on session null to remote] NetUtilInitializations:129-Loopback interface: lo (Software Loopback Interface 1, 127.0.0.1)
[DEBUG] 2023-05-06 17:47:39.047 [Forwarding newSession on session null to remote] NetUtil:187-Failed to get SOMAXCONN from sysctl and file \proc\sys\net\core\somaxconn. Default: 200
[DEBUG] 2023-05-06 17:47:39.298 [Forwarding newSession on session null to remote] DefaultChannelId:101--Dio.netty.machineId: d0:c6:37:ff:fe:f7:a9:b8 (auto-detected)
[DEBUG] 2023-05-06 17:47:39.339 [AsyncHttpClient-1-2] AbstractByteBuf:63--Dio.netty.buffer.checkAccessible: true
[DEBUG] 2023-05-06 17:47:39.339 [AsyncHttpClient-1-2] AbstractByteBuf:64--Dio.netty.buffer.checkBounds: true
[DEBUG] 2023-05-06 17:47:39.339 [AsyncHttpClient-1-2] ResourceLeakDetectorFactory:196-Loaded default ResourceLeakDetector: io.netty.util.ResourceLeakDetector@54fbad39
[DEBUG] 2023-05-06 17:47:39.363 [AsyncHttpClient-1-2] Recycler:103--Dio.netty.recycler.maxCapacityPerThread: 4096
[DEBUG] 2023-05-06 17:47:39.363 [AsyncHttpClient-1-2] Recycler:104--Dio.netty.recycler.maxSharedCapacityFactor: 2
[DEBUG] 2023-05-06 17:47:39.363 [AsyncHttpClient-1-2] Recycler:105--Dio.netty.recycler.linkCapacity: 16
[DEBUG] 2023-05-06 17:47:39.363 [AsyncHttpClient-1-2] Recycler:106--Dio.netty.recycler.ratio: 8
[DEBUG] 2023-05-06 17:47:39.364 [AsyncHttpClient-1-2] Recycler:107--Dio.netty.recycler.delayedQueue.ratio: 8
[DEBUG] 2023-05-06 17:47:39.978 [AsyncHttpClient-1-2] Brotli:38-brotli4j not in the classpath; Brotli support will be unavailable.
[DEBUG] 2023-05-06 17:47:40.134 [main] ThreadLocalRandom:214--Dio.netty.initialSeedUniquifier: 0x98158f6a4bc39406
[INFO ] 2023-05-06 17:47:50.244 [main] BaseTest:58-search product: adidas shoes men
[INFO ] 2023-05-06 17:47:53.295 [main] BaseTest:70-Click button type Sneakers
[INFO ] 2023-05-06 17:47:53.457 [main] BaseTest:64-Set min price of filter: 40
[INFO ] 2023-05-06 17:47:56.338 [main] BaseTest:75-Click GO button in the filter
[DEBUG] 2023-05-06 17:51:25.860 [main] InternalLoggerFactory:76-Using Log4J2 as the default logging framework
[DEBUG] 2023-05-06 17:51:25.865 [main] ResourceLeakDetector:129--Dio.netty.leakDetection.level: simple
[DEBUG] 2023-05-06 17:51:25.866 [main] ResourceLeakDetector:130--Dio.netty.leakDetection.targetRecords: 4
[DEBUG] 2023-05-06 17:51:25.869 [main] ResourceLeakDetectorFactory:196-Loaded default ResourceLeakDetector: io.netty.util.ResourceLeakDetector@3068b369
[DEBUG] 2023-05-06 17:51:25.883 [main] PlatformDependent0:460--Dio.netty.noUnsafe: false
[DEBUG] 2023-05-06 17:51:25.883 [main] PlatformDependent0:954-Java version: 11
[DEBUG] 2023-05-06 17:51:25.885 [main] PlatformDependent0:135-sun.misc.Unsafe.theUnsafe: available
[DEBUG] 2023-05-06 17:51:25.886 [main] PlatformDependent0:159-sun.misc.Unsafe.copyMemory: available
[DEBUG] 2023-05-06 17:51:25.886 [main] PlatformDependent0:202-java.nio.Buffer.address: available
[DEBUG] 2023-05-06 17:51:25.886 [main] PlatformDependent0:285-direct buffer constructor: unavailable: Reflective setAccessible(true) disabled
[DEBUG] 2023-05-06 17:51:25.886 [main] PlatformDependent0:350-java.nio.Bits.unaligned: available, true
[DEBUG] 2023-05-06 17:51:25.887 [main] PlatformDependent0:417-jdk.internal.misc.Unsafe.allocateUninitializedArray(int): unavailable: class io.netty.util.internal.PlatformDependent0$6 cannot access class jdk.internal.misc.Unsafe (in module java.base) because module java.base does not export jdk.internal.misc to unnamed module @5183d589
[DEBUG] 2023-05-06 17:51:25.888 [main] PlatformDependent0:446-java.nio.DirectByteBuffer.<init>(long, int): unavailable
[DEBUG] 2023-05-06 17:51:25.889 [main] PlatformDependent:1103-sun.misc.Unsafe: available
[DEBUG] 2023-05-06 17:51:25.890 [main] PlatformDependent:1205-maxDirectMemory: 2109734912 bytes (maybe)
[DEBUG] 2023-05-06 17:51:25.890 [main] PlatformDependent:1224--Dio.netty.tmpdir: C:\Users\YURAKO~1.000\AppData\Local\Temp (java.io.tmpdir)
[DEBUG] 2023-05-06 17:51:25.890 [main] PlatformDependent:1303--Dio.netty.bitMode: 64 (sun.arch.data.model)
[DEBUG] 2023-05-06 17:51:25.890 [main] PlatformDependent:1063-Platform: Windows
[DEBUG] 2023-05-06 17:51:25.891 [main] PlatformDependent:178--Dio.netty.maxDirectMemory: -1 bytes
[DEBUG] 2023-05-06 17:51:25.891 [main] PlatformDependent:185--Dio.netty.uninitializedArrayAllocationThreshold: -1
[DEBUG] 2023-05-06 17:51:25.892 [main] CleanerJava9:71-java.nio.ByteBuffer.cleaner(): available
[DEBUG] 2023-05-06 17:51:25.892 [main] PlatformDependent:205--Dio.netty.noPreferDirect: false
[DEBUG] 2023-05-06 17:51:25.898 [main] PlatformDependent:967-org.jctools-core.MpscChunkedArrayQueue: available
[DEBUG] 2023-05-06 17:51:25.912 [main] InternalThreadLocalMap:83--Dio.netty.threadLocalMap.stringBuilder.initialSize: 1024
[DEBUG] 2023-05-06 17:51:25.912 [main] InternalThreadLocalMap:86--Dio.netty.threadLocalMap.stringBuilder.maxSize: 4096
[DEBUG] 2023-05-06 17:51:25.929 [main] JdkSslContext:97-Default protocols (JDK): [TLSv1.3, TLSv1.2] 
[DEBUG] 2023-05-06 17:51:25.929 [main] JdkSslContext:98-Default cipher suites (JDK): [TLS_ECDHE_ECDSA_WITH_AES_256_GCM_SHA384, TLS_ECDHE_ECDSA_WITH_AES_128_GCM_SHA256, TLS_ECDHE_RSA_WITH_AES_128_GCM_SHA256, TLS_ECDHE_RSA_WITH_AES_256_GCM_SHA384, TLS_ECDHE_RSA_WITH_AES_128_CBC_SHA, TLS_ECDHE_RSA_WITH_AES_256_CBC_SHA, TLS_RSA_WITH_AES_128_GCM_SHA256, TLS_RSA_WITH_AES_128_CBC_SHA, TLS_RSA_WITH_AES_256_CBC_SHA, TLS_AES_128_GCM_SHA256, TLS_AES_256_GCM_SHA384]
[DEBUG] 2023-05-06 17:51:25.947 [main] MultithreadEventLoopGroup:44--Dio.netty.eventLoopThreads: 16
[DEBUG] 2023-05-06 17:51:25.954 [main] NioEventLoop:106--Dio.netty.noKeySetOptimization: false
[DEBUG] 2023-05-06 17:51:25.954 [main] NioEventLoop:107--Dio.netty.selectorAutoRebuildThreshold: 512
[DEBUG] 2023-05-06 17:51:26.010 [main] PooledByteBufAllocator:155--Dio.netty.allocator.numHeapArenas: 16
[DEBUG] 2023-05-06 17:51:26.010 [main] PooledByteBufAllocator:156--Dio.netty.allocator.numDirectArenas: 16
[DEBUG] 2023-05-06 17:51:26.010 [main] PooledByteBufAllocator:158--Dio.netty.allocator.pageSize: 8192
[DEBUG] 2023-05-06 17:51:26.010 [main] PooledByteBufAllocator:163--Dio.netty.allocator.maxOrder: 11
[DEBUG] 2023-05-06 17:51:26.010 [main] PooledByteBufAllocator:167--Dio.netty.allocator.chunkSize: 16777216
[DEBUG] 2023-05-06 17:51:26.011 [main] PooledByteBufAllocator:168--Dio.netty.allocator.smallCacheSize: 256
[DEBUG] 2023-05-06 17:51:26.011 [main] PooledByteBufAllocator:169--Dio.netty.allocator.normalCacheSize: 64
[DEBUG] 2023-05-06 17:51:26.011 [main] PooledByteBufAllocator:170--Dio.netty.allocator.maxCachedBufferCapacity: 32768
[DEBUG] 2023-05-06 17:51:26.011 [main] PooledByteBufAllocator:171--Dio.netty.allocator.cacheTrimInterval: 8192
[DEBUG] 2023-05-06 17:51:26.011 [main] PooledByteBufAllocator:172--Dio.netty.allocator.cacheTrimIntervalMillis: 0
[DEBUG] 2023-05-06 17:51:26.011 [main] PooledByteBufAllocator:173--Dio.netty.allocator.useCacheForAllThreads: true
[DEBUG] 2023-05-06 17:51:26.011 [main] PooledByteBufAllocator:174--Dio.netty.allocator.maxCachedByteBuffersPerChunk: 1023
[DEBUG] 2023-05-06 17:51:26.019 [main] ByteBufUtil:87--Dio.netty.allocator.type: pooled
[DEBUG] 2023-05-06 17:51:26.019 [main] ByteBufUtil:96--Dio.netty.threadLocalDirectBufferSize: 0
[DEBUG] 2023-05-06 17:51:26.019 [main] ByteBufUtil:99--Dio.netty.maxThreadLocalCharBufferSize: 16384
[DEBUG] 2023-05-06 17:51:26.759 [Forwarding newSession on session null to remote] DefaultChannelId:79--Dio.netty.processId: 17776 (auto-detected)
[DEBUG] 2023-05-06 17:51:26.761 [Forwarding newSession on session null to remote] NetUtil:135--Djava.net.preferIPv4Stack: false
[DEBUG] 2023-05-06 17:51:26.769 [Forwarding newSession on session null to remote] NetUtil:136--Djava.net.preferIPv6Addresses: false
[DEBUG] 2023-05-06 17:51:26.999 [Forwarding newSession on session null to remote] NetUtilInitializations:129-Loopback interface: lo (Software Loopback Interface 1, 127.0.0.1)
[DEBUG] 2023-05-06 17:51:27.000 [Forwarding newSession on session null to remote] NetUtil:187-Failed to get SOMAXCONN from sysctl and file \proc\sys\net\core\somaxconn. Default: 200
[DEBUG] 2023-05-06 17:51:27.235 [Forwarding newSession on session null to remote] DefaultChannelId:101--Dio.netty.machineId: d0:c6:37:ff:fe:f7:a9:b8 (auto-detected)
[DEBUG] 2023-05-06 17:51:27.275 [AsyncHttpClient-1-2] AbstractByteBuf:63--Dio.netty.buffer.checkAccessible: true
[DEBUG] 2023-05-06 17:51:27.276 [AsyncHttpClient-1-2] AbstractByteBuf:64--Dio.netty.buffer.checkBounds: true
[DEBUG] 2023-05-06 17:51:27.276 [AsyncHttpClient-1-2] ResourceLeakDetectorFactory:196-Loaded default ResourceLeakDetector: io.netty.util.ResourceLeakDetector@7a35f75b
[DEBUG] 2023-05-06 17:51:27.300 [AsyncHttpClient-1-2] Recycler:103--Dio.netty.recycler.maxCapacityPerThread: 4096
[DEBUG] 2023-05-06 17:51:27.300 [AsyncHttpClient-1-2] Recycler:104--Dio.netty.recycler.maxSharedCapacityFactor: 2
[DEBUG] 2023-05-06 17:51:27.300 [AsyncHttpClient-1-2] Recycler:105--Dio.netty.recycler.linkCapacity: 16
[DEBUG] 2023-05-06 17:51:27.300 [AsyncHttpClient-1-2] Recycler:106--Dio.netty.recycler.ratio: 8
[DEBUG] 2023-05-06 17:51:27.301 [AsyncHttpClient-1-2] Recycler:107--Dio.netty.recycler.delayedQueue.ratio: 8
[DEBUG] 2023-05-06 17:51:27.965 [AsyncHttpClient-1-2] Brotli:38-brotli4j not in the classpath; Brotli support will be unavailable.
[DEBUG] 2023-05-06 17:51:28.065 [main] ThreadLocalRandom:214--Dio.netty.initialSeedUniquifier: 0x8bddeb1ed1daf5ba
[INFO ] 2023-05-06 17:51:36.152 [main] BaseTest:58-search product: adidas shoes men
[INFO ] 2023-05-06 17:51:39.140 [main] BaseTest:70-Click button type Sneakers
[INFO ] 2023-05-06 17:51:39.277 [main] BaseTest:64-Set min price of filter: 40
[INFO ] 2023-05-06 17:51:41.845 [main] BaseTest:75-Click GO button in the filter
[DEBUG] 2023-05-06 17:52:44.769 [main] InternalLoggerFactory:76-Using Log4J2 as the default logging framework
[DEBUG] 2023-05-06 17:52:44.776 [main] ResourceLeakDetector:129--Dio.netty.leakDetection.level: simple
[DEBUG] 2023-05-06 17:52:44.776 [main] ResourceLeakDetector:130--Dio.netty.leakDetection.targetRecords: 4
[DEBUG] 2023-05-06 17:52:44.780 [main] ResourceLeakDetectorFactory:196-Loaded default ResourceLeakDetector: io.netty.util.ResourceLeakDetector@6b410923
[DEBUG] 2023-05-06 17:52:44.793 [main] PlatformDependent0:460--Dio.netty.noUnsafe: false
[DEBUG] 2023-05-06 17:52:44.794 [main] PlatformDependent0:954-Java version: 11
[DEBUG] 2023-05-06 17:52:44.795 [main] PlatformDependent0:135-sun.misc.Unsafe.theUnsafe: available
[DEBUG] 2023-05-06 17:52:44.796 [main] PlatformDependent0:159-sun.misc.Unsafe.copyMemory: available
[DEBUG] 2023-05-06 17:52:44.797 [main] PlatformDependent0:202-java.nio.Buffer.address: available
[DEBUG] 2023-05-06 17:52:44.797 [main] PlatformDependent0:285-direct buffer constructor: unavailable: Reflective setAccessible(true) disabled
[DEBUG] 2023-05-06 17:52:44.798 [main] PlatformDependent0:350-java.nio.Bits.unaligned: available, true
[DEBUG] 2023-05-06 17:52:44.799 [main] PlatformDependent0:417-jdk.internal.misc.Unsafe.allocateUninitializedArray(int): unavailable: class io.netty.util.internal.PlatformDependent0$6 cannot access class jdk.internal.misc.Unsafe (in module java.base) because module java.base does not export jdk.internal.misc to unnamed module @4565a70a
[DEBUG] 2023-05-06 17:52:44.800 [main] PlatformDependent0:446-java.nio.DirectByteBuffer.<init>(long, int): unavailable
[DEBUG] 2023-05-06 17:52:44.801 [main] PlatformDependent:1103-sun.misc.Unsafe: available
[DEBUG] 2023-05-06 17:52:44.801 [main] PlatformDependent:1205-maxDirectMemory: 2109734912 bytes (maybe)
[DEBUG] 2023-05-06 17:52:44.802 [main] PlatformDependent:1224--Dio.netty.tmpdir: C:\Users\YURAKO~1.000\AppData\Local\Temp (java.io.tmpdir)
[DEBUG] 2023-05-06 17:52:44.802 [main] PlatformDependent:1303--Dio.netty.bitMode: 64 (sun.arch.data.model)
[DEBUG] 2023-05-06 17:52:44.803 [main] PlatformDependent:1063-Platform: Windows
[DEBUG] 2023-05-06 17:52:44.804 [main] PlatformDependent:178--Dio.netty.maxDirectMemory: -1 bytes
[DEBUG] 2023-05-06 17:52:44.804 [main] PlatformDependent:185--Dio.netty.uninitializedArrayAllocationThreshold: -1
[DEBUG] 2023-05-06 17:52:44.805 [main] CleanerJava9:71-java.nio.ByteBuffer.cleaner(): available
[DEBUG] 2023-05-06 17:52:44.805 [main] PlatformDependent:205--Dio.netty.noPreferDirect: false
[DEBUG] 2023-05-06 17:52:44.812 [main] PlatformDependent:967-org.jctools-core.MpscChunkedArrayQueue: available
[DEBUG] 2023-05-06 17:52:44.829 [main] InternalThreadLocalMap:83--Dio.netty.threadLocalMap.stringBuilder.initialSize: 1024
[DEBUG] 2023-05-06 17:52:44.829 [main] InternalThreadLocalMap:86--Dio.netty.threadLocalMap.stringBuilder.maxSize: 4096
[DEBUG] 2023-05-06 17:52:44.848 [main] JdkSslContext:97-Default protocols (JDK): [TLSv1.3, TLSv1.2] 
[DEBUG] 2023-05-06 17:52:44.848 [main] JdkSslContext:98-Default cipher suites (JDK): [TLS_ECDHE_ECDSA_WITH_AES_256_GCM_SHA384, TLS_ECDHE_ECDSA_WITH_AES_128_GCM_SHA256, TLS_ECDHE_RSA_WITH_AES_128_GCM_SHA256, TLS_ECDHE_RSA_WITH_AES_256_GCM_SHA384, TLS_ECDHE_RSA_WITH_AES_128_CBC_SHA, TLS_ECDHE_RSA_WITH_AES_256_CBC_SHA, TLS_RSA_WITH_AES_128_GCM_SHA256, TLS_RSA_WITH_AES_128_CBC_SHA, TLS_RSA_WITH_AES_256_CBC_SHA, TLS_AES_128_GCM_SHA256, TLS_AES_256_GCM_SHA384]
[DEBUG] 2023-05-06 17:52:44.868 [main] MultithreadEventLoopGroup:44--Dio.netty.eventLoopThreads: 16
[DEBUG] 2023-05-06 17:52:44.875 [main] NioEventLoop:106--Dio.netty.noKeySetOptimization: false
[DEBUG] 2023-05-06 17:52:44.875 [main] NioEventLoop:107--Dio.netty.selectorAutoRebuildThreshold: 512
[DEBUG] 2023-05-06 17:52:44.918 [main] PooledByteBufAllocator:155--Dio.netty.allocator.numHeapArenas: 16
[DEBUG] 2023-05-06 17:52:44.918 [main] PooledByteBufAllocator:156--Dio.netty.allocator.numDirectArenas: 16
[DEBUG] 2023-05-06 17:52:44.918 [main] PooledByteBufAllocator:158--Dio.netty.allocator.pageSize: 8192
[DEBUG] 2023-05-06 17:52:44.918 [main] PooledByteBufAllocator:163--Dio.netty.allocator.maxOrder: 11
[DEBUG] 2023-05-06 17:52:44.918 [main] PooledByteBufAllocator:167--Dio.netty.allocator.chunkSize: 16777216
[DEBUG] 2023-05-06 17:52:44.918 [main] PooledByteBufAllocator:168--Dio.netty.allocator.smallCacheSize: 256
[DEBUG] 2023-05-06 17:52:44.918 [main] PooledByteBufAllocator:169--Dio.netty.allocator.normalCacheSize: 64
[DEBUG] 2023-05-06 17:52:44.919 [main] PooledByteBufAllocator:170--Dio.netty.allocator.maxCachedBufferCapacity: 32768
[DEBUG] 2023-05-06 17:52:44.919 [main] PooledByteBufAllocator:171--Dio.netty.allocator.cacheTrimInterval: 8192
[DEBUG] 2023-05-06 17:52:44.919 [main] PooledByteBufAllocator:172--Dio.netty.allocator.cacheTrimIntervalMillis: 0
[DEBUG] 2023-05-06 17:52:44.919 [main] PooledByteBufAllocator:173--Dio.netty.allocator.useCacheForAllThreads: true
[DEBUG] 2023-05-06 17:52:44.919 [main] PooledByteBufAllocator:174--Dio.netty.allocator.maxCachedByteBuffersPerChunk: 1023
[DEBUG] 2023-05-06 17:52:44.928 [main] ByteBufUtil:87--Dio.netty.allocator.type: pooled
[DEBUG] 2023-05-06 17:52:44.928 [main] ByteBufUtil:96--Dio.netty.threadLocalDirectBufferSize: 0
[DEBUG] 2023-05-06 17:52:44.928 [main] ByteBufUtil:99--Dio.netty.maxThreadLocalCharBufferSize: 16384
[DEBUG] 2023-05-06 17:52:45.698 [Forwarding newSession on session null to remote] DefaultChannelId:79--Dio.netty.processId: 13028 (auto-detected)
[DEBUG] 2023-05-06 17:52:45.700 [Forwarding newSession on session null to remote] NetUtil:135--Djava.net.preferIPv4Stack: false
[DEBUG] 2023-05-06 17:52:45.700 [Forwarding newSession on session null to remote] NetUtil:136--Djava.net.preferIPv6Addresses: false
[DEBUG] 2023-05-06 17:52:45.917 [Forwarding newSession on session null to remote] NetUtilInitializations:129-Loopback interface: lo (Software Loopback Interface 1, 127.0.0.1)
[DEBUG] 2023-05-06 17:52:45.926 [Forwarding newSession on session null to remote] NetUtil:187-Failed to get SOMAXCONN from sysctl and file \proc\sys\net\core\somaxconn. Default: 200
[DEBUG] 2023-05-06 17:52:46.158 [Forwarding newSession on session null to remote] DefaultChannelId:101--Dio.netty.machineId: d0:c6:37:ff:fe:f7:a9:b8 (auto-detected)
[DEBUG] 2023-05-06 17:52:46.199 [AsyncHttpClient-1-2] AbstractByteBuf:63--Dio.netty.buffer.checkAccessible: true
[DEBUG] 2023-05-06 17:52:46.200 [AsyncHttpClient-1-2] AbstractByteBuf:64--Dio.netty.buffer.checkBounds: true
[DEBUG] 2023-05-06 17:52:46.200 [AsyncHttpClient-1-2] ResourceLeakDetectorFactory:196-Loaded default ResourceLeakDetector: io.netty.util.ResourceLeakDetector@2789fdbc
[DEBUG] 2023-05-06 17:52:46.223 [AsyncHttpClient-1-2] Recycler:103--Dio.netty.recycler.maxCapacityPerThread: 4096
[DEBUG] 2023-05-06 17:52:46.224 [AsyncHttpClient-1-2] Recycler:104--Dio.netty.recycler.maxSharedCapacityFactor: 2
[DEBUG] 2023-05-06 17:52:46.224 [AsyncHttpClient-1-2] Recycler:105--Dio.netty.recycler.linkCapacity: 16
[DEBUG] 2023-05-06 17:52:46.224 [AsyncHttpClient-1-2] Recycler:106--Dio.netty.recycler.ratio: 8
[DEBUG] 2023-05-06 17:52:46.224 [AsyncHttpClient-1-2] Recycler:107--Dio.netty.recycler.delayedQueue.ratio: 8
[DEBUG] 2023-05-06 17:52:46.810 [AsyncHttpClient-1-2] Brotli:38-brotli4j not in the classpath; Brotli support will be unavailable.
[DEBUG] 2023-05-06 17:52:46.974 [main] ThreadLocalRandom:214--Dio.netty.initialSeedUniquifier: 0x65b2d4a895c5ad0a
[DEBUG] 2023-05-06 17:53:49.919 [main] InternalLoggerFactory:76-Using Log4J2 as the default logging framework
[DEBUG] 2023-05-06 17:53:49.926 [main] ResourceLeakDetector:129--Dio.netty.leakDetection.level: simple
[DEBUG] 2023-05-06 17:53:49.926 [main] ResourceLeakDetector:130--Dio.netty.leakDetection.targetRecords: 4
[DEBUG] 2023-05-06 17:53:49.929 [main] ResourceLeakDetectorFactory:196-Loaded default ResourceLeakDetector: io.netty.util.ResourceLeakDetector@41e1455d
[DEBUG] 2023-05-06 17:53:49.943 [main] PlatformDependent0:460--Dio.netty.noUnsafe: false
[DEBUG] 2023-05-06 17:53:49.944 [main] PlatformDependent0:954-Java version: 11
[DEBUG] 2023-05-06 17:53:49.945 [main] PlatformDependent0:135-sun.misc.Unsafe.theUnsafe: available
[DEBUG] 2023-05-06 17:53:49.946 [main] PlatformDependent0:159-sun.misc.Unsafe.copyMemory: available
[DEBUG] 2023-05-06 17:53:49.946 [main] PlatformDependent0:202-java.nio.Buffer.address: available
[DEBUG] 2023-05-06 17:53:49.947 [main] PlatformDependent0:285-direct buffer constructor: unavailable: Reflective setAccessible(true) disabled
[DEBUG] 2023-05-06 17:53:49.947 [main] PlatformDependent0:350-java.nio.Bits.unaligned: available, true
[DEBUG] 2023-05-06 17:53:49.948 [main] PlatformDependent0:417-jdk.internal.misc.Unsafe.allocateUninitializedArray(int): unavailable: class io.netty.util.internal.PlatformDependent0$6 cannot access class jdk.internal.misc.Unsafe (in module java.base) because module java.base does not export jdk.internal.misc to unnamed module @7b44b63d
[DEBUG] 2023-05-06 17:53:49.949 [main] PlatformDependent0:446-java.nio.DirectByteBuffer.<init>(long, int): unavailable
[DEBUG] 2023-05-06 17:53:49.950 [main] PlatformDependent:1103-sun.misc.Unsafe: available
[DEBUG] 2023-05-06 17:53:49.950 [main] PlatformDependent:1205-maxDirectMemory: 2109734912 bytes (maybe)
[DEBUG] 2023-05-06 17:53:49.951 [main] PlatformDependent:1224--Dio.netty.tmpdir: C:\Users\YURAKO~1.000\AppData\Local\Temp (java.io.tmpdir)
[DEBUG] 2023-05-06 17:53:49.951 [main] PlatformDependent:1303--Dio.netty.bitMode: 64 (sun.arch.data.model)
[DEBUG] 2023-05-06 17:53:49.951 [main] PlatformDependent:1063-Platform: Windows
[DEBUG] 2023-05-06 17:53:49.952 [main] PlatformDependent:178--Dio.netty.maxDirectMemory: -1 bytes
[DEBUG] 2023-05-06 17:53:49.952 [main] PlatformDependent:185--Dio.netty.uninitializedArrayAllocationThreshold: -1
[DEBUG] 2023-05-06 17:53:49.953 [main] CleanerJava9:71-java.nio.ByteBuffer.cleaner(): available
[DEBUG] 2023-05-06 17:53:49.953 [main] PlatformDependent:205--Dio.netty.noPreferDirect: false
[DEBUG] 2023-05-06 17:53:49.959 [main] PlatformDependent:967-org.jctools-core.MpscChunkedArrayQueue: available
[DEBUG] 2023-05-06 17:53:49.973 [main] InternalThreadLocalMap:83--Dio.netty.threadLocalMap.stringBuilder.initialSize: 1024
[DEBUG] 2023-05-06 17:53:49.973 [main] InternalThreadLocalMap:86--Dio.netty.threadLocalMap.stringBuilder.maxSize: 4096
[DEBUG] 2023-05-06 17:53:49.990 [main] JdkSslContext:97-Default protocols (JDK): [TLSv1.3, TLSv1.2] 
[DEBUG] 2023-05-06 17:53:49.990 [main] JdkSslContext:98-Default cipher suites (JDK): [TLS_ECDHE_ECDSA_WITH_AES_256_GCM_SHA384, TLS_ECDHE_ECDSA_WITH_AES_128_GCM_SHA256, TLS_ECDHE_RSA_WITH_AES_128_GCM_SHA256, TLS_ECDHE_RSA_WITH_AES_256_GCM_SHA384, TLS_ECDHE_RSA_WITH_AES_128_CBC_SHA, TLS_ECDHE_RSA_WITH_AES_256_CBC_SHA, TLS_RSA_WITH_AES_128_GCM_SHA256, TLS_RSA_WITH_AES_128_CBC_SHA, TLS_RSA_WITH_AES_256_CBC_SHA, TLS_AES_128_GCM_SHA256, TLS_AES_256_GCM_SHA384]
[DEBUG] 2023-05-06 17:53:50.009 [main] MultithreadEventLoopGroup:44--Dio.netty.eventLoopThreads: 16
[DEBUG] 2023-05-06 17:53:50.015 [main] NioEventLoop:106--Dio.netty.noKeySetOptimization: false
[DEBUG] 2023-05-06 17:53:50.015 [main] NioEventLoop:107--Dio.netty.selectorAutoRebuildThreshold: 512
[DEBUG] 2023-05-06 17:53:50.048 [main] PooledByteBufAllocator:155--Dio.netty.allocator.numHeapArenas: 16
[DEBUG] 2023-05-06 17:53:50.049 [main] PooledByteBufAllocator:156--Dio.netty.allocator.numDirectArenas: 16
[DEBUG] 2023-05-06 17:53:50.049 [main] PooledByteBufAllocator:158--Dio.netty.allocator.pageSize: 8192
[DEBUG] 2023-05-06 17:53:50.049 [main] PooledByteBufAllocator:163--Dio.netty.allocator.maxOrder: 11
[DEBUG] 2023-05-06 17:53:50.049 [main] PooledByteBufAllocator:167--Dio.netty.allocator.chunkSize: 16777216
[DEBUG] 2023-05-06 17:53:50.049 [main] PooledByteBufAllocator:168--Dio.netty.allocator.smallCacheSize: 256
[DEBUG] 2023-05-06 17:53:50.049 [main] PooledByteBufAllocator:169--Dio.netty.allocator.normalCacheSize: 64
[DEBUG] 2023-05-06 17:53:50.049 [main] PooledByteBufAllocator:170--Dio.netty.allocator.maxCachedBufferCapacity: 32768
[DEBUG] 2023-05-06 17:53:50.050 [main] PooledByteBufAllocator:171--Dio.netty.allocator.cacheTrimInterval: 8192
[DEBUG] 2023-05-06 17:53:50.050 [main] PooledByteBufAllocator:172--Dio.netty.allocator.cacheTrimIntervalMillis: 0
[DEBUG] 2023-05-06 17:53:50.050 [main] PooledByteBufAllocator:173--Dio.netty.allocator.useCacheForAllThreads: true
[DEBUG] 2023-05-06 17:53:50.050 [main] PooledByteBufAllocator:174--Dio.netty.allocator.maxCachedByteBuffersPerChunk: 1023
[DEBUG] 2023-05-06 17:53:50.057 [main] ByteBufUtil:87--Dio.netty.allocator.type: pooled
[DEBUG] 2023-05-06 17:53:50.058 [main] ByteBufUtil:96--Dio.netty.threadLocalDirectBufferSize: 0
[DEBUG] 2023-05-06 17:53:50.058 [main] ByteBufUtil:99--Dio.netty.maxThreadLocalCharBufferSize: 16384
[DEBUG] 2023-05-06 17:53:50.818 [Forwarding newSession on session null to remote] DefaultChannelId:79--Dio.netty.processId: 13200 (auto-detected)
[DEBUG] 2023-05-06 17:53:50.821 [Forwarding newSession on session null to remote] NetUtil:135--Djava.net.preferIPv4Stack: false
[DEBUG] 2023-05-06 17:53:50.821 [Forwarding newSession on session null to remote] NetUtil:136--Djava.net.preferIPv6Addresses: false
[DEBUG] 2023-05-06 17:53:51.037 [Forwarding newSession on session null to remote] NetUtilInitializations:129-Loopback interface: lo (Software Loopback Interface 1, 127.0.0.1)
[DEBUG] 2023-05-06 17:53:51.038 [Forwarding newSession on session null to remote] NetUtil:187-Failed to get SOMAXCONN from sysctl and file \proc\sys\net\core\somaxconn. Default: 200
[DEBUG] 2023-05-06 17:53:51.272 [Forwarding newSession on session null to remote] DefaultChannelId:101--Dio.netty.machineId: d0:c6:37:ff:fe:f7:a9:b8 (auto-detected)
[DEBUG] 2023-05-06 17:53:51.312 [AsyncHttpClient-1-2] AbstractByteBuf:63--Dio.netty.buffer.checkAccessible: true
[DEBUG] 2023-05-06 17:53:51.313 [AsyncHttpClient-1-2] AbstractByteBuf:64--Dio.netty.buffer.checkBounds: true
[DEBUG] 2023-05-06 17:53:51.313 [AsyncHttpClient-1-2] ResourceLeakDetectorFactory:196-Loaded default ResourceLeakDetector: io.netty.util.ResourceLeakDetector@22f8f458
[DEBUG] 2023-05-06 17:53:51.337 [AsyncHttpClient-1-2] Recycler:103--Dio.netty.recycler.maxCapacityPerThread: 4096
[DEBUG] 2023-05-06 17:53:51.338 [AsyncHttpClient-1-2] Recycler:104--Dio.netty.recycler.maxSharedCapacityFactor: 2
[DEBUG] 2023-05-06 17:53:51.338 [AsyncHttpClient-1-2] Recycler:105--Dio.netty.recycler.linkCapacity: 16
[DEBUG] 2023-05-06 17:53:51.338 [AsyncHttpClient-1-2] Recycler:106--Dio.netty.recycler.ratio: 8
[DEBUG] 2023-05-06 17:53:51.338 [AsyncHttpClient-1-2] Recycler:107--Dio.netty.recycler.delayedQueue.ratio: 8
[DEBUG] 2023-05-06 17:53:52.014 [AsyncHttpClient-1-2] Brotli:38-brotli4j not in the classpath; Brotli support will be unavailable.
[DEBUG] 2023-05-06 17:53:52.134 [main] ThreadLocalRandom:214--Dio.netty.initialSeedUniquifier: 0xf6cb53f4153a9251
[INFO ] 2023-05-06 17:54:02.036 [main] BaseTest:58-search product: adidas shoes men
[INFO ] 2023-05-06 17:54:05.433 [main] BaseTest:70-Click button type Sneakers
[INFO ] 2023-05-06 17:54:05.593 [main] BaseTest:64-Set min price of filter: 40
[INFO ] 2023-05-06 17:54:08.629 [main] BaseTest:75-Click GO button in the filter
[DEBUG] 2023-05-06 17:57:56.300 [main] InternalLoggerFactory:76-Using Log4J2 as the default logging framework
[DEBUG] 2023-05-06 17:57:56.307 [main] ResourceLeakDetector:129--Dio.netty.leakDetection.level: simple
[DEBUG] 2023-05-06 17:57:56.307 [main] ResourceLeakDetector:130--Dio.netty.leakDetection.targetRecords: 4
[DEBUG] 2023-05-06 17:57:56.311 [main] ResourceLeakDetectorFactory:196-Loaded default ResourceLeakDetector: io.netty.util.ResourceLeakDetector@4e558728
[DEBUG] 2023-05-06 17:57:56.325 [main] PlatformDependent0:460--Dio.netty.noUnsafe: false
[DEBUG] 2023-05-06 17:57:56.325 [main] PlatformDependent0:954-Java version: 11
[DEBUG] 2023-05-06 17:57:56.327 [main] PlatformDependent0:135-sun.misc.Unsafe.theUnsafe: available
[DEBUG] 2023-05-06 17:57:56.327 [main] PlatformDependent0:159-sun.misc.Unsafe.copyMemory: available
[DEBUG] 2023-05-06 17:57:56.328 [main] PlatformDependent0:202-java.nio.Buffer.address: available
[DEBUG] 2023-05-06 17:57:56.328 [main] PlatformDependent0:285-direct buffer constructor: unavailable: Reflective setAccessible(true) disabled
[DEBUG] 2023-05-06 17:57:56.329 [main] PlatformDependent0:350-java.nio.Bits.unaligned: available, true
[DEBUG] 2023-05-06 17:57:56.330 [main] PlatformDependent0:417-jdk.internal.misc.Unsafe.allocateUninitializedArray(int): unavailable: class io.netty.util.internal.PlatformDependent0$6 cannot access class jdk.internal.misc.Unsafe (in module java.base) because module java.base does not export jdk.internal.misc to unnamed module @4a699efa
[DEBUG] 2023-05-06 17:57:56.331 [main] PlatformDependent0:446-java.nio.DirectByteBuffer.<init>(long, int): unavailable
[DEBUG] 2023-05-06 17:57:56.331 [main] PlatformDependent:1103-sun.misc.Unsafe: available
[DEBUG] 2023-05-06 17:57:56.332 [main] PlatformDependent:1205-maxDirectMemory: 2109734912 bytes (maybe)
[DEBUG] 2023-05-06 17:57:56.332 [main] PlatformDependent:1224--Dio.netty.tmpdir: C:\Users\YURAKO~1.000\AppData\Local\Temp (java.io.tmpdir)
[DEBUG] 2023-05-06 17:57:56.332 [main] PlatformDependent:1303--Dio.netty.bitMode: 64 (sun.arch.data.model)
[DEBUG] 2023-05-06 17:57:56.332 [main] PlatformDependent:1063-Platform: Windows
[DEBUG] 2023-05-06 17:57:56.333 [main] PlatformDependent:178--Dio.netty.maxDirectMemory: -1 bytes
[DEBUG] 2023-05-06 17:57:56.333 [main] PlatformDependent:185--Dio.netty.uninitializedArrayAllocationThreshold: -1
[DEBUG] 2023-05-06 17:57:56.334 [main] CleanerJava9:71-java.nio.ByteBuffer.cleaner(): available
[DEBUG] 2023-05-06 17:57:56.334 [main] PlatformDependent:205--Dio.netty.noPreferDirect: false
[DEBUG] 2023-05-06 17:57:56.340 [main] PlatformDependent:967-org.jctools-core.MpscChunkedArrayQueue: available
[DEBUG] 2023-05-06 17:57:56.354 [main] InternalThreadLocalMap:83--Dio.netty.threadLocalMap.stringBuilder.initialSize: 1024
[DEBUG] 2023-05-06 17:57:56.354 [main] InternalThreadLocalMap:86--Dio.netty.threadLocalMap.stringBuilder.maxSize: 4096
[DEBUG] 2023-05-06 17:57:56.371 [main] JdkSslContext:97-Default protocols (JDK): [TLSv1.3, TLSv1.2] 
[DEBUG] 2023-05-06 17:57:56.372 [main] JdkSslContext:98-Default cipher suites (JDK): [TLS_ECDHE_ECDSA_WITH_AES_256_GCM_SHA384, TLS_ECDHE_ECDSA_WITH_AES_128_GCM_SHA256, TLS_ECDHE_RSA_WITH_AES_128_GCM_SHA256, TLS_ECDHE_RSA_WITH_AES_256_GCM_SHA384, TLS_ECDHE_RSA_WITH_AES_128_CBC_SHA, TLS_ECDHE_RSA_WITH_AES_256_CBC_SHA, TLS_RSA_WITH_AES_128_GCM_SHA256, TLS_RSA_WITH_AES_128_CBC_SHA, TLS_RSA_WITH_AES_256_CBC_SHA, TLS_AES_128_GCM_SHA256, TLS_AES_256_GCM_SHA384]
[DEBUG] 2023-05-06 17:57:56.391 [main] MultithreadEventLoopGroup:44--Dio.netty.eventLoopThreads: 16
[DEBUG] 2023-05-06 17:57:56.397 [main] NioEventLoop:106--Dio.netty.noKeySetOptimization: false
[DEBUG] 2023-05-06 17:57:56.397 [main] NioEventLoop:107--Dio.netty.selectorAutoRebuildThreshold: 512
[DEBUG] 2023-05-06 17:57:56.429 [main] PooledByteBufAllocator:155--Dio.netty.allocator.numHeapArenas: 16
[DEBUG] 2023-05-06 17:57:56.429 [main] PooledByteBufAllocator:156--Dio.netty.allocator.numDirectArenas: 16
[DEBUG] 2023-05-06 17:57:56.430 [main] PooledByteBufAllocator:158--Dio.netty.allocator.pageSize: 8192
[DEBUG] 2023-05-06 17:57:56.430 [main] PooledByteBufAllocator:163--Dio.netty.allocator.maxOrder: 11
[DEBUG] 2023-05-06 17:57:56.430 [main] PooledByteBufAllocator:167--Dio.netty.allocator.chunkSize: 16777216
[DEBUG] 2023-05-06 17:57:56.430 [main] PooledByteBufAllocator:168--Dio.netty.allocator.smallCacheSize: 256
[DEBUG] 2023-05-06 17:57:56.430 [main] PooledByteBufAllocator:169--Dio.netty.allocator.normalCacheSize: 64
[DEBUG] 2023-05-06 17:57:56.430 [main] PooledByteBufAllocator:170--Dio.netty.allocator.maxCachedBufferCapacity: 32768
[DEBUG] 2023-05-06 17:57:56.430 [main] PooledByteBufAllocator:171--Dio.netty.allocator.cacheTrimInterval: 8192
[DEBUG] 2023-05-06 17:57:56.431 [main] PooledByteBufAllocator:172--Dio.netty.allocator.cacheTrimIntervalMillis: 0
[DEBUG] 2023-05-06 17:57:56.431 [main] PooledByteBufAllocator:173--Dio.netty.allocator.useCacheForAllThreads: true
[DEBUG] 2023-05-06 17:57:56.431 [main] PooledByteBufAllocator:174--Dio.netty.allocator.maxCachedByteBuffersPerChunk: 1023
[DEBUG] 2023-05-06 17:57:56.439 [main] ByteBufUtil:87--Dio.netty.allocator.type: pooled
[DEBUG] 2023-05-06 17:57:56.439 [main] ByteBufUtil:96--Dio.netty.threadLocalDirectBufferSize: 0
[DEBUG] 2023-05-06 17:57:56.439 [main] ByteBufUtil:99--Dio.netty.maxThreadLocalCharBufferSize: 16384
[DEBUG] 2023-05-06 17:57:57.239 [Forwarding newSession on session null to remote] DefaultChannelId:79--Dio.netty.processId: 6560 (auto-detected)
[DEBUG] 2023-05-06 17:57:57.241 [Forwarding newSession on session null to remote] NetUtil:135--Djava.net.preferIPv4Stack: false
[DEBUG] 2023-05-06 17:57:57.241 [Forwarding newSession on session null to remote] NetUtil:136--Djava.net.preferIPv6Addresses: false
[DEBUG] 2023-05-06 17:57:57.453 [Forwarding newSession on session null to remote] NetUtilInitializations:129-Loopback interface: lo (Software Loopback Interface 1, 127.0.0.1)
[DEBUG] 2023-05-06 17:57:57.453 [Forwarding newSession on session null to remote] NetUtil:187-Failed to get SOMAXCONN from sysctl and file \proc\sys\net\core\somaxconn. Default: 200
[DEBUG] 2023-05-06 17:57:57.686 [Forwarding newSession on session null to remote] DefaultChannelId:101--Dio.netty.machineId: d0:c6:37:ff:fe:f7:a9:b8 (auto-detected)
[DEBUG] 2023-05-06 17:57:57.725 [AsyncHttpClient-1-2] AbstractByteBuf:63--Dio.netty.buffer.checkAccessible: true
[DEBUG] 2023-05-06 17:57:57.726 [AsyncHttpClient-1-2] AbstractByteBuf:64--Dio.netty.buffer.checkBounds: true
[DEBUG] 2023-05-06 17:57:57.726 [AsyncHttpClient-1-2] ResourceLeakDetectorFactory:196-Loaded default ResourceLeakDetector: io.netty.util.ResourceLeakDetector@3d21febc
[DEBUG] 2023-05-06 17:57:57.749 [AsyncHttpClient-1-2] Recycler:103--Dio.netty.recycler.maxCapacityPerThread: 4096
[DEBUG] 2023-05-06 17:57:57.749 [AsyncHttpClient-1-2] Recycler:104--Dio.netty.recycler.maxSharedCapacityFactor: 2
[DEBUG] 2023-05-06 17:57:57.757 [AsyncHttpClient-1-2] Recycler:105--Dio.netty.recycler.linkCapacity: 16
[DEBUG] 2023-05-06 17:57:57.757 [AsyncHttpClient-1-2] Recycler:106--Dio.netty.recycler.ratio: 8
[DEBUG] 2023-05-06 17:57:57.757 [AsyncHttpClient-1-2] Recycler:107--Dio.netty.recycler.delayedQueue.ratio: 8
[DEBUG] 2023-05-06 17:57:58.377 [AsyncHttpClient-1-2] Brotli:38-brotli4j not in the classpath; Brotli support will be unavailable.
[DEBUG] 2023-05-06 17:57:58.611 [main] ThreadLocalRandom:214--Dio.netty.initialSeedUniquifier: 0x664e7b08771ee50a
[INFO ] 2023-05-06 17:58:08.026 [main] BaseTest:58-search product: adidas shoes men
[INFO ] 2023-05-06 17:58:11.016 [main] BaseTest:70-Click button type Sneakers
[INFO ] 2023-05-06 17:58:11.159 [main] BaseTest:64-Set min price of filter: 40
[INFO ] 2023-05-06 17:58:14.834 [main] BaseTest:75-Click GO button in the filter
[DEBUG] 2023-05-06 17:59:32.755 [main] InternalLoggerFactory:76-Using Log4J2 as the default logging framework
[DEBUG] 2023-05-06 17:59:32.760 [main] ResourceLeakDetector:129--Dio.netty.leakDetection.level: simple
[DEBUG] 2023-05-06 17:59:32.761 [main] ResourceLeakDetector:130--Dio.netty.leakDetection.targetRecords: 4
[DEBUG] 2023-05-06 17:59:32.763 [main] ResourceLeakDetectorFactory:196-Loaded default ResourceLeakDetector: io.netty.util.ResourceLeakDetector@5eccd3b9
[DEBUG] 2023-05-06 17:59:32.777 [main] PlatformDependent0:460--Dio.netty.noUnsafe: false
[DEBUG] 2023-05-06 17:59:32.777 [main] PlatformDependent0:954-Java version: 11
[DEBUG] 2023-05-06 17:59:32.778 [main] PlatformDependent0:135-sun.misc.Unsafe.theUnsafe: available
[DEBUG] 2023-05-06 17:59:32.779 [main] PlatformDependent0:159-sun.misc.Unsafe.copyMemory: available
[DEBUG] 2023-05-06 17:59:32.779 [main] PlatformDependent0:202-java.nio.Buffer.address: available
[DEBUG] 2023-05-06 17:59:32.780 [main] PlatformDependent0:285-direct buffer constructor: unavailable: Reflective setAccessible(true) disabled
[DEBUG] 2023-05-06 17:59:32.781 [main] PlatformDependent0:350-java.nio.Bits.unaligned: available, true
[DEBUG] 2023-05-06 17:59:32.782 [main] PlatformDependent0:417-jdk.internal.misc.Unsafe.allocateUninitializedArray(int): unavailable: class io.netty.util.internal.PlatformDependent0$6 cannot access class jdk.internal.misc.Unsafe (in module java.base) because module java.base does not export jdk.internal.misc to unnamed module @38499e48
[DEBUG] 2023-05-06 17:59:32.783 [main] PlatformDependent0:446-java.nio.DirectByteBuffer.<init>(long, int): unavailable
[DEBUG] 2023-05-06 17:59:32.783 [main] PlatformDependent:1103-sun.misc.Unsafe: available
[DEBUG] 2023-05-06 17:59:32.784 [main] PlatformDependent:1205-maxDirectMemory: 2109734912 bytes (maybe)
[DEBUG] 2023-05-06 17:59:32.785 [main] PlatformDependent:1224--Dio.netty.tmpdir: C:\Users\YURAKO~1.000\AppData\Local\Temp (java.io.tmpdir)
[DEBUG] 2023-05-06 17:59:32.785 [main] PlatformDependent:1303--Dio.netty.bitMode: 64 (sun.arch.data.model)
[DEBUG] 2023-05-06 17:59:32.786 [main] PlatformDependent:1063-Platform: Windows
[DEBUG] 2023-05-06 17:59:32.787 [main] PlatformDependent:178--Dio.netty.maxDirectMemory: -1 bytes
[DEBUG] 2023-05-06 17:59:32.787 [main] PlatformDependent:185--Dio.netty.uninitializedArrayAllocationThreshold: -1
[DEBUG] 2023-05-06 17:59:32.788 [main] CleanerJava9:71-java.nio.ByteBuffer.cleaner(): available
[DEBUG] 2023-05-06 17:59:32.788 [main] PlatformDependent:205--Dio.netty.noPreferDirect: false
[DEBUG] 2023-05-06 17:59:32.796 [main] PlatformDependent:967-org.jctools-core.MpscChunkedArrayQueue: available
[DEBUG] 2023-05-06 17:59:32.810 [main] InternalThreadLocalMap:83--Dio.netty.threadLocalMap.stringBuilder.initialSize: 1024
[DEBUG] 2023-05-06 17:59:32.810 [main] InternalThreadLocalMap:86--Dio.netty.threadLocalMap.stringBuilder.maxSize: 4096
[DEBUG] 2023-05-06 17:59:32.827 [main] JdkSslContext:97-Default protocols (JDK): [TLSv1.3, TLSv1.2] 
[DEBUG] 2023-05-06 17:59:32.828 [main] JdkSslContext:98-Default cipher suites (JDK): [TLS_ECDHE_ECDSA_WITH_AES_256_GCM_SHA384, TLS_ECDHE_ECDSA_WITH_AES_128_GCM_SHA256, TLS_ECDHE_RSA_WITH_AES_128_GCM_SHA256, TLS_ECDHE_RSA_WITH_AES_256_GCM_SHA384, TLS_ECDHE_RSA_WITH_AES_128_CBC_SHA, TLS_ECDHE_RSA_WITH_AES_256_CBC_SHA, TLS_RSA_WITH_AES_128_GCM_SHA256, TLS_RSA_WITH_AES_128_CBC_SHA, TLS_RSA_WITH_AES_256_CBC_SHA, TLS_AES_128_GCM_SHA256, TLS_AES_256_GCM_SHA384]
[DEBUG] 2023-05-06 17:59:32.848 [main] MultithreadEventLoopGroup:44--Dio.netty.eventLoopThreads: 16
[DEBUG] 2023-05-06 17:59:32.854 [main] NioEventLoop:106--Dio.netty.noKeySetOptimization: false
[DEBUG] 2023-05-06 17:59:32.854 [main] NioEventLoop:107--Dio.netty.selectorAutoRebuildThreshold: 512
[DEBUG] 2023-05-06 17:59:32.885 [main] PooledByteBufAllocator:155--Dio.netty.allocator.numHeapArenas: 16
[DEBUG] 2023-05-06 17:59:32.886 [main] PooledByteBufAllocator:156--Dio.netty.allocator.numDirectArenas: 16
[DEBUG] 2023-05-06 17:59:32.886 [main] PooledByteBufAllocator:158--Dio.netty.allocator.pageSize: 8192
[DEBUG] 2023-05-06 17:59:32.886 [main] PooledByteBufAllocator:163--Dio.netty.allocator.maxOrder: 11
[DEBUG] 2023-05-06 17:59:32.886 [main] PooledByteBufAllocator:167--Dio.netty.allocator.chunkSize: 16777216
[DEBUG] 2023-05-06 17:59:32.886 [main] PooledByteBufAllocator:168--Dio.netty.allocator.smallCacheSize: 256
[DEBUG] 2023-05-06 17:59:32.886 [main] PooledByteBufAllocator:169--Dio.netty.allocator.normalCacheSize: 64
[DEBUG] 2023-05-06 17:59:32.886 [main] PooledByteBufAllocator:170--Dio.netty.allocator.maxCachedBufferCapacity: 32768
[DEBUG] 2023-05-06 17:59:32.887 [main] PooledByteBufAllocator:171--Dio.netty.allocator.cacheTrimInterval: 8192
[DEBUG] 2023-05-06 17:59:32.887 [main] PooledByteBufAllocator:172--Dio.netty.allocator.cacheTrimIntervalMillis: 0
[DEBUG] 2023-05-06 17:59:32.887 [main] PooledByteBufAllocator:173--Dio.netty.allocator.useCacheForAllThreads: true
[DEBUG] 2023-05-06 17:59:32.887 [main] PooledByteBufAllocator:174--Dio.netty.allocator.maxCachedByteBuffersPerChunk: 1023
[DEBUG] 2023-05-06 17:59:32.896 [main] ByteBufUtil:87--Dio.netty.allocator.type: pooled
[DEBUG] 2023-05-06 17:59:32.896 [main] ByteBufUtil:96--Dio.netty.threadLocalDirectBufferSize: 0
[DEBUG] 2023-05-06 17:59:32.896 [main] ByteBufUtil:99--Dio.netty.maxThreadLocalCharBufferSize: 16384
[DEBUG] 2023-05-06 17:59:33.683 [Forwarding newSession on session null to remote] DefaultChannelId:79--Dio.netty.processId: 14208 (auto-detected)
[DEBUG] 2023-05-06 17:59:33.687 [Forwarding newSession on session null to remote] NetUtil:135--Djava.net.preferIPv4Stack: false
[DEBUG] 2023-05-06 17:59:33.687 [Forwarding newSession on session null to remote] NetUtil:136--Djava.net.preferIPv6Addresses: false
[DEBUG] 2023-05-06 17:59:33.912 [Forwarding newSession on session null to remote] NetUtilInitializations:129-Loopback interface: lo (Software Loopback Interface 1, 127.0.0.1)
[DEBUG] 2023-05-06 17:59:33.913 [Forwarding newSession on session null to remote] NetUtil:187-Failed to get SOMAXCONN from sysctl and file \proc\sys\net\core\somaxconn. Default: 200
[DEBUG] 2023-05-06 17:59:34.159 [Forwarding newSession on session null to remote] DefaultChannelId:101--Dio.netty.machineId: d0:c6:37:ff:fe:f7:a9:b8 (auto-detected)
[DEBUG] 2023-05-06 17:59:34.200 [AsyncHttpClient-1-2] AbstractByteBuf:63--Dio.netty.buffer.checkAccessible: true
[DEBUG] 2023-05-06 17:59:34.201 [AsyncHttpClient-1-2] AbstractByteBuf:64--Dio.netty.buffer.checkBounds: true
[DEBUG] 2023-05-06 17:59:34.201 [AsyncHttpClient-1-2] ResourceLeakDetectorFactory:196-Loaded default ResourceLeakDetector: io.netty.util.ResourceLeakDetector@4b1066e1
[DEBUG] 2023-05-06 17:59:34.225 [AsyncHttpClient-1-2] Recycler:103--Dio.netty.recycler.maxCapacityPerThread: 4096
[DEBUG] 2023-05-06 17:59:34.225 [AsyncHttpClient-1-2] Recycler:104--Dio.netty.recycler.maxSharedCapacityFactor: 2
[DEBUG] 2023-05-06 17:59:34.225 [AsyncHttpClient-1-2] Recycler:105--Dio.netty.recycler.linkCapacity: 16
[DEBUG] 2023-05-06 17:59:34.225 [AsyncHttpClient-1-2] Recycler:106--Dio.netty.recycler.ratio: 8
[DEBUG] 2023-05-06 17:59:34.225 [AsyncHttpClient-1-2] Recycler:107--Dio.netty.recycler.delayedQueue.ratio: 8
[DEBUG] 2023-05-06 17:59:34.888 [AsyncHttpClient-1-2] Brotli:38-brotli4j not in the classpath; Brotli support will be unavailable.
[DEBUG] 2023-05-06 17:59:35.024 [main] ThreadLocalRandom:214--Dio.netty.initialSeedUniquifier: 0x2084c51ee034db60
[INFO ] 2023-05-06 17:59:43.506 [main] BaseTest:58-search product: adidas shoes men
[DEBUG] 2023-05-06 18:00:10.323 [main] InternalLoggerFactory:76-Using Log4J2 as the default logging framework
[DEBUG] 2023-05-06 18:00:10.329 [main] ResourceLeakDetector:129--Dio.netty.leakDetection.level: simple
[DEBUG] 2023-05-06 18:00:10.330 [main] ResourceLeakDetector:130--Dio.netty.leakDetection.targetRecords: 4
[DEBUG] 2023-05-06 18:00:10.333 [main] ResourceLeakDetectorFactory:196-Loaded default ResourceLeakDetector: io.netty.util.ResourceLeakDetector@796d3c9f
[DEBUG] 2023-05-06 18:00:10.346 [main] PlatformDependent0:460--Dio.netty.noUnsafe: false
[DEBUG] 2023-05-06 18:00:10.346 [main] PlatformDependent0:954-Java version: 11
[DEBUG] 2023-05-06 18:00:10.348 [main] PlatformDependent0:135-sun.misc.Unsafe.theUnsafe: available
[DEBUG] 2023-05-06 18:00:10.348 [main] PlatformDependent0:159-sun.misc.Unsafe.copyMemory: available
[DEBUG] 2023-05-06 18:00:10.349 [main] PlatformDependent0:202-java.nio.Buffer.address: available
[DEBUG] 2023-05-06 18:00:10.349 [main] PlatformDependent0:285-direct buffer constructor: unavailable: Reflective setAccessible(true) disabled
[DEBUG] 2023-05-06 18:00:10.350 [main] PlatformDependent0:350-java.nio.Bits.unaligned: available, true
[DEBUG] 2023-05-06 18:00:10.351 [main] PlatformDependent0:417-jdk.internal.misc.Unsafe.allocateUninitializedArray(int): unavailable: class io.netty.util.internal.PlatformDependent0$6 cannot access class jdk.internal.misc.Unsafe (in module java.base) because module java.base does not export jdk.internal.misc to unnamed module @2d0bfb24
[DEBUG] 2023-05-06 18:00:10.352 [main] PlatformDependent0:446-java.nio.DirectByteBuffer.<init>(long, int): unavailable
[DEBUG] 2023-05-06 18:00:10.352 [main] PlatformDependent:1103-sun.misc.Unsafe: available
[DEBUG] 2023-05-06 18:00:10.353 [main] PlatformDependent:1205-maxDirectMemory: 2109734912 bytes (maybe)
[DEBUG] 2023-05-06 18:00:10.353 [main] PlatformDependent:1224--Dio.netty.tmpdir: C:\Users\YURAKO~1.000\AppData\Local\Temp (java.io.tmpdir)
[DEBUG] 2023-05-06 18:00:10.354 [main] PlatformDependent:1303--Dio.netty.bitMode: 64 (sun.arch.data.model)
[DEBUG] 2023-05-06 18:00:10.354 [main] PlatformDependent:1063-Platform: Windows
[DEBUG] 2023-05-06 18:00:10.354 [main] PlatformDependent:178--Dio.netty.maxDirectMemory: -1 bytes
[DEBUG] 2023-05-06 18:00:10.355 [main] PlatformDependent:185--Dio.netty.uninitializedArrayAllocationThreshold: -1
[DEBUG] 2023-05-06 18:00:10.355 [main] CleanerJava9:71-java.nio.ByteBuffer.cleaner(): available
[DEBUG] 2023-05-06 18:00:10.356 [main] PlatformDependent:205--Dio.netty.noPreferDirect: false
[DEBUG] 2023-05-06 18:00:10.361 [main] PlatformDependent:967-org.jctools-core.MpscChunkedArrayQueue: available
[DEBUG] 2023-05-06 18:00:10.375 [main] InternalThreadLocalMap:83--Dio.netty.threadLocalMap.stringBuilder.initialSize: 1024
[DEBUG] 2023-05-06 18:00:10.375 [main] InternalThreadLocalMap:86--Dio.netty.threadLocalMap.stringBuilder.maxSize: 4096
[DEBUG] 2023-05-06 18:00:10.393 [main] JdkSslContext:97-Default protocols (JDK): [TLSv1.3, TLSv1.2] 
[DEBUG] 2023-05-06 18:00:10.393 [main] JdkSslContext:98-Default cipher suites (JDK): [TLS_ECDHE_ECDSA_WITH_AES_256_GCM_SHA384, TLS_ECDHE_ECDSA_WITH_AES_128_GCM_SHA256, TLS_ECDHE_RSA_WITH_AES_128_GCM_SHA256, TLS_ECDHE_RSA_WITH_AES_256_GCM_SHA384, TLS_ECDHE_RSA_WITH_AES_128_CBC_SHA, TLS_ECDHE_RSA_WITH_AES_256_CBC_SHA, TLS_RSA_WITH_AES_128_GCM_SHA256, TLS_RSA_WITH_AES_128_CBC_SHA, TLS_RSA_WITH_AES_256_CBC_SHA, TLS_AES_128_GCM_SHA256, TLS_AES_256_GCM_SHA384]
[DEBUG] 2023-05-06 18:00:10.412 [main] MultithreadEventLoopGroup:44--Dio.netty.eventLoopThreads: 16
[DEBUG] 2023-05-06 18:00:10.419 [main] NioEventLoop:106--Dio.netty.noKeySetOptimization: false
[DEBUG] 2023-05-06 18:00:10.419 [main] NioEventLoop:107--Dio.netty.selectorAutoRebuildThreshold: 512
[DEBUG] 2023-05-06 18:00:10.451 [main] PooledByteBufAllocator:155--Dio.netty.allocator.numHeapArenas: 16
[DEBUG] 2023-05-06 18:00:10.451 [main] PooledByteBufAllocator:156--Dio.netty.allocator.numDirectArenas: 16
[DEBUG] 2023-05-06 18:00:10.451 [main] PooledByteBufAllocator:158--Dio.netty.allocator.pageSize: 8192
[DEBUG] 2023-05-06 18:00:10.452 [main] PooledByteBufAllocator:163--Dio.netty.allocator.maxOrder: 11
[DEBUG] 2023-05-06 18:00:10.452 [main] PooledByteBufAllocator:167--Dio.netty.allocator.chunkSize: 16777216
[DEBUG] 2023-05-06 18:00:10.452 [main] PooledByteBufAllocator:168--Dio.netty.allocator.smallCacheSize: 256
[DEBUG] 2023-05-06 18:00:10.452 [main] PooledByteBufAllocator:169--Dio.netty.allocator.normalCacheSize: 64
[DEBUG] 2023-05-06 18:00:10.452 [main] PooledByteBufAllocator:170--Dio.netty.allocator.maxCachedBufferCapacity: 32768
[DEBUG] 2023-05-06 18:00:10.452 [main] PooledByteBufAllocator:171--Dio.netty.allocator.cacheTrimInterval: 8192
[DEBUG] 2023-05-06 18:00:10.452 [main] PooledByteBufAllocator:172--Dio.netty.allocator.cacheTrimIntervalMillis: 0
[DEBUG] 2023-05-06 18:00:10.453 [main] PooledByteBufAllocator:173--Dio.netty.allocator.useCacheForAllThreads: true
[DEBUG] 2023-05-06 18:00:10.453 [main] PooledByteBufAllocator:174--Dio.netty.allocator.maxCachedByteBuffersPerChunk: 1023
[DEBUG] 2023-05-06 18:00:10.460 [main] ByteBufUtil:87--Dio.netty.allocator.type: pooled
[DEBUG] 2023-05-06 18:00:10.461 [main] ByteBufUtil:96--Dio.netty.threadLocalDirectBufferSize: 0
[DEBUG] 2023-05-06 18:00:10.461 [main] ByteBufUtil:99--Dio.netty.maxThreadLocalCharBufferSize: 16384
[DEBUG] 2023-05-06 18:00:11.212 [Forwarding newSession on session null to remote] DefaultChannelId:79--Dio.netty.processId: 15644 (auto-detected)
[DEBUG] 2023-05-06 18:00:11.214 [Forwarding newSession on session null to remote] NetUtil:135--Djava.net.preferIPv4Stack: false
[DEBUG] 2023-05-06 18:00:11.214 [Forwarding newSession on session null to remote] NetUtil:136--Djava.net.preferIPv6Addresses: false
[DEBUG] 2023-05-06 18:00:11.427 [Forwarding newSession on session null to remote] NetUtilInitializations:129-Loopback interface: lo (Software Loopback Interface 1, 127.0.0.1)
[DEBUG] 2023-05-06 18:00:11.428 [Forwarding newSession on session null to remote] NetUtil:187-Failed to get SOMAXCONN from sysctl and file \proc\sys\net\core\somaxconn. Default: 200
[DEBUG] 2023-05-06 18:00:11.662 [Forwarding newSession on session null to remote] DefaultChannelId:101--Dio.netty.machineId: d0:c6:37:ff:fe:f7:a9:b8 (auto-detected)
[DEBUG] 2023-05-06 18:00:11.703 [AsyncHttpClient-1-2] AbstractByteBuf:63--Dio.netty.buffer.checkAccessible: true
[DEBUG] 2023-05-06 18:00:11.704 [AsyncHttpClient-1-2] AbstractByteBuf:64--Dio.netty.buffer.checkBounds: true
[DEBUG] 2023-05-06 18:00:11.704 [AsyncHttpClient-1-2] ResourceLeakDetectorFactory:196-Loaded default ResourceLeakDetector: io.netty.util.ResourceLeakDetector@68006159
[DEBUG] 2023-05-06 18:00:11.727 [AsyncHttpClient-1-2] Recycler:103--Dio.netty.recycler.maxCapacityPerThread: 4096
[DEBUG] 2023-05-06 18:00:11.728 [AsyncHttpClient-1-2] Recycler:104--Dio.netty.recycler.maxSharedCapacityFactor: 2
[DEBUG] 2023-05-06 18:00:11.728 [AsyncHttpClient-1-2] Recycler:105--Dio.netty.recycler.linkCapacity: 16
[DEBUG] 2023-05-06 18:00:11.728 [AsyncHttpClient-1-2] Recycler:106--Dio.netty.recycler.ratio: 8
[DEBUG] 2023-05-06 18:00:11.728 [AsyncHttpClient-1-2] Recycler:107--Dio.netty.recycler.delayedQueue.ratio: 8
[DEBUG] 2023-05-06 18:00:12.368 [AsyncHttpClient-1-2] Brotli:38-brotli4j not in the classpath; Brotli support will be unavailable.
[DEBUG] 2023-05-06 18:00:12.498 [main] ThreadLocalRandom:214--Dio.netty.initialSeedUniquifier: 0xb8f16a86a0899f8f
[INFO ] 2023-05-06 18:00:21.267 [main] BaseTest:58-search product: adidas shoes men
[INFO ] 2023-05-06 18:00:24.058 [main] BaseTest:70-Click button type Sneakers
[INFO ] 2023-05-06 18:00:24.278 [main] BaseTest:64-Set min price of filter: 40
[INFO ] 2023-05-06 18:00:26.682 [main] BaseTest:75-Click GO button in the filter
[DEBUG] 2023-05-06 18:01:19.154 [main] InternalLoggerFactory:76-Using Log4J2 as the default logging framework
[DEBUG] 2023-05-06 18:01:19.160 [main] ResourceLeakDetector:129--Dio.netty.leakDetection.level: simple
[DEBUG] 2023-05-06 18:01:19.161 [main] ResourceLeakDetector:130--Dio.netty.leakDetection.targetRecords: 4
[DEBUG] 2023-05-06 18:01:19.164 [main] ResourceLeakDetectorFactory:196-Loaded default ResourceLeakDetector: io.netty.util.ResourceLeakDetector@5ec77191
[DEBUG] 2023-05-06 18:01:19.178 [main] PlatformDependent0:460--Dio.netty.noUnsafe: false
[DEBUG] 2023-05-06 18:01:19.178 [main] PlatformDependent0:954-Java version: 11
[DEBUG] 2023-05-06 18:01:19.180 [main] PlatformDependent0:135-sun.misc.Unsafe.theUnsafe: available
[DEBUG] 2023-05-06 18:01:19.180 [main] PlatformDependent0:159-sun.misc.Unsafe.copyMemory: available
[DEBUG] 2023-05-06 18:01:19.181 [main] PlatformDependent0:202-java.nio.Buffer.address: available
[DEBUG] 2023-05-06 18:01:19.181 [main] PlatformDependent0:285-direct buffer constructor: unavailable: Reflective setAccessible(true) disabled
[DEBUG] 2023-05-06 18:01:19.182 [main] PlatformDependent0:350-java.nio.Bits.unaligned: available, true
[DEBUG] 2023-05-06 18:01:19.183 [main] PlatformDependent0:417-jdk.internal.misc.Unsafe.allocateUninitializedArray(int): unavailable: class io.netty.util.internal.PlatformDependent0$6 cannot access class jdk.internal.misc.Unsafe (in module java.base) because module java.base does not export jdk.internal.misc to unnamed module @349d0836
[DEBUG] 2023-05-06 18:01:19.184 [main] PlatformDependent0:446-java.nio.DirectByteBuffer.<init>(long, int): unavailable
[DEBUG] 2023-05-06 18:01:19.184 [main] PlatformDependent:1103-sun.misc.Unsafe: available
[DEBUG] 2023-05-06 18:01:19.185 [main] PlatformDependent:1205-maxDirectMemory: 2109734912 bytes (maybe)
[DEBUG] 2023-05-06 18:01:19.185 [main] PlatformDependent:1224--Dio.netty.tmpdir: C:\Users\YURAKO~1.000\AppData\Local\Temp (java.io.tmpdir)
[DEBUG] 2023-05-06 18:01:19.185 [main] PlatformDependent:1303--Dio.netty.bitMode: 64 (sun.arch.data.model)
[DEBUG] 2023-05-06 18:01:19.186 [main] PlatformDependent:1063-Platform: Windows
[DEBUG] 2023-05-06 18:01:19.186 [main] PlatformDependent:178--Dio.netty.maxDirectMemory: -1 bytes
[DEBUG] 2023-05-06 18:01:19.187 [main] PlatformDependent:185--Dio.netty.uninitializedArrayAllocationThreshold: -1
[DEBUG] 2023-05-06 18:01:19.188 [main] CleanerJava9:71-java.nio.ByteBuffer.cleaner(): available
[DEBUG] 2023-05-06 18:01:19.188 [main] PlatformDependent:205--Dio.netty.noPreferDirect: false
[DEBUG] 2023-05-06 18:01:19.195 [main] PlatformDependent:967-org.jctools-core.MpscChunkedArrayQueue: available
[DEBUG] 2023-05-06 18:01:19.208 [main] InternalThreadLocalMap:83--Dio.netty.threadLocalMap.stringBuilder.initialSize: 1024
[DEBUG] 2023-05-06 18:01:19.208 [main] InternalThreadLocalMap:86--Dio.netty.threadLocalMap.stringBuilder.maxSize: 4096
[DEBUG] 2023-05-06 18:01:19.225 [main] JdkSslContext:97-Default protocols (JDK): [TLSv1.3, TLSv1.2] 
[DEBUG] 2023-05-06 18:01:19.225 [main] JdkSslContext:98-Default cipher suites (JDK): [TLS_ECDHE_ECDSA_WITH_AES_256_GCM_SHA384, TLS_ECDHE_ECDSA_WITH_AES_128_GCM_SHA256, TLS_ECDHE_RSA_WITH_AES_128_GCM_SHA256, TLS_ECDHE_RSA_WITH_AES_256_GCM_SHA384, TLS_ECDHE_RSA_WITH_AES_128_CBC_SHA, TLS_ECDHE_RSA_WITH_AES_256_CBC_SHA, TLS_RSA_WITH_AES_128_GCM_SHA256, TLS_RSA_WITH_AES_128_CBC_SHA, TLS_RSA_WITH_AES_256_CBC_SHA, TLS_AES_128_GCM_SHA256, TLS_AES_256_GCM_SHA384]
[DEBUG] 2023-05-06 18:01:19.243 [main] MultithreadEventLoopGroup:44--Dio.netty.eventLoopThreads: 16
[DEBUG] 2023-05-06 18:01:19.250 [main] NioEventLoop:106--Dio.netty.noKeySetOptimization: false
[DEBUG] 2023-05-06 18:01:19.250 [main] NioEventLoop:107--Dio.netty.selectorAutoRebuildThreshold: 512
[DEBUG] 2023-05-06 18:01:19.291 [main] PooledByteBufAllocator:155--Dio.netty.allocator.numHeapArenas: 16
[DEBUG] 2023-05-06 18:01:19.291 [main] PooledByteBufAllocator:156--Dio.netty.allocator.numDirectArenas: 16
[DEBUG] 2023-05-06 18:01:19.292 [main] PooledByteBufAllocator:158--Dio.netty.allocator.pageSize: 8192
[DEBUG] 2023-05-06 18:01:19.292 [main] PooledByteBufAllocator:163--Dio.netty.allocator.maxOrder: 11
[DEBUG] 2023-05-06 18:01:19.292 [main] PooledByteBufAllocator:167--Dio.netty.allocator.chunkSize: 16777216
[DEBUG] 2023-05-06 18:01:19.292 [main] PooledByteBufAllocator:168--Dio.netty.allocator.smallCacheSize: 256
[DEBUG] 2023-05-06 18:01:19.292 [main] PooledByteBufAllocator:169--Dio.netty.allocator.normalCacheSize: 64
[DEBUG] 2023-05-06 18:01:19.292 [main] PooledByteBufAllocator:170--Dio.netty.allocator.maxCachedBufferCapacity: 32768
[DEBUG] 2023-05-06 18:01:19.292 [main] PooledByteBufAllocator:171--Dio.netty.allocator.cacheTrimInterval: 8192
[DEBUG] 2023-05-06 18:01:19.293 [main] PooledByteBufAllocator:172--Dio.netty.allocator.cacheTrimIntervalMillis: 0
[DEBUG] 2023-05-06 18:01:19.293 [main] PooledByteBufAllocator:173--Dio.netty.allocator.useCacheForAllThreads: true
[DEBUG] 2023-05-06 18:01:19.293 [main] PooledByteBufAllocator:174--Dio.netty.allocator.maxCachedByteBuffersPerChunk: 1023
[DEBUG] 2023-05-06 18:01:19.301 [main] ByteBufUtil:87--Dio.netty.allocator.type: pooled
[DEBUG] 2023-05-06 18:01:19.302 [main] ByteBufUtil:96--Dio.netty.threadLocalDirectBufferSize: 0
[DEBUG] 2023-05-06 18:01:19.302 [main] ByteBufUtil:99--Dio.netty.maxThreadLocalCharBufferSize: 16384
[DEBUG] 2023-05-06 18:01:20.061 [Forwarding newSession on session null to remote] DefaultChannelId:79--Dio.netty.processId: 6304 (auto-detected)
[DEBUG] 2023-05-06 18:01:20.063 [Forwarding newSession on session null to remote] NetUtil:135--Djava.net.preferIPv4Stack: false
[DEBUG] 2023-05-06 18:01:20.063 [Forwarding newSession on session null to remote] NetUtil:136--Djava.net.preferIPv6Addresses: false
[DEBUG] 2023-05-06 18:01:20.277 [Forwarding newSession on session null to remote] NetUtilInitializations:129-Loopback interface: lo (Software Loopback Interface 1, 127.0.0.1)
[DEBUG] 2023-05-06 18:01:20.277 [Forwarding newSession on session null to remote] NetUtil:187-Failed to get SOMAXCONN from sysctl and file \proc\sys\net\core\somaxconn. Default: 200
[DEBUG] 2023-05-06 18:01:20.512 [Forwarding newSession on session null to remote] DefaultChannelId:101--Dio.netty.machineId: d0:c6:37:ff:fe:f7:a9:b8 (auto-detected)
[DEBUG] 2023-05-06 18:01:20.552 [AsyncHttpClient-1-2] AbstractByteBuf:63--Dio.netty.buffer.checkAccessible: true
[DEBUG] 2023-05-06 18:01:20.552 [AsyncHttpClient-1-2] AbstractByteBuf:64--Dio.netty.buffer.checkBounds: true
[DEBUG] 2023-05-06 18:01:20.553 [AsyncHttpClient-1-2] ResourceLeakDetectorFactory:196-Loaded default ResourceLeakDetector: io.netty.util.ResourceLeakDetector@1f16afb3
[DEBUG] 2023-05-06 18:01:20.576 [AsyncHttpClient-1-2] Recycler:103--Dio.netty.recycler.maxCapacityPerThread: 4096
[DEBUG] 2023-05-06 18:01:20.576 [AsyncHttpClient-1-2] Recycler:104--Dio.netty.recycler.maxSharedCapacityFactor: 2
[DEBUG] 2023-05-06 18:01:20.576 [AsyncHttpClient-1-2] Recycler:105--Dio.netty.recycler.linkCapacity: 16
[DEBUG] 2023-05-06 18:01:20.576 [AsyncHttpClient-1-2] Recycler:106--Dio.netty.recycler.ratio: 8
[DEBUG] 2023-05-06 18:01:20.577 [AsyncHttpClient-1-2] Recycler:107--Dio.netty.recycler.delayedQueue.ratio: 8
[DEBUG] 2023-05-06 18:01:21.209 [AsyncHttpClient-1-2] Brotli:38-brotli4j not in the classpath; Brotli support will be unavailable.
[DEBUG] 2023-05-06 18:01:21.389 [main] ThreadLocalRandom:214--Dio.netty.initialSeedUniquifier: 0x66f41a9e4e04dae4
[INFO ] 2023-05-06 18:01:29.305 [main] BaseTest:58-search product: adidas shoes men
[INFO ] 2023-05-06 18:01:32.130 [main] BaseTest:70-Click button type Sneakers
[INFO ] 2023-05-06 18:01:32.269 [main] BaseTest:64-Set min price of filter: 40
[INFO ] 2023-05-06 18:01:35.007 [main] BaseTest:75-Click GO button in the filter
[DEBUG] 2023-05-06 18:12:39.511 [main] InternalLoggerFactory:76-Using Log4J2 as the default logging framework
[DEBUG] 2023-05-06 18:12:39.517 [main] ResourceLeakDetector:129--Dio.netty.leakDetection.level: simple
[DEBUG] 2023-05-06 18:12:39.517 [main] ResourceLeakDetector:130--Dio.netty.leakDetection.targetRecords: 4
[DEBUG] 2023-05-06 18:12:39.520 [main] ResourceLeakDetectorFactory:196-Loaded default ResourceLeakDetector: io.netty.util.ResourceLeakDetector@41e1455d
[DEBUG] 2023-05-06 18:12:39.533 [main] PlatformDependent0:460--Dio.netty.noUnsafe: false
[DEBUG] 2023-05-06 18:12:39.533 [main] PlatformDependent0:954-Java version: 11
[DEBUG] 2023-05-06 18:12:39.535 [main] PlatformDependent0:135-sun.misc.Unsafe.theUnsafe: available
[DEBUG] 2023-05-06 18:12:39.536 [main] PlatformDependent0:159-sun.misc.Unsafe.copyMemory: available
[DEBUG] 2023-05-06 18:12:39.536 [main] PlatformDependent0:202-java.nio.Buffer.address: available
[DEBUG] 2023-05-06 18:12:39.537 [main] PlatformDependent0:285-direct buffer constructor: unavailable: Reflective setAccessible(true) disabled
[DEBUG] 2023-05-06 18:12:39.537 [main] PlatformDependent0:350-java.nio.Bits.unaligned: available, true
[DEBUG] 2023-05-06 18:12:39.538 [main] PlatformDependent0:417-jdk.internal.misc.Unsafe.allocateUninitializedArray(int): unavailable: class io.netty.util.internal.PlatformDependent0$6 cannot access class jdk.internal.misc.Unsafe (in module java.base) because module java.base does not export jdk.internal.misc to unnamed module @7b44b63d
[DEBUG] 2023-05-06 18:12:39.539 [main] PlatformDependent0:446-java.nio.DirectByteBuffer.<init>(long, int): unavailable
[DEBUG] 2023-05-06 18:12:39.539 [main] PlatformDependent:1103-sun.misc.Unsafe: available
[DEBUG] 2023-05-06 18:12:39.540 [main] PlatformDependent:1205-maxDirectMemory: 2109734912 bytes (maybe)
[DEBUG] 2023-05-06 18:12:39.541 [main] PlatformDependent:1224--Dio.netty.tmpdir: C:\Users\YURAKO~1.000\AppData\Local\Temp (java.io.tmpdir)
[DEBUG] 2023-05-06 18:12:39.541 [main] PlatformDependent:1303--Dio.netty.bitMode: 64 (sun.arch.data.model)
[DEBUG] 2023-05-06 18:12:39.541 [main] PlatformDependent:1063-Platform: Windows
[DEBUG] 2023-05-06 18:12:39.542 [main] PlatformDependent:178--Dio.netty.maxDirectMemory: -1 bytes
[DEBUG] 2023-05-06 18:12:39.543 [main] PlatformDependent:185--Dio.netty.uninitializedArrayAllocationThreshold: -1
[DEBUG] 2023-05-06 18:12:39.543 [main] CleanerJava9:71-java.nio.ByteBuffer.cleaner(): available
[DEBUG] 2023-05-06 18:12:39.544 [main] PlatformDependent:205--Dio.netty.noPreferDirect: false
[DEBUG] 2023-05-06 18:12:39.549 [main] PlatformDependent:967-org.jctools-core.MpscChunkedArrayQueue: available
[DEBUG] 2023-05-06 18:12:39.564 [main] InternalThreadLocalMap:83--Dio.netty.threadLocalMap.stringBuilder.initialSize: 1024
[DEBUG] 2023-05-06 18:12:39.564 [main] InternalThreadLocalMap:86--Dio.netty.threadLocalMap.stringBuilder.maxSize: 4096
[DEBUG] 2023-05-06 18:12:39.582 [main] JdkSslContext:97-Default protocols (JDK): [TLSv1.3, TLSv1.2] 
[DEBUG] 2023-05-06 18:12:39.582 [main] JdkSslContext:98-Default cipher suites (JDK): [TLS_ECDHE_ECDSA_WITH_AES_256_GCM_SHA384, TLS_ECDHE_ECDSA_WITH_AES_128_GCM_SHA256, TLS_ECDHE_RSA_WITH_AES_128_GCM_SHA256, TLS_ECDHE_RSA_WITH_AES_256_GCM_SHA384, TLS_ECDHE_RSA_WITH_AES_128_CBC_SHA, TLS_ECDHE_RSA_WITH_AES_256_CBC_SHA, TLS_RSA_WITH_AES_128_GCM_SHA256, TLS_RSA_WITH_AES_128_CBC_SHA, TLS_RSA_WITH_AES_256_CBC_SHA, TLS_AES_128_GCM_SHA256, TLS_AES_256_GCM_SHA384]
[DEBUG] 2023-05-06 18:12:39.601 [main] MultithreadEventLoopGroup:44--Dio.netty.eventLoopThreads: 16
[DEBUG] 2023-05-06 18:12:39.607 [main] NioEventLoop:106--Dio.netty.noKeySetOptimization: false
[DEBUG] 2023-05-06 18:12:39.607 [main] NioEventLoop:107--Dio.netty.selectorAutoRebuildThreshold: 512
[DEBUG] 2023-05-06 18:12:39.638 [main] PooledByteBufAllocator:155--Dio.netty.allocator.numHeapArenas: 16
[DEBUG] 2023-05-06 18:12:39.638 [main] PooledByteBufAllocator:156--Dio.netty.allocator.numDirectArenas: 16
[DEBUG] 2023-05-06 18:12:39.639 [main] PooledByteBufAllocator:158--Dio.netty.allocator.pageSize: 8192
[DEBUG] 2023-05-06 18:12:39.639 [main] PooledByteBufAllocator:163--Dio.netty.allocator.maxOrder: 11
[DEBUG] 2023-05-06 18:12:39.639 [main] PooledByteBufAllocator:167--Dio.netty.allocator.chunkSize: 16777216
[DEBUG] 2023-05-06 18:12:39.639 [main] PooledByteBufAllocator:168--Dio.netty.allocator.smallCacheSize: 256
[DEBUG] 2023-05-06 18:12:39.639 [main] PooledByteBufAllocator:169--Dio.netty.allocator.normalCacheSize: 64
[DEBUG] 2023-05-06 18:12:39.639 [main] PooledByteBufAllocator:170--Dio.netty.allocator.maxCachedBufferCapacity: 32768
[DEBUG] 2023-05-06 18:12:39.639 [main] PooledByteBufAllocator:171--Dio.netty.allocator.cacheTrimInterval: 8192
[DEBUG] 2023-05-06 18:12:39.640 [main] PooledByteBufAllocator:172--Dio.netty.allocator.cacheTrimIntervalMillis: 0
[DEBUG] 2023-05-06 18:12:39.640 [main] PooledByteBufAllocator:173--Dio.netty.allocator.useCacheForAllThreads: true
[DEBUG] 2023-05-06 18:12:39.640 [main] PooledByteBufAllocator:174--Dio.netty.allocator.maxCachedByteBuffersPerChunk: 1023
[DEBUG] 2023-05-06 18:12:39.648 [main] ByteBufUtil:87--Dio.netty.allocator.type: pooled
[DEBUG] 2023-05-06 18:12:39.649 [main] ByteBufUtil:96--Dio.netty.threadLocalDirectBufferSize: 0
[DEBUG] 2023-05-06 18:12:39.649 [main] ByteBufUtil:99--Dio.netty.maxThreadLocalCharBufferSize: 16384
[DEBUG] 2023-05-06 18:12:40.413 [Forwarding newSession on session null to remote] DefaultChannelId:79--Dio.netty.processId: 13708 (auto-detected)
[DEBUG] 2023-05-06 18:12:40.415 [Forwarding newSession on session null to remote] NetUtil:135--Djava.net.preferIPv4Stack: false
[DEBUG] 2023-05-06 18:12:40.415 [Forwarding newSession on session null to remote] NetUtil:136--Djava.net.preferIPv6Addresses: false
[DEBUG] 2023-05-06 18:12:40.634 [Forwarding newSession on session null to remote] NetUtilInitializations:129-Loopback interface: lo (Software Loopback Interface 1, 127.0.0.1)
[DEBUG] 2023-05-06 18:12:40.634 [Forwarding newSession on session null to remote] NetUtil:187-Failed to get SOMAXCONN from sysctl and file \proc\sys\net\core\somaxconn. Default: 200
[DEBUG] 2023-05-06 18:12:40.874 [Forwarding newSession on session null to remote] DefaultChannelId:101--Dio.netty.machineId: d0:c6:37:ff:fe:f7:a9:b8 (auto-detected)
[DEBUG] 2023-05-06 18:12:40.915 [AsyncHttpClient-1-2] AbstractByteBuf:63--Dio.netty.buffer.checkAccessible: true
[DEBUG] 2023-05-06 18:12:40.916 [AsyncHttpClient-1-2] AbstractByteBuf:64--Dio.netty.buffer.checkBounds: true
[DEBUG] 2023-05-06 18:12:40.916 [AsyncHttpClient-1-2] ResourceLeakDetectorFactory:196-Loaded default ResourceLeakDetector: io.netty.util.ResourceLeakDetector@67693724
[DEBUG] 2023-05-06 18:12:40.938 [AsyncHttpClient-1-2] Recycler:103--Dio.netty.recycler.maxCapacityPerThread: 4096
[DEBUG] 2023-05-06 18:12:40.938 [AsyncHttpClient-1-2] Recycler:104--Dio.netty.recycler.maxSharedCapacityFactor: 2
[DEBUG] 2023-05-06 18:12:40.938 [AsyncHttpClient-1-2] Recycler:105--Dio.netty.recycler.linkCapacity: 16
[DEBUG] 2023-05-06 18:12:40.938 [AsyncHttpClient-1-2] Recycler:106--Dio.netty.recycler.ratio: 8
[DEBUG] 2023-05-06 18:12:40.938 [AsyncHttpClient-1-2] Recycler:107--Dio.netty.recycler.delayedQueue.ratio: 8
[DEBUG] 2023-05-06 18:12:41.626 [AsyncHttpClient-1-2] Brotli:38-brotli4j not in the classpath; Brotli support will be unavailable.
[DEBUG] 2023-05-06 18:12:41.805 [main] ThreadLocalRandom:214--Dio.netty.initialSeedUniquifier: 0x7cd180195eab9c1d
[INFO ] 2023-05-06 18:12:50.732 [main] BaseTest:59-search product: adidas shoes men
[INFO ] 2023-05-06 18:12:53.622 [main] BaseTest:71-Click button type Sneakers
[INFO ] 2023-05-06 18:12:53.834 [main] BaseTest:65-Set min price of filter: 40
[INFO ] 2023-05-06 18:12:56.833 [main] BaseTest:76-Click GO button in the filter
[INFO ] 2023-05-06 18:12:59.146 [main] BaseTest:51-Found 47 products
[DEBUG] 2023-05-06 18:20:47.524 [main] InternalLoggerFactory:76-Using Log4J2 as the default logging framework
[DEBUG] 2023-05-06 18:20:47.530 [main] ResourceLeakDetector:129--Dio.netty.leakDetection.level: simple
[DEBUG] 2023-05-06 18:20:47.530 [main] ResourceLeakDetector:130--Dio.netty.leakDetection.targetRecords: 4
[DEBUG] 2023-05-06 18:20:47.534 [main] ResourceLeakDetectorFactory:196-Loaded default ResourceLeakDetector: io.netty.util.ResourceLeakDetector@3aefae67
[DEBUG] 2023-05-06 18:20:47.548 [main] PlatformDependent0:460--Dio.netty.noUnsafe: false
[DEBUG] 2023-05-06 18:20:47.548 [main] PlatformDependent0:954-Java version: 11
[DEBUG] 2023-05-06 18:20:47.550 [main] PlatformDependent0:135-sun.misc.Unsafe.theUnsafe: available
[DEBUG] 2023-05-06 18:20:47.550 [main] PlatformDependent0:159-sun.misc.Unsafe.copyMemory: available
[DEBUG] 2023-05-06 18:20:47.551 [main] PlatformDependent0:202-java.nio.Buffer.address: available
[DEBUG] 2023-05-06 18:20:47.551 [main] PlatformDependent0:285-direct buffer constructor: unavailable: Reflective setAccessible(true) disabled
[DEBUG] 2023-05-06 18:20:47.552 [main] PlatformDependent0:350-java.nio.Bits.unaligned: available, true
[DEBUG] 2023-05-06 18:20:47.553 [main] PlatformDependent0:417-jdk.internal.misc.Unsafe.allocateUninitializedArray(int): unavailable: class io.netty.util.internal.PlatformDependent0$6 cannot access class jdk.internal.misc.Unsafe (in module java.base) because module java.base does not export jdk.internal.misc to unnamed module @4ebadd3d
[DEBUG] 2023-05-06 18:20:47.554 [main] PlatformDependent0:446-java.nio.DirectByteBuffer.<init>(long, int): unavailable
[DEBUG] 2023-05-06 18:20:47.555 [main] PlatformDependent:1103-sun.misc.Unsafe: available
[DEBUG] 2023-05-06 18:20:47.555 [main] PlatformDependent:1205-maxDirectMemory: 2109734912 bytes (maybe)
[DEBUG] 2023-05-06 18:20:47.556 [main] PlatformDependent:1224--Dio.netty.tmpdir: C:\Users\YURAKO~1.000\AppData\Local\Temp (java.io.tmpdir)
[DEBUG] 2023-05-06 18:20:47.556 [main] PlatformDependent:1303--Dio.netty.bitMode: 64 (sun.arch.data.model)
[DEBUG] 2023-05-06 18:20:47.556 [main] PlatformDependent:1063-Platform: Windows
[DEBUG] 2023-05-06 18:20:47.557 [main] PlatformDependent:178--Dio.netty.maxDirectMemory: -1 bytes
[DEBUG] 2023-05-06 18:20:47.557 [main] PlatformDependent:185--Dio.netty.uninitializedArrayAllocationThreshold: -1
[DEBUG] 2023-05-06 18:20:47.558 [main] CleanerJava9:71-java.nio.ByteBuffer.cleaner(): available
[DEBUG] 2023-05-06 18:20:47.558 [main] PlatformDependent:205--Dio.netty.noPreferDirect: false
[DEBUG] 2023-05-06 18:20:47.564 [main] PlatformDependent:967-org.jctools-core.MpscChunkedArrayQueue: available
[DEBUG] 2023-05-06 18:20:47.578 [main] InternalThreadLocalMap:83--Dio.netty.threadLocalMap.stringBuilder.initialSize: 1024
[DEBUG] 2023-05-06 18:20:47.578 [main] InternalThreadLocalMap:86--Dio.netty.threadLocalMap.stringBuilder.maxSize: 4096
[DEBUG] 2023-05-06 18:20:47.594 [main] JdkSslContext:97-Default protocols (JDK): [TLSv1.3, TLSv1.2] 
[DEBUG] 2023-05-06 18:20:47.594 [main] JdkSslContext:98-Default cipher suites (JDK): [TLS_ECDHE_ECDSA_WITH_AES_256_GCM_SHA384, TLS_ECDHE_ECDSA_WITH_AES_128_GCM_SHA256, TLS_ECDHE_RSA_WITH_AES_128_GCM_SHA256, TLS_ECDHE_RSA_WITH_AES_256_GCM_SHA384, TLS_ECDHE_RSA_WITH_AES_128_CBC_SHA, TLS_ECDHE_RSA_WITH_AES_256_CBC_SHA, TLS_RSA_WITH_AES_128_GCM_SHA256, TLS_RSA_WITH_AES_128_CBC_SHA, TLS_RSA_WITH_AES_256_CBC_SHA, TLS_AES_128_GCM_SHA256, TLS_AES_256_GCM_SHA384]
[DEBUG] 2023-05-06 18:20:47.613 [main] MultithreadEventLoopGroup:44--Dio.netty.eventLoopThreads: 16
[DEBUG] 2023-05-06 18:20:47.620 [main] NioEventLoop:106--Dio.netty.noKeySetOptimization: false
[DEBUG] 2023-05-06 18:20:47.620 [main] NioEventLoop:107--Dio.netty.selectorAutoRebuildThreshold: 512
[DEBUG] 2023-05-06 18:20:47.652 [main] PooledByteBufAllocator:155--Dio.netty.allocator.numHeapArenas: 16
[DEBUG] 2023-05-06 18:20:47.652 [main] PooledByteBufAllocator:156--Dio.netty.allocator.numDirectArenas: 16
[DEBUG] 2023-05-06 18:20:47.652 [main] PooledByteBufAllocator:158--Dio.netty.allocator.pageSize: 8192
[DEBUG] 2023-05-06 18:20:47.653 [main] PooledByteBufAllocator:163--Dio.netty.allocator.maxOrder: 11
[DEBUG] 2023-05-06 18:20:47.653 [main] PooledByteBufAllocator:167--Dio.netty.allocator.chunkSize: 16777216
[DEBUG] 2023-05-06 18:20:47.653 [main] PooledByteBufAllocator:168--Dio.netty.allocator.smallCacheSize: 256
[DEBUG] 2023-05-06 18:20:47.653 [main] PooledByteBufAllocator:169--Dio.netty.allocator.normalCacheSize: 64
[DEBUG] 2023-05-06 18:20:47.653 [main] PooledByteBufAllocator:170--Dio.netty.allocator.maxCachedBufferCapacity: 32768
[DEBUG] 2023-05-06 18:20:47.653 [main] PooledByteBufAllocator:171--Dio.netty.allocator.cacheTrimInterval: 8192
[DEBUG] 2023-05-06 18:20:47.653 [main] PooledByteBufAllocator:172--Dio.netty.allocator.cacheTrimIntervalMillis: 0
[DEBUG] 2023-05-06 18:20:47.654 [main] PooledByteBufAllocator:173--Dio.netty.allocator.useCacheForAllThreads: true
[DEBUG] 2023-05-06 18:20:47.654 [main] PooledByteBufAllocator:174--Dio.netty.allocator.maxCachedByteBuffersPerChunk: 1023
[DEBUG] 2023-05-06 18:20:47.662 [main] ByteBufUtil:87--Dio.netty.allocator.type: pooled
[DEBUG] 2023-05-06 18:20:47.662 [main] ByteBufUtil:96--Dio.netty.threadLocalDirectBufferSize: 0
[DEBUG] 2023-05-06 18:20:47.662 [main] ByteBufUtil:99--Dio.netty.maxThreadLocalCharBufferSize: 16384
[DEBUG] 2023-05-06 18:20:48.431 [Forwarding newSession on session null to remote] DefaultChannelId:79--Dio.netty.processId: 17804 (auto-detected)
[DEBUG] 2023-05-06 18:20:48.433 [Forwarding newSession on session null to remote] NetUtil:135--Djava.net.preferIPv4Stack: false
[DEBUG] 2023-05-06 18:20:48.433 [Forwarding newSession on session null to remote] NetUtil:136--Djava.net.preferIPv6Addresses: false
[DEBUG] 2023-05-06 18:20:48.655 [Forwarding newSession on session null to remote] NetUtilInitializations:129-Loopback interface: lo (Software Loopback Interface 1, 127.0.0.1)
[DEBUG] 2023-05-06 18:20:48.655 [Forwarding newSession on session null to remote] NetUtil:187-Failed to get SOMAXCONN from sysctl and file \proc\sys\net\core\somaxconn. Default: 200
[DEBUG] 2023-05-06 18:20:48.894 [Forwarding newSession on session null to remote] DefaultChannelId:101--Dio.netty.machineId: d0:c6:37:ff:fe:f7:a9:b8 (auto-detected)
[DEBUG] 2023-05-06 18:20:48.934 [AsyncHttpClient-1-2] AbstractByteBuf:63--Dio.netty.buffer.checkAccessible: true
[DEBUG] 2023-05-06 18:20:48.935 [AsyncHttpClient-1-2] AbstractByteBuf:64--Dio.netty.buffer.checkBounds: true
[DEBUG] 2023-05-06 18:20:48.935 [AsyncHttpClient-1-2] ResourceLeakDetectorFactory:196-Loaded default ResourceLeakDetector: io.netty.util.ResourceLeakDetector@36659b24
[DEBUG] 2023-05-06 18:20:48.955 [AsyncHttpClient-1-2] Recycler:103--Dio.netty.recycler.maxCapacityPerThread: 4096
[DEBUG] 2023-05-06 18:20:48.955 [AsyncHttpClient-1-2] Recycler:104--Dio.netty.recycler.maxSharedCapacityFactor: 2
[DEBUG] 2023-05-06 18:20:48.955 [AsyncHttpClient-1-2] Recycler:105--Dio.netty.recycler.linkCapacity: 16
[DEBUG] 2023-05-06 18:20:48.955 [AsyncHttpClient-1-2] Recycler:106--Dio.netty.recycler.ratio: 8
[DEBUG] 2023-05-06 18:20:48.955 [AsyncHttpClient-1-2] Recycler:107--Dio.netty.recycler.delayedQueue.ratio: 8
[DEBUG] 2023-05-06 18:20:49.594 [AsyncHttpClient-1-2] Brotli:38-brotli4j not in the classpath; Brotli support will be unavailable.
[DEBUG] 2023-05-06 18:20:49.758 [main] ThreadLocalRandom:214--Dio.netty.initialSeedUniquifier: 0xa063fb51e970187f
[INFO ] 2023-05-06 18:20:59.050 [main] BaseTest:59-search product: adidas shoes men
[INFO ] 2023-05-06 18:21:02.020 [main] BaseTest:71-Click button type Sneakers
[INFO ] 2023-05-06 18:21:02.127 [main] BaseTest:65-Set min price of filter: 40
[INFO ] 2023-05-06 18:21:04.844 [main] BaseTest:76-Click GO button in the filter
[INFO ] 2023-05-06 18:21:07.351 [main] BaseTest:51-Found 47 products
[DEBUG] 2023-05-07 12:38:45.981 [main] InternalLoggerFactory:76-Using Log4J2 as the default logging framework
[DEBUG] 2023-05-07 12:38:46.001 [main] ResourceLeakDetector:129--Dio.netty.leakDetection.level: simple
[DEBUG] 2023-05-07 12:38:46.002 [main] ResourceLeakDetector:130--Dio.netty.leakDetection.targetRecords: 4
[DEBUG] 2023-05-07 12:38:46.011 [main] ResourceLeakDetectorFactory:196-Loaded default ResourceLeakDetector: io.netty.util.ResourceLeakDetector@58a4a74d
[DEBUG] 2023-05-07 12:38:46.052 [main] PlatformDependent0:460--Dio.netty.noUnsafe: false
[DEBUG] 2023-05-07 12:38:46.053 [main] PlatformDependent0:954-Java version: 11
[DEBUG] 2023-05-07 12:38:46.057 [main] PlatformDependent0:135-sun.misc.Unsafe.theUnsafe: available
[DEBUG] 2023-05-07 12:38:46.058 [main] PlatformDependent0:159-sun.misc.Unsafe.copyMemory: available
[DEBUG] 2023-05-07 12:38:46.060 [main] PlatformDependent0:202-java.nio.Buffer.address: available
[DEBUG] 2023-05-07 12:38:46.062 [main] PlatformDependent0:285-direct buffer constructor: unavailable: Reflective setAccessible(true) disabled
[DEBUG] 2023-05-07 12:38:46.064 [main] PlatformDependent0:350-java.nio.Bits.unaligned: available, true
[DEBUG] 2023-05-07 12:38:46.066 [main] PlatformDependent0:417-jdk.internal.misc.Unsafe.allocateUninitializedArray(int): unavailable: class io.netty.util.internal.PlatformDependent0$6 cannot access class jdk.internal.misc.Unsafe (in module java.base) because module java.base does not export jdk.internal.misc to unnamed module @592238c5
[DEBUG] 2023-05-07 12:38:46.069 [main] PlatformDependent0:446-java.nio.DirectByteBuffer.<init>(long, int): unavailable
[DEBUG] 2023-05-07 12:38:46.071 [main] PlatformDependent:1103-sun.misc.Unsafe: available
[DEBUG] 2023-05-07 12:38:46.072 [main] PlatformDependent:1205-maxDirectMemory: 2109734912 bytes (maybe)
[DEBUG] 2023-05-07 12:38:46.074 [main] PlatformDependent:1224--Dio.netty.tmpdir: C:\Users\YURAKO~1.000\AppData\Local\Temp (java.io.tmpdir)
[DEBUG] 2023-05-07 12:38:46.075 [main] PlatformDependent:1303--Dio.netty.bitMode: 64 (sun.arch.data.model)
[DEBUG] 2023-05-07 12:38:46.076 [main] PlatformDependent:1063-Platform: Windows
[DEBUG] 2023-05-07 12:38:46.079 [main] PlatformDependent:178--Dio.netty.maxDirectMemory: -1 bytes
[DEBUG] 2023-05-07 12:38:46.080 [main] PlatformDependent:185--Dio.netty.uninitializedArrayAllocationThreshold: -1
[DEBUG] 2023-05-07 12:38:46.083 [main] CleanerJava9:71-java.nio.ByteBuffer.cleaner(): available
[DEBUG] 2023-05-07 12:38:46.083 [main] PlatformDependent:205--Dio.netty.noPreferDirect: false
[DEBUG] 2023-05-07 12:38:46.105 [main] PlatformDependent:967-org.jctools-core.MpscChunkedArrayQueue: available
[DEBUG] 2023-05-07 12:38:46.211 [main] InternalThreadLocalMap:83--Dio.netty.threadLocalMap.stringBuilder.initialSize: 1024
[DEBUG] 2023-05-07 12:38:46.212 [main] InternalThreadLocalMap:86--Dio.netty.threadLocalMap.stringBuilder.maxSize: 4096
[DEBUG] 2023-05-07 12:38:46.266 [main] JdkSslContext:97-Default protocols (JDK): [TLSv1.3, TLSv1.2] 
[DEBUG] 2023-05-07 12:38:46.266 [main] JdkSslContext:98-Default cipher suites (JDK): [TLS_ECDHE_ECDSA_WITH_AES_256_GCM_SHA384, TLS_ECDHE_ECDSA_WITH_AES_128_GCM_SHA256, TLS_ECDHE_RSA_WITH_AES_128_GCM_SHA256, TLS_ECDHE_RSA_WITH_AES_256_GCM_SHA384, TLS_ECDHE_RSA_WITH_AES_128_CBC_SHA, TLS_ECDHE_RSA_WITH_AES_256_CBC_SHA, TLS_RSA_WITH_AES_128_GCM_SHA256, TLS_RSA_WITH_AES_128_CBC_SHA, TLS_RSA_WITH_AES_256_CBC_SHA, TLS_AES_128_GCM_SHA256, TLS_AES_256_GCM_SHA384]
[DEBUG] 2023-05-07 12:38:46.315 [main] MultithreadEventLoopGroup:44--Dio.netty.eventLoopThreads: 16
[DEBUG] 2023-05-07 12:38:46.329 [main] NioEventLoop:106--Dio.netty.noKeySetOptimization: false
[DEBUG] 2023-05-07 12:38:46.330 [main] NioEventLoop:107--Dio.netty.selectorAutoRebuildThreshold: 512
[DEBUG] 2023-05-07 12:38:46.392 [main] PooledByteBufAllocator:155--Dio.netty.allocator.numHeapArenas: 16
[DEBUG] 2023-05-07 12:38:46.392 [main] PooledByteBufAllocator:156--Dio.netty.allocator.numDirectArenas: 16
[DEBUG] 2023-05-07 12:38:46.393 [main] PooledByteBufAllocator:158--Dio.netty.allocator.pageSize: 8192
[DEBUG] 2023-05-07 12:38:46.393 [main] PooledByteBufAllocator:163--Dio.netty.allocator.maxOrder: 11
[DEBUG] 2023-05-07 12:38:46.393 [main] PooledByteBufAllocator:167--Dio.netty.allocator.chunkSize: 16777216
[DEBUG] 2023-05-07 12:38:46.393 [main] PooledByteBufAllocator:168--Dio.netty.allocator.smallCacheSize: 256
[DEBUG] 2023-05-07 12:38:46.393 [main] PooledByteBufAllocator:169--Dio.netty.allocator.normalCacheSize: 64
[DEBUG] 2023-05-07 12:38:46.393 [main] PooledByteBufAllocator:170--Dio.netty.allocator.maxCachedBufferCapacity: 32768
[DEBUG] 2023-05-07 12:38:46.393 [main] PooledByteBufAllocator:171--Dio.netty.allocator.cacheTrimInterval: 8192
[DEBUG] 2023-05-07 12:38:46.394 [main] PooledByteBufAllocator:172--Dio.netty.allocator.cacheTrimIntervalMillis: 0
[DEBUG] 2023-05-07 12:38:46.394 [main] PooledByteBufAllocator:173--Dio.netty.allocator.useCacheForAllThreads: true
[DEBUG] 2023-05-07 12:38:46.394 [main] PooledByteBufAllocator:174--Dio.netty.allocator.maxCachedByteBuffersPerChunk: 1023
[DEBUG] 2023-05-07 12:38:46.409 [main] ByteBufUtil:87--Dio.netty.allocator.type: pooled
[DEBUG] 2023-05-07 12:38:46.410 [main] ByteBufUtil:96--Dio.netty.threadLocalDirectBufferSize: 0
[DEBUG] 2023-05-07 12:38:46.410 [main] ByteBufUtil:99--Dio.netty.maxThreadLocalCharBufferSize: 16384
[DEBUG] 2023-05-07 12:38:47.441 [Forwarding newSession on session null to remote] DefaultChannelId:79--Dio.netty.processId: 1152 (auto-detected)
[DEBUG] 2023-05-07 12:38:47.444 [Forwarding newSession on session null to remote] NetUtil:135--Djava.net.preferIPv4Stack: false
[DEBUG] 2023-05-07 12:38:47.444 [Forwarding newSession on session null to remote] NetUtil:136--Djava.net.preferIPv6Addresses: false
[DEBUG] 2023-05-07 12:38:47.780 [Forwarding newSession on session null to remote] NetUtilInitializations:129-Loopback interface: lo (Software Loopback Interface 1, 127.0.0.1)
[DEBUG] 2023-05-07 12:38:47.782 [Forwarding newSession on session null to remote] NetUtil:187-Failed to get SOMAXCONN from sysctl and file \proc\sys\net\core\somaxconn. Default: 200
[DEBUG] 2023-05-07 12:38:48.415 [Forwarding newSession on session null to remote] DefaultChannelId:101--Dio.netty.machineId: d0:c6:37:ff:fe:f7:a9:b8 (auto-detected)
[DEBUG] 2023-05-07 12:38:48.526 [AsyncHttpClient-1-2] AbstractByteBuf:63--Dio.netty.buffer.checkAccessible: true
[DEBUG] 2023-05-07 12:38:48.528 [AsyncHttpClient-1-2] AbstractByteBuf:64--Dio.netty.buffer.checkBounds: true
[DEBUG] 2023-05-07 12:38:48.528 [AsyncHttpClient-1-2] ResourceLeakDetectorFactory:196-Loaded default ResourceLeakDetector: io.netty.util.ResourceLeakDetector@59e8468f
[DEBUG] 2023-05-07 12:38:48.618 [AsyncHttpClient-1-2] Recycler:103--Dio.netty.recycler.maxCapacityPerThread: 4096
[DEBUG] 2023-05-07 12:38:48.618 [AsyncHttpClient-1-2] Recycler:104--Dio.netty.recycler.maxSharedCapacityFactor: 2
[DEBUG] 2023-05-07 12:38:48.618 [AsyncHttpClient-1-2] Recycler:105--Dio.netty.recycler.linkCapacity: 16
[DEBUG] 2023-05-07 12:38:48.618 [AsyncHttpClient-1-2] Recycler:106--Dio.netty.recycler.ratio: 8
[DEBUG] 2023-05-07 12:38:48.618 [AsyncHttpClient-1-2] Recycler:107--Dio.netty.recycler.delayedQueue.ratio: 8
[DEBUG] 2023-05-07 12:38:49.895 [AsyncHttpClient-1-2] Brotli:38-brotli4j not in the classpath; Brotli support will be unavailable.
[DEBUG] 2023-05-07 12:38:50.220 [main] ThreadLocalRandom:214--Dio.netty.initialSeedUniquifier: 0x8d7c87b30b128c4c
[INFO ] 2023-05-07 12:39:02.225 [main] BaseTest:59-search product: adidas shoes men
[INFO ] 2023-05-07 12:39:06.919 [main] BaseTest:71-Click button type Sneakers
[INFO ] 2023-05-07 12:39:07.256 [main] BaseTest:65-Set min price of filter: 40
[INFO ] 2023-05-07 12:39:10.630 [main] BaseTest:76-Click GO button in the filter
[INFO ] 2023-05-07 12:39:15.775 [main] BaseTest:51-Found 47 products
[DEBUG] 2023-05-07 12:41:56.136 [main] InternalLoggerFactory:76-Using Log4J2 as the default logging framework
[DEBUG] 2023-05-07 12:41:56.155 [main] ResourceLeakDetector:129--Dio.netty.leakDetection.level: simple
[DEBUG] 2023-05-07 12:41:56.156 [main] ResourceLeakDetector:130--Dio.netty.leakDetection.targetRecords: 4
[DEBUG] 2023-05-07 12:41:56.166 [main] ResourceLeakDetectorFactory:196-Loaded default ResourceLeakDetector: io.netty.util.ResourceLeakDetector@69c6161d
[DEBUG] 2023-05-07 12:41:56.209 [main] PlatformDependent0:460--Dio.netty.noUnsafe: false
[DEBUG] 2023-05-07 12:41:56.210 [main] PlatformDependent0:954-Java version: 11
[DEBUG] 2023-05-07 12:41:56.215 [main] PlatformDependent0:135-sun.misc.Unsafe.theUnsafe: available
[DEBUG] 2023-05-07 12:41:56.216 [main] PlatformDependent0:159-sun.misc.Unsafe.copyMemory: available
[DEBUG] 2023-05-07 12:41:56.218 [main] PlatformDependent0:202-java.nio.Buffer.address: available
[DEBUG] 2023-05-07 12:41:56.219 [main] PlatformDependent0:285-direct buffer constructor: unavailable: Reflective setAccessible(true) disabled
[DEBUG] 2023-05-07 12:41:56.221 [main] PlatformDependent0:350-java.nio.Bits.unaligned: available, true
[DEBUG] 2023-05-07 12:41:56.232 [main] PlatformDependent0:417-jdk.internal.misc.Unsafe.allocateUninitializedArray(int): unavailable: class io.netty.util.internal.PlatformDependent0$6 cannot access class jdk.internal.misc.Unsafe (in module java.base) because module java.base does not export jdk.internal.misc to unnamed module @2e3a5237
[DEBUG] 2023-05-07 12:41:56.235 [main] PlatformDependent0:446-java.nio.DirectByteBuffer.<init>(long, int): unavailable
[DEBUG] 2023-05-07 12:41:56.236 [main] PlatformDependent:1103-sun.misc.Unsafe: available
[DEBUG] 2023-05-07 12:41:56.237 [main] PlatformDependent:1205-maxDirectMemory: 2109734912 bytes (maybe)
[DEBUG] 2023-05-07 12:41:56.238 [main] PlatformDependent:1224--Dio.netty.tmpdir: C:\Users\YURAKO~1.000\AppData\Local\Temp (java.io.tmpdir)
[DEBUG] 2023-05-07 12:41:56.239 [main] PlatformDependent:1303--Dio.netty.bitMode: 64 (sun.arch.data.model)
[DEBUG] 2023-05-07 12:41:56.240 [main] PlatformDependent:1063-Platform: Windows
[DEBUG] 2023-05-07 12:41:56.242 [main] PlatformDependent:178--Dio.netty.maxDirectMemory: -1 bytes
[DEBUG] 2023-05-07 12:41:56.242 [main] PlatformDependent:185--Dio.netty.uninitializedArrayAllocationThreshold: -1
[DEBUG] 2023-05-07 12:41:56.245 [main] CleanerJava9:71-java.nio.ByteBuffer.cleaner(): available
[DEBUG] 2023-05-07 12:41:56.246 [main] PlatformDependent:205--Dio.netty.noPreferDirect: false
[DEBUG] 2023-05-07 12:41:56.267 [main] PlatformDependent:967-org.jctools-core.MpscChunkedArrayQueue: available
[DEBUG] 2023-05-07 12:41:56.316 [main] InternalThreadLocalMap:83--Dio.netty.threadLocalMap.stringBuilder.initialSize: 1024
[DEBUG] 2023-05-07 12:41:56.317 [main] InternalThreadLocalMap:86--Dio.netty.threadLocalMap.stringBuilder.maxSize: 4096
[DEBUG] 2023-05-07 12:41:56.430 [main] JdkSslContext:97-Default protocols (JDK): [TLSv1.3, TLSv1.2] 
[DEBUG] 2023-05-07 12:41:56.430 [main] JdkSslContext:98-Default cipher suites (JDK): [TLS_ECDHE_ECDSA_WITH_AES_256_GCM_SHA384, TLS_ECDHE_ECDSA_WITH_AES_128_GCM_SHA256, TLS_ECDHE_RSA_WITH_AES_128_GCM_SHA256, TLS_ECDHE_RSA_WITH_AES_256_GCM_SHA384, TLS_ECDHE_RSA_WITH_AES_128_CBC_SHA, TLS_ECDHE_RSA_WITH_AES_256_CBC_SHA, TLS_RSA_WITH_AES_128_GCM_SHA256, TLS_RSA_WITH_AES_128_CBC_SHA, TLS_RSA_WITH_AES_256_CBC_SHA, TLS_AES_128_GCM_SHA256, TLS_AES_256_GCM_SHA384]
[DEBUG] 2023-05-07 12:41:56.478 [main] MultithreadEventLoopGroup:44--Dio.netty.eventLoopThreads: 16
[DEBUG] 2023-05-07 12:41:56.487 [main] NioEventLoop:106--Dio.netty.noKeySetOptimization: false
[DEBUG] 2023-05-07 12:41:56.488 [main] NioEventLoop:107--Dio.netty.selectorAutoRebuildThreshold: 512
[DEBUG] 2023-05-07 12:41:56.538 [main] PooledByteBufAllocator:155--Dio.netty.allocator.numHeapArenas: 16
[DEBUG] 2023-05-07 12:41:56.539 [main] PooledByteBufAllocator:156--Dio.netty.allocator.numDirectArenas: 16
[DEBUG] 2023-05-07 12:41:56.539 [main] PooledByteBufAllocator:158--Dio.netty.allocator.pageSize: 8192
[DEBUG] 2023-05-07 12:41:56.539 [main] PooledByteBufAllocator:163--Dio.netty.allocator.maxOrder: 11
[DEBUG] 2023-05-07 12:41:56.539 [main] PooledByteBufAllocator:167--Dio.netty.allocator.chunkSize: 16777216
[DEBUG] 2023-05-07 12:41:56.539 [main] PooledByteBufAllocator:168--Dio.netty.allocator.smallCacheSize: 256
[DEBUG] 2023-05-07 12:41:56.539 [main] PooledByteBufAllocator:169--Dio.netty.allocator.normalCacheSize: 64
[DEBUG] 2023-05-07 12:41:56.539 [main] PooledByteBufAllocator:170--Dio.netty.allocator.maxCachedBufferCapacity: 32768
[DEBUG] 2023-05-07 12:41:56.539 [main] PooledByteBufAllocator:171--Dio.netty.allocator.cacheTrimInterval: 8192
[DEBUG] 2023-05-07 12:41:56.539 [main] PooledByteBufAllocator:172--Dio.netty.allocator.cacheTrimIntervalMillis: 0
[DEBUG] 2023-05-07 12:41:56.539 [main] PooledByteBufAllocator:173--Dio.netty.allocator.useCacheForAllThreads: true
[DEBUG] 2023-05-07 12:41:56.539 [main] PooledByteBufAllocator:174--Dio.netty.allocator.maxCachedByteBuffersPerChunk: 1023
[DEBUG] 2023-05-07 12:41:56.549 [main] ByteBufUtil:87--Dio.netty.allocator.type: pooled
[DEBUG] 2023-05-07 12:41:56.550 [main] ByteBufUtil:96--Dio.netty.threadLocalDirectBufferSize: 0
[DEBUG] 2023-05-07 12:41:56.550 [main] ByteBufUtil:99--Dio.netty.maxThreadLocalCharBufferSize: 16384
[DEBUG] 2023-05-07 12:41:57.426 [Forwarding newSession on session null to remote] DefaultChannelId:79--Dio.netty.processId: 6968 (auto-detected)
[DEBUG] 2023-05-07 12:41:57.429 [Forwarding newSession on session null to remote] NetUtil:135--Djava.net.preferIPv4Stack: false
[DEBUG] 2023-05-07 12:41:57.429 [Forwarding newSession on session null to remote] NetUtil:136--Djava.net.preferIPv6Addresses: false
[DEBUG] 2023-05-07 12:41:57.845 [Forwarding newSession on session null to remote] NetUtilInitializations:129-Loopback interface: lo (Software Loopback Interface 1, 127.0.0.1)
[DEBUG] 2023-05-07 12:41:57.847 [Forwarding newSession on session null to remote] NetUtil:187-Failed to get SOMAXCONN from sysctl and file \proc\sys\net\core\somaxconn. Default: 200
[DEBUG] 2023-05-07 12:41:58.447 [Forwarding newSession on session null to remote] DefaultChannelId:101--Dio.netty.machineId: d0:c6:37:ff:fe:f7:a9:b8 (auto-detected)
[DEBUG] 2023-05-07 12:41:58.553 [AsyncHttpClient-1-2] AbstractByteBuf:63--Dio.netty.buffer.checkAccessible: true
[DEBUG] 2023-05-07 12:41:58.558 [AsyncHttpClient-1-2] AbstractByteBuf:64--Dio.netty.buffer.checkBounds: true
[DEBUG] 2023-05-07 12:41:58.559 [AsyncHttpClient-1-2] ResourceLeakDetectorFactory:196-Loaded default ResourceLeakDetector: io.netty.util.ResourceLeakDetector@1705d154
[DEBUG] 2023-05-07 12:41:58.613 [AsyncHttpClient-1-2] Recycler:103--Dio.netty.recycler.maxCapacityPerThread: 4096
[DEBUG] 2023-05-07 12:41:58.613 [AsyncHttpClient-1-2] Recycler:104--Dio.netty.recycler.maxSharedCapacityFactor: 2
[DEBUG] 2023-05-07 12:41:58.613 [AsyncHttpClient-1-2] Recycler:105--Dio.netty.recycler.linkCapacity: 16
[DEBUG] 2023-05-07 12:41:58.613 [AsyncHttpClient-1-2] Recycler:106--Dio.netty.recycler.ratio: 8
[DEBUG] 2023-05-07 12:41:58.613 [AsyncHttpClient-1-2] Recycler:107--Dio.netty.recycler.delayedQueue.ratio: 8
[DEBUG] 2023-05-07 12:41:59.684 [AsyncHttpClient-1-2] Brotli:38-brotli4j not in the classpath; Brotli support will be unavailable.
[DEBUG] 2023-05-07 12:41:59.999 [main] ThreadLocalRandom:214--Dio.netty.initialSeedUniquifier: 0x606e2f83b63c108f
[INFO ] 2023-05-07 12:42:10.898 [main] BaseTest:59-search product: adidas shoes men
[INFO ] 2023-05-07 12:42:14.105 [main] BaseTest:71-Click button type Sneakers
[INFO ] 2023-05-07 12:42:14.609 [main] BaseTest:65-Set min price of filter: 40
[INFO ] 2023-05-07 12:42:19.079 [main] BaseTest:76-Click GO button in the filter
[INFO ] 2023-05-07 12:42:25.244 [main] BaseTest:51-Found 47 products
[DEBUG] 2023-05-07 12:49:35.245 [main] InternalLoggerFactory:76-Using Log4J2 as the default logging framework
[DEBUG] 2023-05-07 12:49:35.253 [main] ResourceLeakDetector:129--Dio.netty.leakDetection.level: simple
[DEBUG] 2023-05-07 12:49:35.254 [main] ResourceLeakDetector:130--Dio.netty.leakDetection.targetRecords: 4
[DEBUG] 2023-05-07 12:49:35.258 [main] ResourceLeakDetectorFactory:196-Loaded default ResourceLeakDetector: io.netty.util.ResourceLeakDetector@6b410923
[DEBUG] 2023-05-07 12:49:35.277 [main] PlatformDependent0:460--Dio.netty.noUnsafe: false
[DEBUG] 2023-05-07 12:49:35.277 [main] PlatformDependent0:954-Java version: 11
[DEBUG] 2023-05-07 12:49:35.279 [main] PlatformDependent0:135-sun.misc.Unsafe.theUnsafe: available
[DEBUG] 2023-05-07 12:49:35.280 [main] PlatformDependent0:159-sun.misc.Unsafe.copyMemory: available
[DEBUG] 2023-05-07 12:49:35.280 [main] PlatformDependent0:202-java.nio.Buffer.address: available
[DEBUG] 2023-05-07 12:49:35.281 [main] PlatformDependent0:285-direct buffer constructor: unavailable: Reflective setAccessible(true) disabled
[DEBUG] 2023-05-07 12:49:35.282 [main] PlatformDependent0:350-java.nio.Bits.unaligned: available, true
[DEBUG] 2023-05-07 12:49:35.284 [main] PlatformDependent0:417-jdk.internal.misc.Unsafe.allocateUninitializedArray(int): unavailable: class io.netty.util.internal.PlatformDependent0$6 cannot access class jdk.internal.misc.Unsafe (in module java.base) because module java.base does not export jdk.internal.misc to unnamed module @4565a70a
[DEBUG] 2023-05-07 12:49:35.286 [main] PlatformDependent0:446-java.nio.DirectByteBuffer.<init>(long, int): unavailable
[DEBUG] 2023-05-07 12:49:35.286 [main] PlatformDependent:1103-sun.misc.Unsafe: available
[DEBUG] 2023-05-07 12:49:35.287 [main] PlatformDependent:1205-maxDirectMemory: 2109734912 bytes (maybe)
[DEBUG] 2023-05-07 12:49:35.289 [main] PlatformDependent:1224--Dio.netty.tmpdir: C:\Users\YURAKO~1.000\AppData\Local\Temp (java.io.tmpdir)
[DEBUG] 2023-05-07 12:49:35.289 [main] PlatformDependent:1303--Dio.netty.bitMode: 64 (sun.arch.data.model)
[DEBUG] 2023-05-07 12:49:35.289 [main] PlatformDependent:1063-Platform: Windows
[DEBUG] 2023-05-07 12:49:35.290 [main] PlatformDependent:178--Dio.netty.maxDirectMemory: -1 bytes
[DEBUG] 2023-05-07 12:49:35.291 [main] PlatformDependent:185--Dio.netty.uninitializedArrayAllocationThreshold: -1
[DEBUG] 2023-05-07 12:49:35.292 [main] CleanerJava9:71-java.nio.ByteBuffer.cleaner(): available
[DEBUG] 2023-05-07 12:49:35.293 [main] PlatformDependent:205--Dio.netty.noPreferDirect: false
[DEBUG] 2023-05-07 12:49:35.304 [main] PlatformDependent:967-org.jctools-core.MpscChunkedArrayQueue: available
[DEBUG] 2023-05-07 12:49:35.328 [main] InternalThreadLocalMap:83--Dio.netty.threadLocalMap.stringBuilder.initialSize: 1024
[DEBUG] 2023-05-07 12:49:35.328 [main] InternalThreadLocalMap:86--Dio.netty.threadLocalMap.stringBuilder.maxSize: 4096
[DEBUG] 2023-05-07 12:49:35.353 [main] JdkSslContext:97-Default protocols (JDK): [TLSv1.3, TLSv1.2] 
[DEBUG] 2023-05-07 12:49:35.354 [main] JdkSslContext:98-Default cipher suites (JDK): [TLS_ECDHE_ECDSA_WITH_AES_256_GCM_SHA384, TLS_ECDHE_ECDSA_WITH_AES_128_GCM_SHA256, TLS_ECDHE_RSA_WITH_AES_128_GCM_SHA256, TLS_ECDHE_RSA_WITH_AES_256_GCM_SHA384, TLS_ECDHE_RSA_WITH_AES_128_CBC_SHA, TLS_ECDHE_RSA_WITH_AES_256_CBC_SHA, TLS_RSA_WITH_AES_128_GCM_SHA256, TLS_RSA_WITH_AES_128_CBC_SHA, TLS_RSA_WITH_AES_256_CBC_SHA, TLS_AES_128_GCM_SHA256, TLS_AES_256_GCM_SHA384]
[DEBUG] 2023-05-07 12:49:35.382 [main] MultithreadEventLoopGroup:44--Dio.netty.eventLoopThreads: 16
[DEBUG] 2023-05-07 12:49:35.391 [main] NioEventLoop:106--Dio.netty.noKeySetOptimization: false
[DEBUG] 2023-05-07 12:49:35.391 [main] NioEventLoop:107--Dio.netty.selectorAutoRebuildThreshold: 512
[DEBUG] 2023-05-07 12:49:35.435 [main] PooledByteBufAllocator:155--Dio.netty.allocator.numHeapArenas: 16
[DEBUG] 2023-05-07 12:49:35.436 [main] PooledByteBufAllocator:156--Dio.netty.allocator.numDirectArenas: 16
[DEBUG] 2023-05-07 12:49:35.436 [main] PooledByteBufAllocator:158--Dio.netty.allocator.pageSize: 8192
[DEBUG] 2023-05-07 12:49:35.436 [main] PooledByteBufAllocator:163--Dio.netty.allocator.maxOrder: 11
[DEBUG] 2023-05-07 12:49:35.436 [main] PooledByteBufAllocator:167--Dio.netty.allocator.chunkSize: 16777216
[DEBUG] 2023-05-07 12:49:35.437 [main] PooledByteBufAllocator:168--Dio.netty.allocator.smallCacheSize: 256
[DEBUG] 2023-05-07 12:49:35.437 [main] PooledByteBufAllocator:169--Dio.netty.allocator.normalCacheSize: 64
[DEBUG] 2023-05-07 12:49:35.437 [main] PooledByteBufAllocator:170--Dio.netty.allocator.maxCachedBufferCapacity: 32768
[DEBUG] 2023-05-07 12:49:35.437 [main] PooledByteBufAllocator:171--Dio.netty.allocator.cacheTrimInterval: 8192
[DEBUG] 2023-05-07 12:49:35.437 [main] PooledByteBufAllocator:172--Dio.netty.allocator.cacheTrimIntervalMillis: 0
[DEBUG] 2023-05-07 12:49:35.438 [main] PooledByteBufAllocator:173--Dio.netty.allocator.useCacheForAllThreads: true
[DEBUG] 2023-05-07 12:49:35.438 [main] PooledByteBufAllocator:174--Dio.netty.allocator.maxCachedByteBuffersPerChunk: 1023
[DEBUG] 2023-05-07 12:49:35.449 [main] ByteBufUtil:87--Dio.netty.allocator.type: pooled
[DEBUG] 2023-05-07 12:49:35.450 [main] ByteBufUtil:96--Dio.netty.threadLocalDirectBufferSize: 0
[DEBUG] 2023-05-07 12:49:35.450 [main] ByteBufUtil:99--Dio.netty.maxThreadLocalCharBufferSize: 16384
[DEBUG] 2023-05-07 12:49:36.493 [Forwarding newSession on session null to remote] DefaultChannelId:79--Dio.netty.processId: 5808 (auto-detected)
[DEBUG] 2023-05-07 12:49:36.496 [Forwarding newSession on session null to remote] NetUtil:135--Djava.net.preferIPv4Stack: false
[DEBUG] 2023-05-07 12:49:36.496 [Forwarding newSession on session null to remote] NetUtil:136--Djava.net.preferIPv6Addresses: false
[DEBUG] 2023-05-07 12:49:37.041 [Forwarding newSession on session null to remote] NetUtilInitializations:129-Loopback interface: lo (Software Loopback Interface 1, 127.0.0.1)
[DEBUG] 2023-05-07 12:49:37.043 [Forwarding newSession on session null to remote] NetUtil:187-Failed to get SOMAXCONN from sysctl and file \proc\sys\net\core\somaxconn. Default: 200
[DEBUG] 2023-05-07 12:49:37.689 [Forwarding newSession on session null to remote] DefaultChannelId:101--Dio.netty.machineId: d0:c6:37:ff:fe:f7:a9:b8 (auto-detected)
[DEBUG] 2023-05-07 12:49:37.789 [AsyncHttpClient-1-2] AbstractByteBuf:63--Dio.netty.buffer.checkAccessible: true
[DEBUG] 2023-05-07 12:49:37.790 [AsyncHttpClient-1-2] AbstractByteBuf:64--Dio.netty.buffer.checkBounds: true
[DEBUG] 2023-05-07 12:49:37.791 [AsyncHttpClient-1-2] ResourceLeakDetectorFactory:196-Loaded default ResourceLeakDetector: io.netty.util.ResourceLeakDetector@579b3d55
[DEBUG] 2023-05-07 12:49:37.843 [AsyncHttpClient-1-2] Recycler:103--Dio.netty.recycler.maxCapacityPerThread: 4096
[DEBUG] 2023-05-07 12:49:37.844 [AsyncHttpClient-1-2] Recycler:104--Dio.netty.recycler.maxSharedCapacityFactor: 2
[DEBUG] 2023-05-07 12:49:37.844 [AsyncHttpClient-1-2] Recycler:105--Dio.netty.recycler.linkCapacity: 16
[DEBUG] 2023-05-07 12:49:37.845 [AsyncHttpClient-1-2] Recycler:106--Dio.netty.recycler.ratio: 8
[DEBUG] 2023-05-07 12:49:37.845 [AsyncHttpClient-1-2] Recycler:107--Dio.netty.recycler.delayedQueue.ratio: 8
[DEBUG] 2023-05-07 12:49:38.967 [AsyncHttpClient-1-2] Brotli:38-brotli4j not in the classpath; Brotli support will be unavailable.
[DEBUG] 2023-05-07 12:49:39.312 [main] ThreadLocalRandom:214--Dio.netty.initialSeedUniquifier: 0x71709bf1f212db40
[INFO ] 2023-05-07 12:49:50.644 [main] BaseTest:59-search product: adidas shoes men
[INFO ] 2023-05-07 12:49:54.102 [main] BaseTest:71-Click button type Sneakers
[INFO ] 2023-05-07 12:49:54.619 [main] BaseTest:65-Set min price of filter: 40
[INFO ] 2023-05-07 12:49:58.399 [main] BaseTest:76-Click GO button in the filter
[INFO ] 2023-05-07 12:50:04.277 [main] BaseTest:51-Found 47 products
[DEBUG] 2023-05-07 12:51:31.051 [main] InternalLoggerFactory:76-Using Log4J2 as the default logging framework
[DEBUG] 2023-05-07 12:51:31.068 [main] ResourceLeakDetector:129--Dio.netty.leakDetection.level: simple
[DEBUG] 2023-05-07 12:51:31.069 [main] ResourceLeakDetector:130--Dio.netty.leakDetection.targetRecords: 4
[DEBUG] 2023-05-07 12:51:31.079 [main] ResourceLeakDetectorFactory:196-Loaded default ResourceLeakDetector: io.netty.util.ResourceLeakDetector@2160e52a
[DEBUG] 2023-05-07 12:51:31.123 [main] PlatformDependent0:460--Dio.netty.noUnsafe: false
[DEBUG] 2023-05-07 12:51:31.123 [main] PlatformDependent0:954-Java version: 11
[DEBUG] 2023-05-07 12:51:31.127 [main] PlatformDependent0:135-sun.misc.Unsafe.theUnsafe: available
[DEBUG] 2023-05-07 12:51:31.129 [main] PlatformDependent0:159-sun.misc.Unsafe.copyMemory: available
[DEBUG] 2023-05-07 12:51:31.131 [main] PlatformDependent0:202-java.nio.Buffer.address: available
[DEBUG] 2023-05-07 12:51:31.133 [main] PlatformDependent0:285-direct buffer constructor: unavailable: Reflective setAccessible(true) disabled
[DEBUG] 2023-05-07 12:51:31.136 [main] PlatformDependent0:350-java.nio.Bits.unaligned: available, true
[DEBUG] 2023-05-07 12:51:31.138 [main] PlatformDependent0:417-jdk.internal.misc.Unsafe.allocateUninitializedArray(int): unavailable: class io.netty.util.internal.PlatformDependent0$6 cannot access class jdk.internal.misc.Unsafe (in module java.base) because module java.base does not export jdk.internal.misc to unnamed module @5395ea39
[DEBUG] 2023-05-07 12:51:31.141 [main] PlatformDependent0:446-java.nio.DirectByteBuffer.<init>(long, int): unavailable
[DEBUG] 2023-05-07 12:51:31.142 [main] PlatformDependent:1103-sun.misc.Unsafe: available
[DEBUG] 2023-05-07 12:51:31.144 [main] PlatformDependent:1205-maxDirectMemory: 2109734912 bytes (maybe)
[DEBUG] 2023-05-07 12:51:31.146 [main] PlatformDependent:1224--Dio.netty.tmpdir: C:\Users\YURAKO~1.000\AppData\Local\Temp (java.io.tmpdir)
[DEBUG] 2023-05-07 12:51:31.146 [main] PlatformDependent:1303--Dio.netty.bitMode: 64 (sun.arch.data.model)
[DEBUG] 2023-05-07 12:51:31.147 [main] PlatformDependent:1063-Platform: Windows
[DEBUG] 2023-05-07 12:51:31.148 [main] PlatformDependent:178--Dio.netty.maxDirectMemory: -1 bytes
[DEBUG] 2023-05-07 12:51:31.149 [main] PlatformDependent:185--Dio.netty.uninitializedArrayAllocationThreshold: -1
[DEBUG] 2023-05-07 12:51:31.152 [main] CleanerJava9:71-java.nio.ByteBuffer.cleaner(): available
[DEBUG] 2023-05-07 12:51:31.152 [main] PlatformDependent:205--Dio.netty.noPreferDirect: false
[DEBUG] 2023-05-07 12:51:31.167 [main] PlatformDependent:967-org.jctools-core.MpscChunkedArrayQueue: available
[DEBUG] 2023-05-07 12:51:31.201 [main] InternalThreadLocalMap:83--Dio.netty.threadLocalMap.stringBuilder.initialSize: 1024
[DEBUG] 2023-05-07 12:51:31.203 [main] InternalThreadLocalMap:86--Dio.netty.threadLocalMap.stringBuilder.maxSize: 4096
[DEBUG] 2023-05-07 12:51:31.246 [main] JdkSslContext:97-Default protocols (JDK): [TLSv1.3, TLSv1.2] 
[DEBUG] 2023-05-07 12:51:31.247 [main] JdkSslContext:98-Default cipher suites (JDK): [TLS_ECDHE_ECDSA_WITH_AES_256_GCM_SHA384, TLS_ECDHE_ECDSA_WITH_AES_128_GCM_SHA256, TLS_ECDHE_RSA_WITH_AES_128_GCM_SHA256, TLS_ECDHE_RSA_WITH_AES_256_GCM_SHA384, TLS_ECDHE_RSA_WITH_AES_128_CBC_SHA, TLS_ECDHE_RSA_WITH_AES_256_CBC_SHA, TLS_RSA_WITH_AES_128_GCM_SHA256, TLS_RSA_WITH_AES_128_CBC_SHA, TLS_RSA_WITH_AES_256_CBC_SHA, TLS_AES_128_GCM_SHA256, TLS_AES_256_GCM_SHA384]
[DEBUG] 2023-05-07 12:51:31.284 [main] MultithreadEventLoopGroup:44--Dio.netty.eventLoopThreads: 16
[DEBUG] 2023-05-07 12:51:31.297 [main] NioEventLoop:106--Dio.netty.noKeySetOptimization: false
[DEBUG] 2023-05-07 12:51:31.297 [main] NioEventLoop:107--Dio.netty.selectorAutoRebuildThreshold: 512
[DEBUG] 2023-05-07 12:51:31.356 [main] PooledByteBufAllocator:155--Dio.netty.allocator.numHeapArenas: 16
[DEBUG] 2023-05-07 12:51:31.357 [main] PooledByteBufAllocator:156--Dio.netty.allocator.numDirectArenas: 16
[DEBUG] 2023-05-07 12:51:31.357 [main] PooledByteBufAllocator:158--Dio.netty.allocator.pageSize: 8192
[DEBUG] 2023-05-07 12:51:31.357 [main] PooledByteBufAllocator:163--Dio.netty.allocator.maxOrder: 11
[DEBUG] 2023-05-07 12:51:31.357 [main] PooledByteBufAllocator:167--Dio.netty.allocator.chunkSize: 16777216
[DEBUG] 2023-05-07 12:51:31.358 [main] PooledByteBufAllocator:168--Dio.netty.allocator.smallCacheSize: 256
[DEBUG] 2023-05-07 12:51:31.358 [main] PooledByteBufAllocator:169--Dio.netty.allocator.normalCacheSize: 64
[DEBUG] 2023-05-07 12:51:31.358 [main] PooledByteBufAllocator:170--Dio.netty.allocator.maxCachedBufferCapacity: 32768
[DEBUG] 2023-05-07 12:51:31.358 [main] PooledByteBufAllocator:171--Dio.netty.allocator.cacheTrimInterval: 8192
[DEBUG] 2023-05-07 12:51:31.359 [main] PooledByteBufAllocator:172--Dio.netty.allocator.cacheTrimIntervalMillis: 0
[DEBUG] 2023-05-07 12:51:31.359 [main] PooledByteBufAllocator:173--Dio.netty.allocator.useCacheForAllThreads: true
[DEBUG] 2023-05-07 12:51:31.359 [main] PooledByteBufAllocator:174--Dio.netty.allocator.maxCachedByteBuffersPerChunk: 1023
[DEBUG] 2023-05-07 12:51:31.374 [main] ByteBufUtil:87--Dio.netty.allocator.type: pooled
[DEBUG] 2023-05-07 12:51:31.374 [main] ByteBufUtil:96--Dio.netty.threadLocalDirectBufferSize: 0
[DEBUG] 2023-05-07 12:51:31.374 [main] ByteBufUtil:99--Dio.netty.maxThreadLocalCharBufferSize: 16384
[DEBUG] 2023-05-07 12:51:32.292 [Forwarding newSession on session null to remote] DefaultChannelId:79--Dio.netty.processId: 19160 (auto-detected)
[DEBUG] 2023-05-07 12:51:32.294 [Forwarding newSession on session null to remote] NetUtil:135--Djava.net.preferIPv4Stack: false
[DEBUG] 2023-05-07 12:51:32.296 [Forwarding newSession on session null to remote] NetUtil:136--Djava.net.preferIPv6Addresses: false
[DEBUG] 2023-05-07 12:51:32.811 [Forwarding newSession on session null to remote] NetUtilInitializations:129-Loopback interface: lo (Software Loopback Interface 1, 127.0.0.1)
[DEBUG] 2023-05-07 12:51:32.813 [Forwarding newSession on session null to remote] NetUtil:187-Failed to get SOMAXCONN from sysctl and file \proc\sys\net\core\somaxconn. Default: 200
[DEBUG] 2023-05-07 12:51:33.497 [Forwarding newSession on session null to remote] DefaultChannelId:101--Dio.netty.machineId: d0:c6:37:ff:fe:f7:a9:b8 (auto-detected)
[DEBUG] 2023-05-07 12:51:33.614 [AsyncHttpClient-1-2] AbstractByteBuf:63--Dio.netty.buffer.checkAccessible: true
[DEBUG] 2023-05-07 12:51:33.616 [AsyncHttpClient-1-2] AbstractByteBuf:64--Dio.netty.buffer.checkBounds: true
[DEBUG] 2023-05-07 12:51:33.616 [AsyncHttpClient-1-2] ResourceLeakDetectorFactory:196-Loaded default ResourceLeakDetector: io.netty.util.ResourceLeakDetector@4ea9128b
[DEBUG] 2023-05-07 12:51:33.680 [AsyncHttpClient-1-2] Recycler:103--Dio.netty.recycler.maxCapacityPerThread: 4096
[DEBUG] 2023-05-07 12:51:33.680 [AsyncHttpClient-1-2] Recycler:104--Dio.netty.recycler.maxSharedCapacityFactor: 2
[DEBUG] 2023-05-07 12:51:33.680 [AsyncHttpClient-1-2] Recycler:105--Dio.netty.recycler.linkCapacity: 16
[DEBUG] 2023-05-07 12:51:33.680 [AsyncHttpClient-1-2] Recycler:106--Dio.netty.recycler.ratio: 8
[DEBUG] 2023-05-07 12:51:33.680 [AsyncHttpClient-1-2] Recycler:107--Dio.netty.recycler.delayedQueue.ratio: 8
[DEBUG] 2023-05-07 12:51:34.506 [AsyncHttpClient-1-2] Brotli:38-brotli4j not in the classpath; Brotli support will be unavailable.
[DEBUG] 2023-05-07 12:51:34.843 [main] ThreadLocalRandom:214--Dio.netty.initialSeedUniquifier: 0xe284c3ec8a2d1eab
[INFO ] 2023-05-07 12:51:47.128 [main] BaseTest:59-search product: adidas shoes men
[INFO ] 2023-05-07 12:51:51.101 [main] BaseTest:71-Click button type Sneakers
[INFO ] 2023-05-07 12:51:52.274 [main] BaseTest:65-Set min price of filter: 40
[INFO ] 2023-05-07 12:51:55.531 [main] BaseTest:76-Click GO button in the filter
[INFO ] 2023-05-07 12:52:01.539 [main] BaseTest:51-Found 47 products
[DEBUG] 2023-05-07 13:00:06.705 [main] InternalLoggerFactory:76-Using Log4J2 as the default logging framework
[DEBUG] 2023-05-07 13:00:06.722 [main] ResourceLeakDetector:129--Dio.netty.leakDetection.level: simple
[DEBUG] 2023-05-07 13:00:06.722 [main] ResourceLeakDetector:130--Dio.netty.leakDetection.targetRecords: 4
[DEBUG] 2023-05-07 13:00:06.731 [main] ResourceLeakDetectorFactory:196-Loaded default ResourceLeakDetector: io.netty.util.ResourceLeakDetector@2160e52a
[DEBUG] 2023-05-07 13:00:06.770 [main] PlatformDependent0:460--Dio.netty.noUnsafe: false
[DEBUG] 2023-05-07 13:00:06.770 [main] PlatformDependent0:954-Java version: 11
[DEBUG] 2023-05-07 13:00:06.774 [main] PlatformDependent0:135-sun.misc.Unsafe.theUnsafe: available
[DEBUG] 2023-05-07 13:00:06.775 [main] PlatformDependent0:159-sun.misc.Unsafe.copyMemory: available
[DEBUG] 2023-05-07 13:00:06.776 [main] PlatformDependent0:202-java.nio.Buffer.address: available
[DEBUG] 2023-05-07 13:00:06.778 [main] PlatformDependent0:285-direct buffer constructor: unavailable: Reflective setAccessible(true) disabled
[DEBUG] 2023-05-07 13:00:06.780 [main] PlatformDependent0:350-java.nio.Bits.unaligned: available, true
[DEBUG] 2023-05-07 13:00:06.782 [main] PlatformDependent0:417-jdk.internal.misc.Unsafe.allocateUninitializedArray(int): unavailable: class io.netty.util.internal.PlatformDependent0$6 cannot access class jdk.internal.misc.Unsafe (in module java.base) because module java.base does not export jdk.internal.misc to unnamed module @5395ea39
[DEBUG] 2023-05-07 13:00:06.786 [main] PlatformDependent0:446-java.nio.DirectByteBuffer.<init>(long, int): unavailable
[DEBUG] 2023-05-07 13:00:06.786 [main] PlatformDependent:1103-sun.misc.Unsafe: available
[DEBUG] 2023-05-07 13:00:06.788 [main] PlatformDependent:1205-maxDirectMemory: 2109734912 bytes (maybe)
[DEBUG] 2023-05-07 13:00:06.788 [main] PlatformDependent:1224--Dio.netty.tmpdir: C:\Users\YURAKO~1.000\AppData\Local\Temp (java.io.tmpdir)
[DEBUG] 2023-05-07 13:00:06.789 [main] PlatformDependent:1303--Dio.netty.bitMode: 64 (sun.arch.data.model)
[DEBUG] 2023-05-07 13:00:06.790 [main] PlatformDependent:1063-Platform: Windows
[DEBUG] 2023-05-07 13:00:06.792 [main] PlatformDependent:178--Dio.netty.maxDirectMemory: -1 bytes
[DEBUG] 2023-05-07 13:00:06.792 [main] PlatformDependent:185--Dio.netty.uninitializedArrayAllocationThreshold: -1
[DEBUG] 2023-05-07 13:00:06.794 [main] CleanerJava9:71-java.nio.ByteBuffer.cleaner(): available
[DEBUG] 2023-05-07 13:00:06.795 [main] PlatformDependent:205--Dio.netty.noPreferDirect: false
[DEBUG] 2023-05-07 13:00:06.811 [main] PlatformDependent:967-org.jctools-core.MpscChunkedArrayQueue: available
[DEBUG] 2023-05-07 13:00:06.862 [main] InternalThreadLocalMap:83--Dio.netty.threadLocalMap.stringBuilder.initialSize: 1024
[DEBUG] 2023-05-07 13:00:06.862 [main] InternalThreadLocalMap:86--Dio.netty.threadLocalMap.stringBuilder.maxSize: 4096
[DEBUG] 2023-05-07 13:00:06.948 [main] JdkSslContext:97-Default protocols (JDK): [TLSv1.3, TLSv1.2] 
[DEBUG] 2023-05-07 13:00:06.949 [main] JdkSslContext:98-Default cipher suites (JDK): [TLS_ECDHE_ECDSA_WITH_AES_256_GCM_SHA384, TLS_ECDHE_ECDSA_WITH_AES_128_GCM_SHA256, TLS_ECDHE_RSA_WITH_AES_128_GCM_SHA256, TLS_ECDHE_RSA_WITH_AES_256_GCM_SHA384, TLS_ECDHE_RSA_WITH_AES_128_CBC_SHA, TLS_ECDHE_RSA_WITH_AES_256_CBC_SHA, TLS_RSA_WITH_AES_128_GCM_SHA256, TLS_RSA_WITH_AES_128_CBC_SHA, TLS_RSA_WITH_AES_256_CBC_SHA, TLS_AES_128_GCM_SHA256, TLS_AES_256_GCM_SHA384]
[DEBUG] 2023-05-07 13:00:07.016 [main] MultithreadEventLoopGroup:44--Dio.netty.eventLoopThreads: 16
[DEBUG] 2023-05-07 13:00:07.040 [main] NioEventLoop:106--Dio.netty.noKeySetOptimization: false
[DEBUG] 2023-05-07 13:00:07.041 [main] NioEventLoop:107--Dio.netty.selectorAutoRebuildThreshold: 512
[DEBUG] 2023-05-07 13:00:07.148 [main] PooledByteBufAllocator:155--Dio.netty.allocator.numHeapArenas: 16
[DEBUG] 2023-05-07 13:00:07.149 [main] PooledByteBufAllocator:156--Dio.netty.allocator.numDirectArenas: 16
[DEBUG] 2023-05-07 13:00:07.149 [main] PooledByteBufAllocator:158--Dio.netty.allocator.pageSize: 8192
[DEBUG] 2023-05-07 13:00:07.149 [main] PooledByteBufAllocator:163--Dio.netty.allocator.maxOrder: 11
[DEBUG] 2023-05-07 13:00:07.150 [main] PooledByteBufAllocator:167--Dio.netty.allocator.chunkSize: 16777216
[DEBUG] 2023-05-07 13:00:07.150 [main] PooledByteBufAllocator:168--Dio.netty.allocator.smallCacheSize: 256
[DEBUG] 2023-05-07 13:00:07.150 [main] PooledByteBufAllocator:169--Dio.netty.allocator.normalCacheSize: 64
[DEBUG] 2023-05-07 13:00:07.151 [main] PooledByteBufAllocator:170--Dio.netty.allocator.maxCachedBufferCapacity: 32768
[DEBUG] 2023-05-07 13:00:07.151 [main] PooledByteBufAllocator:171--Dio.netty.allocator.cacheTrimInterval: 8192
[DEBUG] 2023-05-07 13:00:07.151 [main] PooledByteBufAllocator:172--Dio.netty.allocator.cacheTrimIntervalMillis: 0
[DEBUG] 2023-05-07 13:00:07.152 [main] PooledByteBufAllocator:173--Dio.netty.allocator.useCacheForAllThreads: true
[DEBUG] 2023-05-07 13:00:07.152 [main] PooledByteBufAllocator:174--Dio.netty.allocator.maxCachedByteBuffersPerChunk: 1023
[DEBUG] 2023-05-07 13:00:07.180 [main] ByteBufUtil:87--Dio.netty.allocator.type: pooled
[DEBUG] 2023-05-07 13:00:07.180 [main] ByteBufUtil:96--Dio.netty.threadLocalDirectBufferSize: 0
[DEBUG] 2023-05-07 13:00:07.180 [main] ByteBufUtil:99--Dio.netty.maxThreadLocalCharBufferSize: 16384
[DEBUG] 2023-05-07 13:00:08.303 [Forwarding newSession on session null to remote] DefaultChannelId:79--Dio.netty.processId: 17384 (auto-detected)
[DEBUG] 2023-05-07 13:00:08.306 [Forwarding newSession on session null to remote] NetUtil:135--Djava.net.preferIPv4Stack: false
[DEBUG] 2023-05-07 13:00:08.307 [Forwarding newSession on session null to remote] NetUtil:136--Djava.net.preferIPv6Addresses: false
[DEBUG] 2023-05-07 13:00:08.639 [Forwarding newSession on session null to remote] NetUtilInitializations:129-Loopback interface: lo (Software Loopback Interface 1, 127.0.0.1)
[DEBUG] 2023-05-07 13:00:08.646 [Forwarding newSession on session null to remote] NetUtil:187-Failed to get SOMAXCONN from sysctl and file \proc\sys\net\core\somaxconn. Default: 200
[DEBUG] 2023-05-07 13:00:09.250 [Forwarding newSession on session null to remote] DefaultChannelId:101--Dio.netty.machineId: d0:c6:37:ff:fe:f7:a9:b8 (auto-detected)
[DEBUG] 2023-05-07 13:00:09.414 [AsyncHttpClient-1-2] AbstractByteBuf:63--Dio.netty.buffer.checkAccessible: true
[DEBUG] 2023-05-07 13:00:09.416 [AsyncHttpClient-1-2] AbstractByteBuf:64--Dio.netty.buffer.checkBounds: true
[DEBUG] 2023-05-07 13:00:09.416 [AsyncHttpClient-1-2] ResourceLeakDetectorFactory:196-Loaded default ResourceLeakDetector: io.netty.util.ResourceLeakDetector@375d3949
[DEBUG] 2023-05-07 13:00:09.468 [AsyncHttpClient-1-2] Recycler:103--Dio.netty.recycler.maxCapacityPerThread: 4096
[DEBUG] 2023-05-07 13:00:09.469 [AsyncHttpClient-1-2] Recycler:104--Dio.netty.recycler.maxSharedCapacityFactor: 2
[DEBUG] 2023-05-07 13:00:09.469 [AsyncHttpClient-1-2] Recycler:105--Dio.netty.recycler.linkCapacity: 16
[DEBUG] 2023-05-07 13:00:09.469 [AsyncHttpClient-1-2] Recycler:106--Dio.netty.recycler.ratio: 8
[DEBUG] 2023-05-07 13:00:09.469 [AsyncHttpClient-1-2] Recycler:107--Dio.netty.recycler.delayedQueue.ratio: 8
[DEBUG] 2023-05-07 13:00:10.654 [AsyncHttpClient-1-2] Brotli:38-brotli4j not in the classpath; Brotli support will be unavailable.
[DEBUG] 2023-05-07 13:00:11.005 [main] ThreadLocalRandom:214--Dio.netty.initialSeedUniquifier: 0x533d13a2f3c5e952
[INFO ] 2023-05-07 13:00:20.573 [main] BaseTest:59-search product: adidas shoes men
[INFO ] 2023-05-07 13:00:25.098 [main] BaseTest:71-Click button type Sneakers
[INFO ] 2023-05-07 13:00:25.641 [main] BaseTest:65-Set min price of filter: 40
[INFO ] 2023-05-07 13:00:30.605 [main] BaseTest:76-Click GO button in the filter
[INFO ] 2023-05-07 13:00:36.758 [main] BaseTest:51-Found 47 products
[DEBUG] 2023-05-07 13:17:23.234 [main] InternalLoggerFactory:76-Using Log4J2 as the default logging framework
[DEBUG] 2023-05-07 13:17:23.243 [main] ResourceLeakDetector:129--Dio.netty.leakDetection.level: simple
[DEBUG] 2023-05-07 13:17:23.243 [main] ResourceLeakDetector:130--Dio.netty.leakDetection.targetRecords: 4
[DEBUG] 2023-05-07 13:17:23.248 [main] ResourceLeakDetectorFactory:196-Loaded default ResourceLeakDetector: io.netty.util.ResourceLeakDetector@757529a4
[DEBUG] 2023-05-07 13:17:23.268 [main] PlatformDependent0:460--Dio.netty.noUnsafe: false
[DEBUG] 2023-05-07 13:17:23.268 [main] PlatformDependent0:954-Java version: 11
[DEBUG] 2023-05-07 13:17:23.270 [main] PlatformDependent0:135-sun.misc.Unsafe.theUnsafe: available
[DEBUG] 2023-05-07 13:17:23.271 [main] PlatformDependent0:159-sun.misc.Unsafe.copyMemory: available
[DEBUG] 2023-05-07 13:17:23.272 [main] PlatformDependent0:202-java.nio.Buffer.address: available
[DEBUG] 2023-05-07 13:17:23.273 [main] PlatformDependent0:285-direct buffer constructor: unavailable: Reflective setAccessible(true) disabled
[DEBUG] 2023-05-07 13:17:23.274 [main] PlatformDependent0:350-java.nio.Bits.unaligned: available, true
[DEBUG] 2023-05-07 13:17:23.275 [main] PlatformDependent0:417-jdk.internal.misc.Unsafe.allocateUninitializedArray(int): unavailable: class io.netty.util.internal.PlatformDependent0$6 cannot access class jdk.internal.misc.Unsafe (in module java.base) because module java.base does not export jdk.internal.misc to unnamed module @6d367020
[DEBUG] 2023-05-07 13:17:23.277 [main] PlatformDependent0:446-java.nio.DirectByteBuffer.<init>(long, int): unavailable
[DEBUG] 2023-05-07 13:17:23.277 [main] PlatformDependent:1103-sun.misc.Unsafe: available
[DEBUG] 2023-05-07 13:17:23.278 [main] PlatformDependent:1205-maxDirectMemory: 2109734912 bytes (maybe)
[DEBUG] 2023-05-07 13:17:23.279 [main] PlatformDependent:1224--Dio.netty.tmpdir: C:\Users\YURAKO~1.000\AppData\Local\Temp (java.io.tmpdir)
[DEBUG] 2023-05-07 13:17:23.279 [main] PlatformDependent:1303--Dio.netty.bitMode: 64 (sun.arch.data.model)
[DEBUG] 2023-05-07 13:17:23.280 [main] PlatformDependent:1063-Platform: Windows
[DEBUG] 2023-05-07 13:17:23.281 [main] PlatformDependent:178--Dio.netty.maxDirectMemory: -1 bytes
[DEBUG] 2023-05-07 13:17:23.282 [main] PlatformDependent:185--Dio.netty.uninitializedArrayAllocationThreshold: -1
[DEBUG] 2023-05-07 13:17:23.283 [main] CleanerJava9:71-java.nio.ByteBuffer.cleaner(): available
[DEBUG] 2023-05-07 13:17:23.283 [main] PlatformDependent:205--Dio.netty.noPreferDirect: false
[DEBUG] 2023-05-07 13:17:23.291 [main] PlatformDependent:967-org.jctools-core.MpscChunkedArrayQueue: available
[DEBUG] 2023-05-07 13:17:23.319 [main] InternalThreadLocalMap:83--Dio.netty.threadLocalMap.stringBuilder.initialSize: 1024
[DEBUG] 2023-05-07 13:17:23.319 [main] InternalThreadLocalMap:86--Dio.netty.threadLocalMap.stringBuilder.maxSize: 4096
[DEBUG] 2023-05-07 13:17:23.359 [main] JdkSslContext:97-Default protocols (JDK): [TLSv1.3, TLSv1.2] 
[DEBUG] 2023-05-07 13:17:23.359 [main] JdkSslContext:98-Default cipher suites (JDK): [TLS_ECDHE_ECDSA_WITH_AES_256_GCM_SHA384, TLS_ECDHE_ECDSA_WITH_AES_128_GCM_SHA256, TLS_ECDHE_RSA_WITH_AES_128_GCM_SHA256, TLS_ECDHE_RSA_WITH_AES_256_GCM_SHA384, TLS_ECDHE_RSA_WITH_AES_128_CBC_SHA, TLS_ECDHE_RSA_WITH_AES_256_CBC_SHA, TLS_RSA_WITH_AES_128_GCM_SHA256, TLS_RSA_WITH_AES_128_CBC_SHA, TLS_RSA_WITH_AES_256_CBC_SHA, TLS_AES_128_GCM_SHA256, TLS_AES_256_GCM_SHA384]
[DEBUG] 2023-05-07 13:17:23.389 [main] MultithreadEventLoopGroup:44--Dio.netty.eventLoopThreads: 16
[DEBUG] 2023-05-07 13:17:23.398 [main] NioEventLoop:106--Dio.netty.noKeySetOptimization: false
[DEBUG] 2023-05-07 13:17:23.398 [main] NioEventLoop:107--Dio.netty.selectorAutoRebuildThreshold: 512
[DEBUG] 2023-05-07 13:17:23.453 [main] PooledByteBufAllocator:155--Dio.netty.allocator.numHeapArenas: 16
[DEBUG] 2023-05-07 13:17:23.454 [main] PooledByteBufAllocator:156--Dio.netty.allocator.numDirectArenas: 16
[DEBUG] 2023-05-07 13:17:23.454 [main] PooledByteBufAllocator:158--Dio.netty.allocator.pageSize: 8192
[DEBUG] 2023-05-07 13:17:23.454 [main] PooledByteBufAllocator:163--Dio.netty.allocator.maxOrder: 11
[DEBUG] 2023-05-07 13:17:23.454 [main] PooledByteBufAllocator:167--Dio.netty.allocator.chunkSize: 16777216
[DEBUG] 2023-05-07 13:17:23.454 [main] PooledByteBufAllocator:168--Dio.netty.allocator.smallCacheSize: 256
[DEBUG] 2023-05-07 13:17:23.455 [main] PooledByteBufAllocator:169--Dio.netty.allocator.normalCacheSize: 64
[DEBUG] 2023-05-07 13:17:23.455 [main] PooledByteBufAllocator:170--Dio.netty.allocator.maxCachedBufferCapacity: 32768
[DEBUG] 2023-05-07 13:17:23.455 [main] PooledByteBufAllocator:171--Dio.netty.allocator.cacheTrimInterval: 8192
[DEBUG] 2023-05-07 13:17:23.456 [main] PooledByteBufAllocator:172--Dio.netty.allocator.cacheTrimIntervalMillis: 0
[DEBUG] 2023-05-07 13:17:23.456 [main] PooledByteBufAllocator:173--Dio.netty.allocator.useCacheForAllThreads: true
[DEBUG] 2023-05-07 13:17:23.456 [main] PooledByteBufAllocator:174--Dio.netty.allocator.maxCachedByteBuffersPerChunk: 1023
[DEBUG] 2023-05-07 13:17:23.473 [main] ByteBufUtil:87--Dio.netty.allocator.type: pooled
[DEBUG] 2023-05-07 13:17:23.474 [main] ByteBufUtil:96--Dio.netty.threadLocalDirectBufferSize: 0
[DEBUG] 2023-05-07 13:17:23.474 [main] ByteBufUtil:99--Dio.netty.maxThreadLocalCharBufferSize: 16384
[DEBUG] 2023-05-07 13:17:24.410 [Forwarding newSession on session null to remote] DefaultChannelId:79--Dio.netty.processId: 8484 (auto-detected)
[DEBUG] 2023-05-07 13:17:24.413 [Forwarding newSession on session null to remote] NetUtil:135--Djava.net.preferIPv4Stack: false
[DEBUG] 2023-05-07 13:17:24.414 [Forwarding newSession on session null to remote] NetUtil:136--Djava.net.preferIPv6Addresses: false
[DEBUG] 2023-05-07 13:17:24.662 [Forwarding newSession on session null to remote] NetUtilInitializations:129-Loopback interface: lo (Software Loopback Interface 1, 127.0.0.1)
[DEBUG] 2023-05-07 13:17:24.671 [Forwarding newSession on session null to remote] NetUtil:187-Failed to get SOMAXCONN from sysctl and file \proc\sys\net\core\somaxconn. Default: 200
[DEBUG] 2023-05-07 13:17:25.006 [Forwarding newSession on session null to remote] DefaultChannelId:101--Dio.netty.machineId: d0:c6:37:ff:fe:f7:a9:b8 (auto-detected)
[DEBUG] 2023-05-07 13:17:25.070 [AsyncHttpClient-1-2] AbstractByteBuf:63--Dio.netty.buffer.checkAccessible: true
[DEBUG] 2023-05-07 13:17:25.072 [AsyncHttpClient-1-2] AbstractByteBuf:64--Dio.netty.buffer.checkBounds: true
[DEBUG] 2023-05-07 13:17:25.072 [AsyncHttpClient-1-2] ResourceLeakDetectorFactory:196-Loaded default ResourceLeakDetector: io.netty.util.ResourceLeakDetector@3724a72b
[DEBUG] 2023-05-07 13:17:25.107 [AsyncHttpClient-1-2] Recycler:103--Dio.netty.recycler.maxCapacityPerThread: 4096
[DEBUG] 2023-05-07 13:17:25.107 [AsyncHttpClient-1-2] Recycler:104--Dio.netty.recycler.maxSharedCapacityFactor: 2
[DEBUG] 2023-05-07 13:17:25.108 [AsyncHttpClient-1-2] Recycler:105--Dio.netty.recycler.linkCapacity: 16
[DEBUG] 2023-05-07 13:17:25.108 [AsyncHttpClient-1-2] Recycler:106--Dio.netty.recycler.ratio: 8
[DEBUG] 2023-05-07 13:17:25.108 [AsyncHttpClient-1-2] Recycler:107--Dio.netty.recycler.delayedQueue.ratio: 8
[DEBUG] 2023-05-07 13:17:25.981 [AsyncHttpClient-1-2] Brotli:38-brotli4j not in the classpath; Brotli support will be unavailable.
[DEBUG] 2023-05-07 13:17:26.190 [main] ThreadLocalRandom:214--Dio.netty.initialSeedUniquifier: 0x6c36a34725da1efc
[INFO ] 2023-05-07 13:17:35.049 [main] BaseTest:57-search product: adidas shoes men
[INFO ] 2023-05-07 13:17:38.053 [main] BaseTest:69-Click button type Sneakers
[INFO ] 2023-05-07 13:17:38.290 [main] BaseTest:63-Set min price of filter: 40
[INFO ] 2023-05-07 13:17:41.134 [main] BaseTest:74-Click GO button in the filter
[INFO ] 2023-05-07 13:17:44.295 [main] BaseTest:49-Found 47 products
[DEBUG] 2023-05-07 13:28:37.671 [main] InternalLoggerFactory:76-Using Log4J2 as the default logging framework
[DEBUG] 2023-05-07 13:28:37.679 [main] ResourceLeakDetector:129--Dio.netty.leakDetection.level: simple
[DEBUG] 2023-05-07 13:28:37.679 [main] ResourceLeakDetector:130--Dio.netty.leakDetection.targetRecords: 4
[DEBUG] 2023-05-07 13:28:37.684 [main] ResourceLeakDetectorFactory:196-Loaded default ResourceLeakDetector: io.netty.util.ResourceLeakDetector@69c6161d
[DEBUG] 2023-05-07 13:28:37.702 [main] PlatformDependent0:460--Dio.netty.noUnsafe: false
[DEBUG] 2023-05-07 13:28:37.702 [main] PlatformDependent0:954-Java version: 11
[DEBUG] 2023-05-07 13:28:37.704 [main] PlatformDependent0:135-sun.misc.Unsafe.theUnsafe: available
[DEBUG] 2023-05-07 13:28:37.705 [main] PlatformDependent0:159-sun.misc.Unsafe.copyMemory: available
[DEBUG] 2023-05-07 13:28:37.705 [main] PlatformDependent0:202-java.nio.Buffer.address: available
[DEBUG] 2023-05-07 13:28:37.706 [main] PlatformDependent0:285-direct buffer constructor: unavailable: Reflective setAccessible(true) disabled
[DEBUG] 2023-05-07 13:28:37.707 [main] PlatformDependent0:350-java.nio.Bits.unaligned: available, true
[DEBUG] 2023-05-07 13:28:37.708 [main] PlatformDependent0:417-jdk.internal.misc.Unsafe.allocateUninitializedArray(int): unavailable: class io.netty.util.internal.PlatformDependent0$6 cannot access class jdk.internal.misc.Unsafe (in module java.base) because module java.base does not export jdk.internal.misc to unnamed module @2e3a5237
[DEBUG] 2023-05-07 13:28:37.709 [main] PlatformDependent0:446-java.nio.DirectByteBuffer.<init>(long, int): unavailable
[DEBUG] 2023-05-07 13:28:37.710 [main] PlatformDependent:1103-sun.misc.Unsafe: available
[DEBUG] 2023-05-07 13:28:37.710 [main] PlatformDependent:1205-maxDirectMemory: 2109734912 bytes (maybe)
[DEBUG] 2023-05-07 13:28:37.711 [main] PlatformDependent:1224--Dio.netty.tmpdir: C:\Users\YURAKO~1.000\AppData\Local\Temp (java.io.tmpdir)
[DEBUG] 2023-05-07 13:28:37.711 [main] PlatformDependent:1303--Dio.netty.bitMode: 64 (sun.arch.data.model)
[DEBUG] 2023-05-07 13:28:37.712 [main] PlatformDependent:1063-Platform: Windows
[DEBUG] 2023-05-07 13:28:37.712 [main] PlatformDependent:178--Dio.netty.maxDirectMemory: -1 bytes
[DEBUG] 2023-05-07 13:28:37.713 [main] PlatformDependent:185--Dio.netty.uninitializedArrayAllocationThreshold: -1
[DEBUG] 2023-05-07 13:28:37.714 [main] CleanerJava9:71-java.nio.ByteBuffer.cleaner(): available
[DEBUG] 2023-05-07 13:28:37.714 [main] PlatformDependent:205--Dio.netty.noPreferDirect: false
[DEBUG] 2023-05-07 13:28:37.724 [main] PlatformDependent:967-org.jctools-core.MpscChunkedArrayQueue: available
[DEBUG] 2023-05-07 13:28:37.748 [main] InternalThreadLocalMap:83--Dio.netty.threadLocalMap.stringBuilder.initialSize: 1024
[DEBUG] 2023-05-07 13:28:37.748 [main] InternalThreadLocalMap:86--Dio.netty.threadLocalMap.stringBuilder.maxSize: 4096
[DEBUG] 2023-05-07 13:28:37.793 [main] JdkSslContext:97-Default protocols (JDK): [TLSv1.3, TLSv1.2] 
[DEBUG] 2023-05-07 13:28:37.793 [main] JdkSslContext:98-Default cipher suites (JDK): [TLS_ECDHE_ECDSA_WITH_AES_256_GCM_SHA384, TLS_ECDHE_ECDSA_WITH_AES_128_GCM_SHA256, TLS_ECDHE_RSA_WITH_AES_128_GCM_SHA256, TLS_ECDHE_RSA_WITH_AES_256_GCM_SHA384, TLS_ECDHE_RSA_WITH_AES_128_CBC_SHA, TLS_ECDHE_RSA_WITH_AES_256_CBC_SHA, TLS_RSA_WITH_AES_128_GCM_SHA256, TLS_RSA_WITH_AES_128_CBC_SHA, TLS_RSA_WITH_AES_256_CBC_SHA, TLS_AES_128_GCM_SHA256, TLS_AES_256_GCM_SHA384]
[DEBUG] 2023-05-07 13:28:37.819 [main] MultithreadEventLoopGroup:44--Dio.netty.eventLoopThreads: 16
[DEBUG] 2023-05-07 13:28:37.828 [main] NioEventLoop:106--Dio.netty.noKeySetOptimization: false
[DEBUG] 2023-05-07 13:28:37.828 [main] NioEventLoop:107--Dio.netty.selectorAutoRebuildThreshold: 512
[DEBUG] 2023-05-07 13:28:37.870 [main] PooledByteBufAllocator:155--Dio.netty.allocator.numHeapArenas: 16
[DEBUG] 2023-05-07 13:28:37.870 [main] PooledByteBufAllocator:156--Dio.netty.allocator.numDirectArenas: 16
[DEBUG] 2023-05-07 13:28:37.871 [main] PooledByteBufAllocator:158--Dio.netty.allocator.pageSize: 8192
[DEBUG] 2023-05-07 13:28:37.871 [main] PooledByteBufAllocator:163--Dio.netty.allocator.maxOrder: 11
[DEBUG] 2023-05-07 13:28:37.871 [main] PooledByteBufAllocator:167--Dio.netty.allocator.chunkSize: 16777216
[DEBUG] 2023-05-07 13:28:37.871 [main] PooledByteBufAllocator:168--Dio.netty.allocator.smallCacheSize: 256
[DEBUG] 2023-05-07 13:28:37.871 [main] PooledByteBufAllocator:169--Dio.netty.allocator.normalCacheSize: 64
[DEBUG] 2023-05-07 13:28:37.871 [main] PooledByteBufAllocator:170--Dio.netty.allocator.maxCachedBufferCapacity: 32768
[DEBUG] 2023-05-07 13:28:37.872 [main] PooledByteBufAllocator:171--Dio.netty.allocator.cacheTrimInterval: 8192
[DEBUG] 2023-05-07 13:28:37.872 [main] PooledByteBufAllocator:172--Dio.netty.allocator.cacheTrimIntervalMillis: 0
[DEBUG] 2023-05-07 13:28:37.872 [main] PooledByteBufAllocator:173--Dio.netty.allocator.useCacheForAllThreads: true
[DEBUG] 2023-05-07 13:28:37.872 [main] PooledByteBufAllocator:174--Dio.netty.allocator.maxCachedByteBuffersPerChunk: 1023
[DEBUG] 2023-05-07 13:28:37.883 [main] ByteBufUtil:87--Dio.netty.allocator.type: pooled
[DEBUG] 2023-05-07 13:28:37.883 [main] ByteBufUtil:96--Dio.netty.threadLocalDirectBufferSize: 0
[DEBUG] 2023-05-07 13:28:37.883 [main] ByteBufUtil:99--Dio.netty.maxThreadLocalCharBufferSize: 16384
[DEBUG] 2023-05-07 13:28:38.706 [Forwarding newSession on session null to remote] DefaultChannelId:79--Dio.netty.processId: 11944 (auto-detected)
[DEBUG] 2023-05-07 13:28:38.708 [Forwarding newSession on session null to remote] NetUtil:135--Djava.net.preferIPv4Stack: false
[DEBUG] 2023-05-07 13:28:38.708 [Forwarding newSession on session null to remote] NetUtil:136--Djava.net.preferIPv6Addresses: false
[DEBUG] 2023-05-07 13:28:38.933 [Forwarding newSession on session null to remote] NetUtilInitializations:129-Loopback interface: lo (Software Loopback Interface 1, 127.0.0.1)
[DEBUG] 2023-05-07 13:28:38.934 [Forwarding newSession on session null to remote] NetUtil:187-Failed to get SOMAXCONN from sysctl and file \proc\sys\net\core\somaxconn. Default: 200
[DEBUG] 2023-05-07 13:28:39.164 [Forwarding newSession on session null to remote] DefaultChannelId:101--Dio.netty.machineId: d0:c6:37:ff:fe:f7:a9:b8 (auto-detected)
[DEBUG] 2023-05-07 13:28:39.204 [AsyncHttpClient-1-2] AbstractByteBuf:63--Dio.netty.buffer.checkAccessible: true
[DEBUG] 2023-05-07 13:28:39.205 [AsyncHttpClient-1-2] AbstractByteBuf:64--Dio.netty.buffer.checkBounds: true
[DEBUG] 2023-05-07 13:28:39.205 [AsyncHttpClient-1-2] ResourceLeakDetectorFactory:196-Loaded default ResourceLeakDetector: io.netty.util.ResourceLeakDetector@445352cb
[DEBUG] 2023-05-07 13:28:39.237 [AsyncHttpClient-1-2] Recycler:103--Dio.netty.recycler.maxCapacityPerThread: 4096
[DEBUG] 2023-05-07 13:28:39.237 [AsyncHttpClient-1-2] Recycler:104--Dio.netty.recycler.maxSharedCapacityFactor: 2
[DEBUG] 2023-05-07 13:28:39.237 [AsyncHttpClient-1-2] Recycler:105--Dio.netty.recycler.linkCapacity: 16
[DEBUG] 2023-05-07 13:28:39.237 [AsyncHttpClient-1-2] Recycler:106--Dio.netty.recycler.ratio: 8
[DEBUG] 2023-05-07 13:28:39.237 [AsyncHttpClient-1-2] Recycler:107--Dio.netty.recycler.delayedQueue.ratio: 8
[DEBUG] 2023-05-07 13:28:40.139 [AsyncHttpClient-1-2] Brotli:38-brotli4j not in the classpath; Brotli support will be unavailable.
[DEBUG] 2023-05-07 13:28:40.395 [main] ThreadLocalRandom:214--Dio.netty.initialSeedUniquifier: 0xc20852de0d597d38
[INFO ] 2023-05-07 13:28:51.014 [main] BaseTest:57-search product: adidas shoes men
[INFO ] 2023-05-07 13:28:53.799 [main] BaseTest:69-Click button type Sneakers
[INFO ] 2023-05-07 13:28:54.782 [main] BaseTest:63-Set min price of filter: 40
[INFO ] 2023-05-07 13:28:58.790 [main] BaseTest:74-Click GO button in the filter
[INFO ] 2023-05-07 13:29:01.629 [main] BaseTest:49-Found 47 products
